../Core/Src/miim_library.c:36:6:delay_us	16	static
../Core/Src/miim_library.c:47:13:GPIO_SET_MDIO_MODE_INPUT	24	static
../Core/Src/miim_library.c:71:13:GPIO_SET_MDIO_MDC_MODE_INPUT	24	static
../Core/Src/miim_library.c:93:13:GPIO_SET_MODE_NORMAL	24	static
../Core/Src/miim_library.c:111:6:_MIIM_DRIVER_CLOCK_PULSE	8	static
../Core/Src/miim_library.c:124:6:_MIIM_DRIVER_START	16	static
../Core/Src/miim_library.c:144:6:_MIIM_DRIVER_OP_CODE_READ	8	static
../Core/Src/miim_library.c:157:6:_MIIM_DRIVER_OP_CODE_WRITE	8	static
../Core/Src/miim_library.c:172:6:_MIIM_DRIVER_PHY_REG_OUTPUT	24	static
../Core/Src/miim_library.c:192:6:_MIIM_DRIVER_TA_WRITE	8	static
../Core/Src/miim_library.c:202:6:_MIIM_DRIVER_TA_READ	8	static
../Core/Src/miim_library.c:217:6:_MIIM_DRIVER_WRITE_DATA	24	static
../Core/Src/miim_library.c:235:10:_MIIM_DRIVER_READ_DATA	16	static
../Core/Src/miim_library.c:259:6:MIIM_DRIVER_WRITE	16	static
../Core/Src/miim_library.c:274:10:MIIM_DRIVER_READ	16	static
