../Core/Src/PMB_comm.c:41:6:PMB_Comm_Init	8	static
../Core/Src/PMB_comm.c:59:6:PMB_UART_RxCpltCallback	16	static
../Core/Src/PMB_comm.c:88:6:PMB_UART_ErrorCallback	0	static
../Core/Src/PMB_comm.c:97:6:PMB_Comm_SendJSON	24	static
../Core/Src/PMB_comm.c:125:6:PMB_Comm_RequestSystemIdentification	8	static
../Core/Src/PMB_comm.c:135:6:PMB_Comm_RequestSystemStatus	16	static
../Core/Src/PMB_comm.c:145:6:PMB_Comm_ConfigureDCSwitch	32	static
../Core/Src/PMB_comm.c:163:6:PMB_Comm_ConfigureACSwitch	32	static
../Core/Src/PMB_comm.c:177:6:PMB_Comm_ActivateCLI	0	static
../Core/Src/PMB_comm.c:203:6:PMB_Comm_ProcessReceivedData	64	static
../Core/Src/PMB_comm.c:183:6:PMB_Comm_Task	2056	static
../Core/Src/PMB_comm.c:468:20:PMB_GetLatestSystemStatus	16	static
