Archive member included to satisfy reference by file (symbol)

C:/ST/STM32CubeIDE_1.15.0/STM32CubeIDE/plugins/com.st.stm32cube.ide.mcu.externaltools.gnu-tools-for-stm32.12.3.rel1.win32_1.1.0.202410251130/tools/bin/../lib/gcc/arm-none-eabi/12.3.1/../../../../arm-none-eabi/lib/thumb/v7e-m+dp/hard\libc_nano.a(libc_a-atoi.o)
                              ./Core/Src/MQTTTopic.o (atoi)
C:/ST/STM32CubeIDE_1.15.0/STM32CubeIDE/plugins/com.st.stm32cube.ide.mcu.externaltools.gnu-tools-for-stm32.12.3.rel1.win32_1.1.0.202410251130/tools/bin/../lib/gcc/arm-none-eabi/12.3.1/../../../../arm-none-eabi/lib/thumb/v7e-m+dp/hard\libc_nano.a(libc_a-exit.o)
                              C:/ST/STM32CubeIDE_1.15.0/STM32CubeIDE/plugins/com.st.stm32cube.ide.mcu.externaltools.gnu-tools-for-stm32.12.3.rel1.win32_1.1.0.202410251130/tools/bin/../lib/gcc/arm-none-eabi/12.3.1/../../../../arm-none-eabi/lib/thumb/v7e-m+dp/hard/crt0.o (exit)
C:/ST/STM32CubeIDE_1.15.0/STM32CubeIDE/plugins/com.st.stm32cube.ide.mcu.externaltools.gnu-tools-for-stm32.12.3.rel1.win32_1.1.0.202410251130/tools/bin/../lib/gcc/arm-none-eabi/12.3.1/../../../../arm-none-eabi/lib/thumb/v7e-m+dp/hard\libc_nano.a(libc_a-malloc.o)
                              ./Core/Src/cJSON.o (malloc)
C:/ST/STM32CubeIDE_1.15.0/STM32CubeIDE/plugins/com.st.stm32cube.ide.mcu.externaltools.gnu-tools-for-stm32.12.3.rel1.win32_1.1.0.202410251130/tools/bin/../lib/gcc/arm-none-eabi/12.3.1/../../../../arm-none-eabi/lib/thumb/v7e-m+dp/hard\libc_nano.a(libc_a-mallocr.o)
                              C:/ST/STM32CubeIDE_1.15.0/STM32CubeIDE/plugins/com.st.stm32cube.ide.mcu.externaltools.gnu-tools-for-stm32.12.3.rel1.win32_1.1.0.202410251130/tools/bin/../lib/gcc/arm-none-eabi/12.3.1/../../../../arm-none-eabi/lib/thumb/v7e-m+dp/hard\libc_nano.a(libc_a-malloc.o) (_malloc_r)
C:/ST/STM32CubeIDE_1.15.0/STM32CubeIDE/plugins/com.st.stm32cube.ide.mcu.externaltools.gnu-tools-for-stm32.12.3.rel1.win32_1.1.0.202410251130/tools/bin/../lib/gcc/arm-none-eabi/12.3.1/../../../../arm-none-eabi/lib/thumb/v7e-m+dp/hard\libc_nano.a(libc_a-mlock.o)
                              C:/ST/STM32CubeIDE_1.15.0/STM32CubeIDE/plugins/com.st.stm32cube.ide.mcu.externaltools.gnu-tools-for-stm32.12.3.rel1.win32_1.1.0.202410251130/tools/bin/../lib/gcc/arm-none-eabi/12.3.1/../../../../arm-none-eabi/lib/thumb/v7e-m+dp/hard\libc_nano.a(libc_a-mallocr.o) (__malloc_lock)
C:/ST/STM32CubeIDE_1.15.0/STM32CubeIDE/plugins/com.st.stm32cube.ide.mcu.externaltools.gnu-tools-for-stm32.12.3.rel1.win32_1.1.0.202410251130/tools/bin/../lib/gcc/arm-none-eabi/12.3.1/../../../../arm-none-eabi/lib/thumb/v7e-m+dp/hard\libc_nano.a(libc_a-rand.o)
                              ./Middlewares/Third_Party/LwIP/tcp.o (rand)
C:/ST/STM32CubeIDE_1.15.0/STM32CubeIDE/plugins/com.st.stm32cube.ide.mcu.externaltools.gnu-tools-for-stm32.12.3.rel1.win32_1.1.0.202410251130/tools/bin/../lib/gcc/arm-none-eabi/12.3.1/../../../../arm-none-eabi/lib/thumb/v7e-m+dp/hard\libc_nano.a(libc_a-realloc.o)
                              ./Core/Src/cJSON.o (realloc)
C:/ST/STM32CubeIDE_1.15.0/STM32CubeIDE/plugins/com.st.stm32cube.ide.mcu.externaltools.gnu-tools-for-stm32.12.3.rel1.win32_1.1.0.202410251130/tools/bin/../lib/gcc/arm-none-eabi/12.3.1/../../../../arm-none-eabi/lib/thumb/v7e-m+dp/hard\libc_nano.a(libc_a-reallocr.o)
                              C:/ST/STM32CubeIDE_1.15.0/STM32CubeIDE/plugins/com.st.stm32cube.ide.mcu.externaltools.gnu-tools-for-stm32.12.3.rel1.win32_1.1.0.202410251130/tools/bin/../lib/gcc/arm-none-eabi/12.3.1/../../../../arm-none-eabi/lib/thumb/v7e-m+dp/hard\libc_nano.a(libc_a-realloc.o) (_realloc_r)
C:/ST/STM32CubeIDE_1.15.0/STM32CubeIDE/plugins/com.st.stm32cube.ide.mcu.externaltools.gnu-tools-for-stm32.12.3.rel1.win32_1.1.0.202410251130/tools/bin/../lib/gcc/arm-none-eabi/12.3.1/../../../../arm-none-eabi/lib/thumb/v7e-m+dp/hard\libc_nano.a(libc_a-strtod.o)
                              ./Core/Src/cJSON.o (strtod)
C:/ST/STM32CubeIDE_1.15.0/STM32CubeIDE/plugins/com.st.stm32cube.ide.mcu.externaltools.gnu-tools-for-stm32.12.3.rel1.win32_1.1.0.202410251130/tools/bin/../lib/gcc/arm-none-eabi/12.3.1/../../../../arm-none-eabi/lib/thumb/v7e-m+dp/hard\libc_nano.a(libc_a-strtol.o)
                              C:/ST/STM32CubeIDE_1.15.0/STM32CubeIDE/plugins/com.st.stm32cube.ide.mcu.externaltools.gnu-tools-for-stm32.12.3.rel1.win32_1.1.0.202410251130/tools/bin/../lib/gcc/arm-none-eabi/12.3.1/../../../../arm-none-eabi/lib/thumb/v7e-m+dp/hard\libc_nano.a(libc_a-atoi.o) (_strtol_r)
C:/ST/STM32CubeIDE_1.15.0/STM32CubeIDE/plugins/com.st.stm32cube.ide.mcu.externaltools.gnu-tools-for-stm32.12.3.rel1.win32_1.1.0.202410251130/tools/bin/../lib/gcc/arm-none-eabi/12.3.1/../../../../arm-none-eabi/lib/thumb/v7e-m+dp/hard\libc_nano.a(libc_a-ctype_.o)
                              ./Core/Src/cJSON.o (_ctype_)
[...]
Memory Configuration

Name             Origin             Length             Attributes
RAM_D1           0x24000000         0x00080000         xrw
FLASH            0x08100000         0x00100000         xr
DTCMRAM          0x20000000         0x00020000         xrw
RAM_D2           0x30000000         0x00048000         xrw
RAM_D3           0x38000000         0x00010000         xrw
ITCMRAM          0x00000000         0x00010000         xrw
*default*        0x00000000         0xffffffff

Linker script and memory map

LOAD C:/ST/STM32CubeIDE_1.15.0/STM32CubeIDE/plugins/com.st.stm32cube.ide.mcu.externaltools.gnu-tools-for-stm32.12.3.rel1.win32_1.1.0.202410251130/tools/bin/../lib/gcc/arm-none-eabi/12.3.1/thumb/v7e-m+dp/hard/crti.o
LOAD C:/ST/STM32CubeIDE_1.15.0/STM32CubeIDE/plugins/com.st.stm32cube.ide.mcu.externaltools.gnu-tools-for-stm32.12.3.rel1.win32_1.1.0.202410251130/tools/bin/../lib/gcc/arm-none-eabi/12.3.1/thumb/v7e-m+dp/hard/crtbegin.o
LOAD C:/ST/STM32CubeIDE_1.15.0/STM32CubeIDE/plugins/com.st.stm32cube.ide.mcu.externaltools.gnu-tools-for-stm32.12.3.rel1.win32_1.1.0.202410251130/tools/bin/../lib/gcc/arm-none-eabi/12.3.1/../../../../arm-none-eabi/lib/thumb/v7e-m+dp/hard/crt0.o
LOAD ./Common/Src/system_stm32h7xx_dualcore_boot_cm4_cm7.o
LOAD ./Core/Src/MQTTClient.o
LOAD ./Core/Src/MQTTTopic.o
LOAD ./Core/Src/PMB_comm.o
LOAD ./Core/Src/cJSON.o
LOAD ./Core/Src/cJSON_Utils.o
LOAD ./Core/Src/flash_if.o
LOAD ./Core/Src/freertos.o
LOAD ./Core/Src/main.o
LOAD ./Core/Src/sensirion_common.o
LOAD ./Core/Src/sensirion_i2c.o
LOAD ./Core/Src/serial_comm.o
LOAD ./Core/Src/sht4x.o
LOAD ./Core/Src/stm32h7xx_hal_msp.o
LOAD ./Core/Src/stm32h7xx_hal_timebase_tim.o
LOAD ./Core/Src/stm32h7xx_it.o
LOAD ./Core/Src/syscalls.o
LOAD ./Core/Src/sysmem.o
LOAD ./Core/Src/tws_driver.o
LOAD ./Core/Src/uart_callbacks.o
LOAD ./Core/Src/udpclient.o
LOAD ./Core/Startup/startup_stm32h747aiix.o
LOAD ./Drivers/BSP/Components/lan8742.o
LOAD ./Drivers/STM32H7xx_HAL_Driver/stm32h7xx_hal.o
LOAD ./Drivers/STM32H7xx_HAL_Driver/stm32h7xx_hal_adc.o
LOAD ./Drivers/STM32H7xx_HAL_Driver/stm32h7xx_hal_adc_ex.o
LOAD ./Drivers/STM32H7xx_HAL_Driver/stm32h7xx_hal_cortex.o
LOAD ./Drivers/STM32H7xx_HAL_Driver/stm32h7xx_hal_dma.o
LOAD ./Drivers/STM32H7xx_HAL_Driver/stm32h7xx_hal_dma_ex.o
LOAD ./Drivers/STM32H7xx_HAL_Driver/stm32h7xx_hal_eth.o
LOAD ./Drivers/STM32H7xx_HAL_Driver/stm32h7xx_hal_eth_ex.o
LOAD ./Drivers/STM32H7xx_HAL_Driver/stm32h7xx_hal_exti.o
LOAD ./Drivers/STM32H7xx_HAL_Driver/stm32h7xx_hal_flash.o
LOAD ./Drivers/STM32H7xx_HAL_Driver/stm32h7xx_hal_flash_ex.o
LOAD ./Drivers/STM32H7xx_HAL_Driver/stm32h7xx_hal_gpio.o
LOAD ./Drivers/STM32H7xx_HAL_Driver/stm32h7xx_hal_hsem.o
LOAD ./Drivers/STM32H7xx_HAL_Driver/stm32h7xx_hal_i2c.o
LOAD ./Drivers/STM32H7xx_HAL_Driver/stm32h7xx_hal_i2c_ex.o
LOAD ./Drivers/STM32H7xx_HAL_Driver/stm32h7xx_hal_mdma.o
LOAD ./Drivers/STM32H7xx_HAL_Driver/stm32h7xx_hal_pwr.o
LOAD ./Drivers/STM32H7xx_HAL_Driver/stm32h7xx_hal_pwr_ex.o
LOAD ./Drivers/STM32H7xx_HAL_Driver/stm32h7xx_hal_rcc.o
LOAD ./Drivers/STM32H7xx_HAL_Driver/stm32h7xx_hal_rcc_ex.o
LOAD ./Drivers/STM32H7xx_HAL_Driver/stm32h7xx_hal_tim.o
LOAD ./Drivers/STM32H7xx_HAL_Driver/stm32h7xx_hal_tim_ex.o
LOAD ./Drivers/STM32H7xx_HAL_Driver/stm32h7xx_hal_uart.o
LOAD ./Drivers/STM32H7xx_HAL_Driver/stm32h7xx_hal_uart_ex.o
LOAD ./LWIP/App/lwip.o
LOAD ./LWIP/Target/ethernetif.o
LOAD ./Middlewares/Third_Party/FreeRTOS/cmsis_os2.o
LOAD ./Middlewares/Third_Party/FreeRTOS/croutine.o
LOAD ./Middlewares/Third_Party/FreeRTOS/event_groups.o
LOAD ./Middlewares/Third_Party/FreeRTOS/heap_4.o
LOAD ./Middlewares/Third_Party/FreeRTOS/list.o
LOAD ./Middlewares/Third_Party/FreeRTOS/port.o
LOAD ./Middlewares/Third_Party/FreeRTOS/queue.o
LOAD ./Middlewares/Third_Party/FreeRTOS/stream_buffer.o
LOAD ./Middlewares/Third_Party/FreeRTOS/tasks.o
LOAD ./Middlewares/Third_Party/FreeRTOS/timers.o
LOAD ./Middlewares/Third_Party/LwIP/altcp.o
LOAD ./Middlewares/Third_Party/LwIP/altcp_alloc.o
LOAD ./Middlewares/Third_Party/LwIP/altcp_tcp.o
LOAD ./Middlewares/Third_Party/LwIP/api_lib.o
LOAD ./Middlewares/Third_Party/LwIP/api_msg.o
LOAD ./Middlewares/Third_Party/LwIP/auth.o
LOAD ./Middlewares/Third_Party/LwIP/autoip.o
LOAD ./Middlewares/Third_Party/LwIP/bridgeif.o
LOAD ./Middlewares/Third_Party/LwIP/bridgeif_fdb.o
LOAD ./Middlewares/Third_Party/LwIP/ccp.o
LOAD ./Middlewares/Third_Party/LwIP/chap-md5.o
LOAD ./Middlewares/Third_Party/LwIP/chap-new.o
LOAD ./Middlewares/Third_Party/LwIP/chap_ms.o
LOAD ./Middlewares/Third_Party/LwIP/def.o
LOAD ./Middlewares/Third_Party/LwIP/demand.o
LOAD ./Middlewares/Third_Party/LwIP/dhcp.o
LOAD ./Middlewares/Third_Party/LwIP/dhcp6.o
LOAD ./Middlewares/Third_Party/LwIP/dns.o
LOAD ./Middlewares/Third_Party/LwIP/eap.o
LOAD ./Middlewares/Third_Party/LwIP/ecp.o
LOAD ./Middlewares/Third_Party/LwIP/err.o
LOAD ./Middlewares/Third_Party/LwIP/etharp.o
LOAD ./Middlewares/Third_Party/LwIP/ethernet.o
LOAD ./Middlewares/Third_Party/LwIP/ethip6.o
LOAD ./Middlewares/Third_Party/LwIP/eui64.o
LOAD ./Middlewares/Third_Party/LwIP/fsm.o
LOAD ./Middlewares/Third_Party/LwIP/icmp.o
LOAD ./Middlewares/Third_Party/LwIP/icmp6.o
LOAD ./Middlewares/Third_Party/LwIP/if_api.o
LOAD ./Middlewares/Third_Party/LwIP/igmp.o
LOAD ./Middlewares/Third_Party/LwIP/inet6.o
LOAD ./Middlewares/Third_Party/LwIP/inet_chksum.o
LOAD ./Middlewares/Third_Party/LwIP/init.o
LOAD ./Middlewares/Third_Party/LwIP/ip.o
LOAD ./Middlewares/Third_Party/LwIP/ip4.o
LOAD ./Middlewares/Third_Party/LwIP/ip4_addr.o
LOAD ./Middlewares/Third_Party/LwIP/ip4_frag.o
LOAD ./Middlewares/Third_Party/LwIP/ip6.o
LOAD ./Middlewares/Third_Party/LwIP/ip6_addr.o
LOAD ./Middlewares/Third_Party/LwIP/ip6_frag.o
LOAD ./Middlewares/Third_Party/LwIP/ipcp.o
LOAD ./Middlewares/Third_Party/LwIP/ipv6cp.o
LOAD ./Middlewares/Third_Party/LwIP/lcp.o
LOAD ./Middlewares/Third_Party/LwIP/lowpan6.o
LOAD ./Middlewares/Third_Party/LwIP/lowpan6_ble.o
LOAD ./Middlewares/Third_Party/LwIP/lowpan6_common.o
LOAD ./Middlewares/Third_Party/LwIP/magic.o
LOAD ./Middlewares/Third_Party/LwIP/mem.o
LOAD ./Middlewares/Third_Party/LwIP/memp.o
LOAD ./Middlewares/Third_Party/LwIP/mld6.o
LOAD ./Middlewares/Third_Party/LwIP/mppe.o
LOAD ./Middlewares/Third_Party/LwIP/mqtt.o
LOAD ./Middlewares/Third_Party/LwIP/multilink.o
LOAD ./Middlewares/Third_Party/LwIP/nd6.o
LOAD ./Middlewares/Third_Party/LwIP/netbuf.o
LOAD ./Middlewares/Third_Party/LwIP/netdb.o
LOAD ./Middlewares/Third_Party/LwIP/netif.o
LOAD ./Middlewares/Third_Party/LwIP/netifapi.o
LOAD ./Middlewares/Third_Party/LwIP/pbuf.o
LOAD ./Middlewares/Third_Party/LwIP/ppp.o
LOAD ./Middlewares/Third_Party/LwIP/pppapi.o
LOAD ./Middlewares/Third_Party/LwIP/pppcrypt.o
LOAD ./Middlewares/Third_Party/LwIP/pppoe.o
LOAD ./Middlewares/Third_Party/LwIP/pppol2tp.o
LOAD ./Middlewares/Third_Party/LwIP/pppos.o
LOAD ./Middlewares/Third_Party/LwIP/raw.o
LOAD ./Middlewares/Third_Party/LwIP/slipif.o
LOAD ./Middlewares/Third_Party/LwIP/sockets.o
LOAD ./Middlewares/Third_Party/LwIP/stats.o
LOAD ./Middlewares/Third_Party/LwIP/sys.o
LOAD ./Middlewares/Third_Party/LwIP/sys_arch.o
LOAD ./Middlewares/Third_Party/LwIP/tcp.o
LOAD ./Middlewares/Third_Party/LwIP/tcp_in.o
LOAD ./Middlewares/Third_Party/LwIP/tcp_out.o
LOAD ./Middlewares/Third_Party/LwIP/tcpip.o
LOAD ./Middlewares/Third_Party/LwIP/timeouts.o
LOAD ./Middlewares/Third_Party/LwIP/udp.o
LOAD ./Middlewares/Third_Party/LwIP/upap.o
LOAD ./Middlewares/Third_Party/LwIP/utils.o
LOAD ./Middlewares/Third_Party/LwIP/vj.o
LOAD ./Middlewares/Third_Party/LwIP/zepif.o
START GROUP
LOAD C:/ST/STM32CubeIDE_1.15.0/STM32CubeIDE/plugins/com.st.stm32cube.ide.mcu.externaltools.gnu-tools-for-stm32.12.3.rel1.win32_1.1.0.202410251130/tools/bin/../lib/gcc/arm-none-eabi/12.3.1/../../../../arm-none-eabi/lib/thumb/v7e-m+dp/hard\libc_nano.a
LOAD C:/ST/STM32CubeIDE_1.15.0/STM32CubeIDE/plugins/com.st.stm32cube.ide.mcu.externaltools.gnu-tools-for-stm32.12.3.rel1.win32_1.1.0.202410251130/tools/bin/../lib/gcc/arm-none-eabi/12.3.1/../../../../arm-none-eabi/lib/thumb/v7e-m+dp/hard\libm.a
END GROUP
START GROUP
LOAD C:/ST/STM32CubeIDE_1.15.0/STM32CubeIDE/plugins/com.st.stm32cube.ide.mcu.externaltools.gnu-tools-for-stm32.12.3.rel1.win32_1.1.0.202410251130/tools/bin/../lib/gcc/arm-none-eabi/12.3.1/thumb/v7e-m+dp/hard\libgcc.a
LOAD C:/ST/STM32CubeIDE_1.15.0/STM32CubeIDE/plugins/com.st.stm32cube.ide.mcu.externaltools.gnu-tools-for-stm32.12.3.rel1.win32_1.1.0.202410251130/tools/bin/../lib/gcc/arm-none-eabi/12.3.1/../../../../arm-none-eabi/lib/thumb/v7e-m+dp/hard\libc_nano.a
END GROUP
START GROUP
LOAD C:/ST/STM32CubeIDE_1.15.0/STM32CubeIDE/plugins/com.st.stm32cube.ide.mcu.externaltools.gnu-tools-for-stm32.12.3.rel1.win32_1.1.0.202410251130/tools/bin/../lib/gcc/arm-none-eabi/12.3.1/thumb/v7e-m+dp/hard\libgcc.a
LOAD C:/ST/STM32CubeIDE_1.15.0/STM32CubeIDE/plugins/com.st.stm32cube.ide.mcu.externaltools.gnu-tools-for-stm32.12.3.rel1.win32_1.1.0.202410251130/tools/bin/../lib/gcc/arm-none-eabi/12.3.1/../../../../arm-none-eabi/lib/thumb/v7e-m+dp/hard\libc_nano.a
LOAD C:/ST/STM32CubeIDE_1.15.0/STM32CubeIDE/plugins/com.st.stm32cube.ide.mcu.externaltools.gnu-tools-for-stm32.12.3.rel1.win32_1.1.0.202410251130/tools/bin/../lib/gcc/arm-none-eabi/12.3.1/../../../../arm-none-eabi/lib/thumb/v7e-m+dp/hard\libnosys.a
END GROUP
START GROUP
LOAD C:/ST/STM32CubeIDE_1.15.0/STM32CubeIDE/plugins/com.st.stm32cube.ide.mcu.externaltools.gnu-tools-for-stm32.12.3.rel1.win32_1.1.0.202410251130/tools/bin/../lib/gcc/arm-none-eabi/12.3.1/thumb/v7e-m+dp/hard\libgcc.a
LOAD C:/ST/STM32CubeIDE_1.15.0/STM32CubeIDE/plugins/com.st.stm32cube.ide.mcu.externaltools.gnu-tools-for-stm32.12.3.rel1.win32_1.1.0.202410251130/tools/bin/../lib/gcc/arm-none-eabi/12.3.1/../../../../arm-none-eabi/lib/thumb/v7e-m+dp/hard\libc_nano.a
LOAD C:/ST/STM32CubeIDE_1.15.0/STM32CubeIDE/plugins/com.st.stm32cube.ide.mcu.externaltools.gnu-tools-for-stm32.12.3.rel1.win32_1.1.0.202410251130/tools/bin/../lib/gcc/arm-none-eabi/12.3.1/../../../../arm-none-eabi/lib/thumb/v7e-m+dp/hard\libnosys.a
END GROUP
LOAD C:/ST/STM32CubeIDE_1.15.0/STM32CubeIDE/plugins/com.st.stm32cube.ide.mcu.externaltools.gnu-tools-for-stm32.12.3.rel1.win32_1.1.0.202410251130/tools/bin/../lib/gcc/arm-none-eabi/12.3.1/thumb/v7e-m+dp/hard/crtend.o
LOAD C:/ST/STM32CubeIDE_1.15.0/STM32CubeIDE/plugins/com.st.stm32cube.ide.mcu.externaltools.gnu-tools-for-stm32.12.3.rel1.win32_1.1.0.202410251130/tools/bin/../lib/gcc/arm-none-eabi/12.3.1/thumb/v7e-m+dp/hard/crtn.o
                0x24080000                        _estack = (ORIGIN (RAM_D1) + LENGTH (RAM_D1))
                0x00000200                        _Min_Heap_Size = 0x200
                0x00000400                        _Min_Stack_Size = 0x400

.isr_vector     0x08100000      0x298
                0x08100000                        . = ALIGN (0x4)
 *(.isr_vector)
 .isr_vector    0x08100000      0x298 ./Core/Startup/startup_stm32h747aiix.o
                0x08100000                g_pfnVectors
                0x08100298                        . = ALIGN (0x4)

.text           0x081002a0    0x1a8a4
                0x081002a0                        . = ALIGN (0x4)
 *(.text)
 .text          0x081002a0       0x40 C:/ST/STM32CubeIDE_1.15.0/STM32CubeIDE/plugins/com.st.stm32cube.ide.mcu.externaltools.gnu-tools-for-stm32.12.3.rel1.win32_1.1.0.202410251130/tools/bin/../lib/gcc/arm-none-eabi/12.3.1/thumb/v7e-m+dp/hard/crtbegin.o
 .text          0x081002e0       0x14 C:/ST/STM32CubeIDE_1.15.0/STM32CubeIDE/plugins/com.st.stm32cube.ide.mcu.externaltools.gnu-tools-for-stm32.12.3.rel1.win32_1.1.0.202410251130/tools/bin/../lib/gcc/arm-none-eabi/12.3.1/../../../../arm-none-eabi/lib/thumb/v7e-m+dp/hard\libc_nano.a(libc_a-strcmp.o)
                0x081002e0                strcmp
 *fill*         0x081002f4        0xc 
 .text          0x08100300       0xa0 C:/ST/STM32CubeIDE_1.15.0/STM32CubeIDE/plugins/com.st.stm32cube.ide.mcu.externaltools.gnu-tools-for-stm32.12.3.rel1.win32_1.1.0.202410251130/tools/bin/../lib/gcc/arm-none-eabi/12.3.1/../../../../arm-none-eabi/lib/thumb/v7e-m+dp/hard\libc_nano.a(libc_a-memchr.o)
                0x08100300                memchr
 .text          0x081003a0       0x10 C:/ST/STM32CubeIDE_1.15.0/STM32CubeIDE/plugins/com.st.stm32cube.ide.mcu.externaltools.gnu-tools-for-stm32.12.3.rel1.win32_1.1.0.202410251130/tools/bin/../lib/gcc/arm-none-eabi/12.3.1/../../../../arm-none-eabi/lib/thumb/v7e-m+dp/hard\libc_nano.a(libc_a-strlen.o)
                0x081003a0                strlen
 .text          0x081003b0      0x378 C:/ST/STM32CubeIDE_1.15.0/STM32CubeIDE/plugins/com.st.stm32cube.ide.mcu.externaltools.gnu-tools-for-stm32.12.3.rel1.win32_1.1.0.202410251130/tools/bin/../lib/gcc/arm-none-eabi/12.3.1/thumb/v7e-m+dp/hard\libgcc.a(_arm_addsubdf3.o)
                0x081003b0                __aeabi_drsub
                0x081003b8                __aeabi_dsub
                0x081003b8                __subdf3
                0x081003bc                __aeabi_dadd
                0x081003bc                __adddf3
                0x08100634                __floatunsidf
                0x08100634                __aeabi_ui2d
                0x08100654                __floatsidf
                0x08100654                __aeabi_i2d
                0x08100678                __aeabi_f2d
                0x08100678                __extendsfdf2
                0x081006bc                __floatundidf
                0x081006bc                __aeabi_ul2d
                0x081006cc                __floatdidf
                0x081006cc                __aeabi_l2d
 .text          0x08100728       0x30 C:/ST/STM32CubeIDE_1.15.0/STM32CubeIDE/plugins/com.st.stm32cube.ide.mcu.externaltools.gnu-tools-for-stm32.12.3.rel1.win32_1.1.0.202410251130/tools/bin/../lib/gcc/arm-none-eabi/12.3.1/thumb/v7e-m+dp/hard\libgcc.a(_aeabi_uldivmod.o)
                0x08100728                __aeabi_uldivmod
 .text          0x08100758       0x30 C:/ST/STM32CubeIDE_1.15.0/STM32CubeIDE/plugins/com.st.stm32cube.ide.mcu.externaltools.gnu-tools-for-stm32.12.3.rel1.win32_1.1.0.202410251130/tools/bin/../lib/gcc/arm-none-eabi/12.3.1/thumb/v7e-m+dp/hard\libgcc.a(_fixdfdi.o)
                0x08100758                __fixdfdi
                0x08100758                __aeabi_d2lz
 .text          0x08100788       0x40 C:/ST/STM32CubeIDE_1.15.0/STM32CubeIDE/plugins/com.st.stm32cube.ide.mcu.externaltools.gnu-tools-for-stm32.12.3.rel1.win32_1.1.0.202410251130/tools/bin/../lib/gcc/arm-none-eabi/12.3.1/thumb/v7e-m+dp/hard\libgcc.a(_fixunsdfdi.o)
                0x08100788                __fixunsdfdi
                0x08100788                __aeabi_d2ulz
 .text          0x081007c8      0x2bc C:/ST/STM32CubeIDE_1.15.0/STM32CubeIDE/plugins/com.st.stm32cube.ide.mcu.externaltools.gnu-tools-for-stm32.12.3.rel1.win32_1.1.0.202410251130/tools/bin/../lib/gcc/arm-none-eabi/12.3.1/thumb/v7e-m+dp/hard\libgcc.a(_udivmoddi4.o)
                0x081007c8                __udivmoddi4
 .text          0x08100a84        0x4 C:/ST/STM32CubeIDE_1.15.0/STM32CubeIDE/plugins/com.st.stm32cube.ide.mcu.externaltools.gnu-tools-for-stm32.12.3.rel1.win32_1.1.0.202410251130/tools/bin/../lib/gcc/arm-none-eabi/12.3.1/thumb/v7e-m+dp/hard\libgcc.a(_dvmd_tls.o)
                0x08100a84                __aeabi_idiv0
                0x08100a84                __aeabi_ldiv0
 *(.text*)
 .text.SystemInit
                0x08100a88       0xe0 ./Common/Src/system_stm32h7xx_dualcore_boot_cm4_cm7.o
                0x08100a88                SystemInit
 .text.mqtt_request_cb
                0x08100b68        0x2 ./Core/Src/MQTTClient.o
                0x08100b68                mqtt_request_cb
 *fill*         0x08100b6a        0x2 
 .text.mqtt_incoming_data_cb
                0x08100b6c        0xc ./Core/Src/MQTTClient.o
 .text.mqtt_incoming_publish_cb
                0x08100b78       0x18 ./Core/Src/MQTTClient.o
 .text.mqtt_example_init
                0x08100b90       0xa4 ./Core/Src/MQTTClient.o
                0x08100b90                mqtt_example_init
 .text.mqtt_connection_cb
                0x08100c34       0x60 ./Core/Src/MQTTClient.o
 .text.publish_dc_switch_current
                0x08100c94       0x80 ./Core/Src/MQTTTopic.o
                0x08100c94                publish_dc_switch_current
 *fill*         0x08100d14        0x4 
 .text.publish_channel_config
                0x08100d18      0x758 ./Core/Src/MQTTTopic.o
                0x08100d18                publish_channel_config
 .text.handle_trigger_state
                0x08101470       0x44 ./Core/Src/MQTTTopic.o
                0x08101470                handle_trigger_state
 .text.handle_serial_protocol
                0x081014b4       0x34 ./Core/Src/MQTTTopic.o
                0x081014b4                handle_serial_protocol
 .text.handle_serial_baudrate
                0x081014e8       0x48 ./Core/Src/MQTTTopic.o
                0x081014e8                handle_serial_baudrate
 .text.handle_serial_databits
                0x08101530       0x54 ./Core/Src/MQTTTopic.o
                0x08101530                handle_serial_databits
 .text.handle_serial_parity
                0x08101584       0x54 ./Core/Src/MQTTTopic.o
                0x08101584                handle_serial_parity
 .text.handle_serial_stopbits
                0x081015d8       0x68 ./Core/Src/MQTTTopic.o
                0x081015d8                handle_serial_stopbits
 .text.handle_enable_iap
                0x08101640       0x30 ./Core/Src/MQTTTopic.o
                0x08101640                handle_enable_iap
 .text.handle_incoming_topic_data
                0x08101670      0x530 ./Core/Src/MQTTTopic.o
                0x08101670                handle_incoming_topic_data
 .text.mqtt_subscribe_to_topics
                0x08101ba0       0xbc ./Core/Src/MQTTTopic.o
                0x08101ba0                mqtt_subscribe_to_topics
 .text.PMB_Comm_Init
                0x08101c5c       0x64 ./Core/Src/PMB_comm.o
                0x08101c5c                PMB_Comm_Init
 .text.PMB_UART_RxCpltCallback
                0x08101cc0       0x68 ./Core/Src/PMB_comm.o
                0x08101cc0                PMB_UART_RxCpltCallback
 .text.PMB_UART_ErrorCallback
                0x08101d28       0x20 ./Core/Src/PMB_comm.o
                0x08101d28                PMB_UART_ErrorCallback
 .text.PMB_Comm_SendJSON
                0x08101d48       0x54 ./Core/Src/PMB_comm.o
                0x08101d48                PMB_Comm_SendJSON
 .text.PMB_Comm_RequestSystemIdentification
                0x08101d9c       0x2c ./Core/Src/PMB_comm.o
                0x08101d9c                PMB_Comm_RequestSystemIdentification
 .text.PMB_Comm_RequestSystemStatus
                0x08101dc8       0x3c ./Core/Src/PMB_comm.o
                0x08101dc8                PMB_Comm_RequestSystemStatus
 .text.PMB_Comm_ConfigureDCSwitch
                0x08101e04       0xa4 ./Core/Src/PMB_comm.o
                0x08101e04                PMB_Comm_ConfigureDCSwitch
 .text.PMB_Comm_ConfigureACSwitch
                0x08101ea8       0x78 ./Core/Src/PMB_comm.o
                0x08101ea8                PMB_Comm_ConfigureACSwitch
 .text.PMB_Comm_ProcessReceivedData
                0x08101f20      0x440 ./Core/Src/PMB_comm.o
                0x08101f20                PMB_Comm_ProcessReceivedData
 .text.PMB_Comm_Task
                0x08102360       0x3c ./Core/Src/PMB_comm.o
                0x08102360                PMB_Comm_Task
 .text.parse_hex4
                0x0810239c       0x4a ./Core/Src/cJSON.o
 *fill*         0x081023e6        0x2 
 .text.parse_string
                0x081023e8      0x1ec ./Core/Src/cJSON.o
 .text.buffer_skip_whitespace
                0x081025d4       0x2e ./Core/Src/cJSON.o
 .text.get_array_item
                0x08102602       0x10 ./Core/Src/cJSON.o
 .text.update_offset
                0x08102612       0x18 ./Core/Src/cJSON.o
 .text.ensure   0x0810262a       0x7e ./Core/Src/cJSON.o
 .text.print_string_ptr
                0x081026a8      0x120 ./Core/Src/cJSON.o
 .text.get_object_item
                0x081027c8       0x7c ./Core/Src/cJSON.o
 .text.add_item_to_array
                0x08102844       0x28 ./Core/Src/cJSON.o
 .text.cJSON_strdup.constprop.0
                0x0810286c       0x2c ./Core/Src/cJSON.o
 .text.add_item_to_object.constprop.0
                0x08102898       0x54 ./Core/Src/cJSON.o
 .text.cJSON_New_Item.isra.0
                0x081028ec       0x18 ./Core/Src/cJSON.o
 *fill*         0x08102904        0x4 
 .text.print_value
                0x08102908      0x3cc ./Core/Src/cJSON.o
 .text.print.constprop.0
                0x08102cd4       0x94 ./Core/Src/cJSON.o
 .text.cJSON_Delete
                0x08102d68       0x58 ./Core/Src/cJSON.o
                0x08102d68                cJSON_Delete
 .text.parse_value
                0x08102dc0      0x304 ./Core/Src/cJSON.o
 .text.cJSON_ParseWithLengthOpts
                0x081030c4       0xd8 ./Core/Src/cJSON.o
                0x081030c4                cJSON_ParseWithLengthOpts
 .text.cJSON_ParseWithLength
                0x0810319c        0x8 ./Core/Src/cJSON.o
                0x0810319c                cJSON_ParseWithLength
 .text.cJSON_PrintUnformatted
                0x081031a4        0x6 ./Core/Src/cJSON.o
                0x081031a4                cJSON_PrintUnformatted
 .text.cJSON_GetArraySize
                0x081031aa       0x10 ./Core/Src/cJSON.o
                0x081031aa                cJSON_GetArraySize
 .text.cJSON_GetArrayItem
                0x081031ba        0xc ./Core/Src/cJSON.o
                0x081031ba                cJSON_GetArrayItem
 .text.cJSON_GetObjectItem
                0x081031c6        0x6 ./Core/Src/cJSON.o
                0x081031c6                cJSON_GetObjectItem
 .text.cJSON_HasObjectItem
                0x081031cc        0xe ./Core/Src/cJSON.o
                0x081031cc                cJSON_HasObjectItem
 .text.cJSON_AddItemToObject
                0x081031da        0x6 ./Core/Src/cJSON.o
                0x081031da                cJSON_AddItemToObject
 .text.cJSON_CreateNumber
                0x081031e0       0x6c ./Core/Src/cJSON.o
                0x081031e0                cJSON_CreateNumber
 .text.cJSON_AddNumberToObject
                0x0810324c       0x28 ./Core/Src/cJSON.o
                0x0810324c                cJSON_AddNumberToObject
 .text.cJSON_CreateString
                0x08103274       0x30 ./Core/Src/cJSON.o
                0x08103274                cJSON_CreateString
 .text.cJSON_AddStringToObject
                0x081032a4       0x2a ./Core/Src/cJSON.o
                0x081032a4                cJSON_AddStringToObject
 *fill*         0x081032ce        0x2 
 .text.cJSON_CreateObject
                0x081032d0       0x18 ./Core/Src/cJSON.o
                0x081032d0                cJSON_CreateObject
 .text.cJSON_IsNumber
                0x081032e8        0xe ./Core/Src/cJSON.o
                0x081032e8                cJSON_IsNumber
 .text.cJSON_IsArray
                0x081032f6        0xe ./Core/Src/cJSON.o
                0x081032f6                cJSON_IsArray
 .text.cJSON_free
                0x08103304        0xc ./Core/Src/cJSON.o
                0x08103304                cJSON_free
 .text.vApplicationStackOverflowHook
                0x08103310        0x2 ./Core/Src/freertos.o
                0x08103310                vApplicationStackOverflowHook
 *fill*         0x08103312        0x2 
 .text.StartDefaultTask
                0x08103314      0x20c ./Core/Src/main.o
                0x08103314                StartDefaultTask
 .text._write   0x08103520       0x30 ./Core/Src/main.o
                0x08103520                _write
 .text.SystemClock_Config
                0x08103550      0x104 ./Core/Src/main.o
                0x08103550                SystemClock_Config
 .text.startup.main
                0x08103654      0x584 ./Core/Src/main.o
                0x08103654                main
 .text.HAL_GPIO_EXTI_Callback
                0x08103bd8       0x48 ./Core/Src/main.o
                0x08103bd8                HAL_GPIO_EXTI_Callback
 .text.HAL_TIM_PeriodElapsedCallback
                0x08103c20       0x14 ./Core/Src/main.o
                0x08103c20                HAL_TIM_PeriodElapsedCallback
 .text.Error_Handler
                0x08103c34        0x4 ./Core/Src/main.o
                0x08103c34                Error_Handler
 .text.sensirion_common_generate_crc
                0x08103c38       0x30 ./Core/Src/sensirion_common.o
                0x08103c38                sensirion_common_generate_crc
 .text.sensirion_common_check_crc
                0x08103c68       0x12 ./Core/Src/sensirion_common.o
                0x08103c68                sensirion_common_check_crc
 .text.sensirion_i2c_read_words_as_bytes
                0x08103c7a       0x64 ./Core/Src/sensirion_common.o
                0x08103c7a                sensirion_i2c_read_words_as_bytes
 .text.sensirion_i2c_read_words
                0x08103cde       0x26 ./Core/Src/sensirion_common.o
                0x08103cde                sensirion_i2c_read_words
 .text.sensirion_i2c_init
                0x08103d04       0x4c ./Core/Src/sensirion_i2c.o
                0x08103d04                sensirion_i2c_init
 .text.sensirion_i2c_read
                0x08103d50       0x20 ./Core/Src/sensirion_i2c.o
                0x08103d50                sensirion_i2c_read
 .text.sensirion_i2c_write
                0x08103d70       0x20 ./Core/Src/sensirion_i2c.o
                0x08103d70                sensirion_i2c_write
 .text.sensirion_sleep_usec
                0x08103d90       0x2c ./Core/Src/sensirion_i2c.o
                0x08103d90                sensirion_sleep_usec
 .text.Switch_RS_Mode.part.0
                0x08103dbc       0x30 ./Core/Src/serial_comm.o
 .text.Serial_UART_ErrorCallback
                0x08103dec        0x2 ./Core/Src/serial_comm.o
                0x08103dec                Serial_UART_ErrorCallback
 .text.Process_DMA_RxData
                0x08103dee       0x18 ./Core/Src/serial_comm.o
                0x08103dee                Process_DMA_RxData
 *fill*         0x08103e06        0x2 
 .text.Serial_UART_RxCpltCallback
                0x08103e08       0x30 ./Core/Src/serial_comm.o
                0x08103e08                Serial_UART_RxCpltCallback
 .text.Serial_UART_RxHalfCpltCallback
                0x08103e38       0x30 ./Core/Src/serial_comm.o
                0x08103e38                Serial_UART_RxHalfCpltCallback
 .text.Switch_RS_Mode
                0x08103e68       0x48 ./Core/Src/serial_comm.o
                0x08103e68                Switch_RS_Mode
 .text.sht4x_measure
                0x08103eb0       0x14 ./Core/Src/sht4x.o
                0x08103eb0                sht4x_measure
 .text.sht4x_read
                0x08103ec4       0x3c ./Core/Src/sht4x.o
                0x08103ec4                sht4x_read
 .text.sht4x_measure_blocking_read
                0x08103f00       0x28 ./Core/Src/sht4x.o
                0x08103f00                sht4x_measure_blocking_read
 .text.sht4x_read_serial
                0x08103f28       0x3c ./Core/Src/sht4x.o
                0x08103f28                sht4x_read_serial
 .text.sht4x_probe
                0x08103f64        0xe ./Core/Src/sht4x.o
                0x08103f64                sht4x_probe
 *fill*         0x08103f72        0x2 
 .text.HAL_MspInit
                0x08103f74       0x30 ./Core/Src/stm32h7xx_hal_msp.o
                0x08103f74                HAL_MspInit
 .text.HAL_ADC_MspInit
                0x08103fa4       0x68 ./Core/Src/stm32h7xx_hal_msp.o
                0x08103fa4                HAL_ADC_MspInit
 .text.HAL_I2C_MspInit
                0x0810400c       0x94 ./Core/Src/stm32h7xx_hal_msp.o
                0x0810400c                HAL_I2C_MspInit
 .text.HAL_TIM_Base_MspInit
                0x081040a0       0x30 ./Core/Src/stm32h7xx_hal_msp.o
                0x081040a0                HAL_TIM_Base_MspInit
 .text.HAL_UART_MspInit
                0x081040d0      0x26c ./Core/Src/stm32h7xx_hal_msp.o
                0x081040d0                HAL_UART_MspInit
 .text.HAL_InitTick
                0x0810433c       0x98 ./Core/Src/stm32h7xx_hal_timebase_tim.o
                0x0810433c                HAL_InitTick
 .text.NMI_Handler
                0x081043d4        0x2 ./Core/Src/stm32h7xx_it.o
                0x081043d4                NMI_Handler
 .text.HardFault_Handler
                0x081043d6        0x2 ./Core/Src/stm32h7xx_it.o
                0x081043d6                HardFault_Handler
 .text.MemManage_Handler
                0x081043d8        0x2 ./Core/Src/stm32h7xx_it.o
                0x081043d8                MemManage_Handler
 .text.BusFault_Handler
                0x081043da        0x2 ./Core/Src/stm32h7xx_it.o
                0x081043da                BusFault_Handler
 .text.UsageFault_Handler
                0x081043dc        0x2 ./Core/Src/stm32h7xx_it.o
                0x081043dc                UsageFault_Handler
 .text.DebugMon_Handler
                0x081043de        0x2 ./Core/Src/stm32h7xx_it.o
                0x081043de                DebugMon_Handler
 .text.EXTI0_IRQHandler
                0x081043e0        0x6 ./Core/Src/stm32h7xx_it.o
                0x081043e0                EXTI0_IRQHandler
 *fill*         0x081043e6        0x2 
 .text.DMA1_Stream0_IRQHandler
                0x081043e8        0xc ./Core/Src/stm32h7xx_it.o
                0x081043e8                DMA1_Stream0_IRQHandler
 .text.DMA1_Stream1_IRQHandler
                0x081043f4        0xc ./Core/Src/stm32h7xx_it.o
                0x081043f4                DMA1_Stream1_IRQHandler
 .text.DMA1_Stream2_IRQHandler
                0x08104400        0xc ./Core/Src/stm32h7xx_it.o
                0x08104400                DMA1_Stream2_IRQHandler
 .text.USART2_IRQHandler
                0x0810440c        0xc ./Core/Src/stm32h7xx_it.o
                0x0810440c                USART2_IRQHandler
 .text.USART3_IRQHandler
                0x08104418        0xc ./Core/Src/stm32h7xx_it.o
                0x08104418                USART3_IRQHandler
 .text.UART4_IRQHandler
                0x08104424       0x18 ./Core/Src/stm32h7xx_it.o
                0x08104424                UART4_IRQHandler
 .text.TIM6_DAC_IRQHandler
                0x0810443c        0xc ./Core/Src/stm32h7xx_it.o
                0x0810443c                TIM6_DAC_IRQHandler
 .text.ETH_IRQHandler
                0x08104448        0xc ./Core/Src/stm32h7xx_it.o
                0x08104448                ETH_IRQHandler
 .text._getpid  0x08104454        0x4 ./Core/Src/syscalls.o
                0x08104454                _getpid
 .text._kill    0x08104458       0x10 ./Core/Src/syscalls.o
                0x08104458                _kill
 .text._exit    0x08104468        0xc ./Core/Src/syscalls.o
                0x08104468                _exit
 .text._read    0x08104474       0x1c ./Core/Src/syscalls.o
                0x08104474                _read
 .text._close   0x08104490        0x6 ./Core/Src/syscalls.o
                0x08104490                _close
 .text._fstat   0x08104496        0xa ./Core/Src/syscalls.o
                0x08104496                _fstat
 .text._isatty  0x081044a0        0x4 ./Core/Src/syscalls.o
                0x081044a0                _isatty
 .text._lseek   0x081044a4        0x4 ./Core/Src/syscalls.o
                0x081044a4                _lseek
 .text._sbrk    0x081044a8       0x40 ./Core/Src/sysmem.o
                0x081044a8                _sbrk
 .text.HAL_UART_RxCpltCallback
                0x081044e8       0x2c ./Core/Src/uart_callbacks.o
                0x081044e8                HAL_UART_RxCpltCallback
 .text.HAL_UART_RxHalfCpltCallback
                0x08104514       0x1c ./Core/Src/uart_callbacks.o
                0x08104514                HAL_UART_RxHalfCpltCallback
 .text.HAL_UART_ErrorCallback
                0x08104530       0x2c ./Core/Src/uart_callbacks.o
                0x08104530                HAL_UART_ErrorCallback
 .text.udpsend_trigger
                0x0810455c       0x64 ./Core/Src/udpclient.o
                0x0810455c                udpsend_trigger
 .text.udpsend_serial
                0x081045c0       0x7c ./Core/Src/udpclient.o
                0x081045c0                udpsend_serial
 .text.Reset_Handler
                0x0810463c       0x50 ./Core/Startup/startup_stm32h747aiix.o
                0x0810463c                Reset_Handler
 .text.Default_Handler
                0x0810468c        0x2 ./Core/Startup/startup_stm32h747aiix.o
                0x0810468c                RTC_Alarm_IRQHandler
                0x0810468c                EXTI2_IRQHandler
                0x0810468c                TIM8_CC_IRQHandler
                0x0810468c                HRTIM1_Master_IRQHandler
                0x0810468c                UART8_IRQHandler
                0x0810468c                SPI4_IRQHandler
                0x0810468c                TIM1_CC_IRQHandler
                0x0810468c                BDMA_Channel6_IRQHandler
                0x0810468c                DMA2_Stream5_IRQHandler
                0x0810468c                HRTIM1_FLT_IRQHandler
                0x0810468c                JPEG_IRQHandler
                0x0810468c                DMA1_Stream5_IRQHandler
                0x0810468c                BDMA_Channel1_IRQHandler
                0x0810468c                HRTIM1_TIMD_IRQHandler
                0x0810468c                TAMP_STAMP_IRQHandler
                0x0810468c                EXTI3_IRQHandler
                0x0810468c                LPTIM4_IRQHandler
                0x0810468c                TIM8_TRG_COM_TIM14_IRQHandler
                0x0810468c                LPTIM2_IRQHandler
                0x0810468c                DFSDM1_FLT1_IRQHandler
                0x0810468c                DMAMUX2_OVR_IRQHandler
                0x0810468c                TIM8_UP_TIM13_IRQHandler
                0x0810468c                I2C3_ER_IRQHandler
                0x0810468c                DFSDM1_FLT2_IRQHandler
                0x0810468c                MDMA_IRQHandler
                0x0810468c                LPTIM3_IRQHandler
                0x0810468c                HSEM1_IRQHandler
                0x0810468c                I2C2_EV_IRQHandler
                0x0810468c                FPU_IRQHandler
                0x0810468c                OTG_HS_WKUP_IRQHandler
                0x0810468c                FDCAN1_IT1_IRQHandler
                0x0810468c                LTDC_ER_IRQHandler
                0x0810468c                DMA2_Stream2_IRQHandler
                0x0810468c                HRTIM1_TIME_IRQHandler
                0x0810468c                SPI1_IRQHandler
                0x0810468c                DCMI_IRQHandler
                0x0810468c                HRTIM1_TIMC_IRQHandler
                0x0810468c                DMA2_Stream3_IRQHandler
                0x0810468c                SAI2_IRQHandler
                0x0810468c                DFSDM1_FLT3_IRQHandler
                0x0810468c                USART6_IRQHandler
                0x0810468c                TIM17_IRQHandler
                0x0810468c                BDMA_Channel7_IRQHandler
                0x0810468c                LPTIM5_IRQHandler
                0x0810468c                UART5_IRQHandler
                0x0810468c                ADC3_IRQHandler
                0x0810468c                DMA2_Stream0_IRQHandler
                0x0810468c                TIM4_IRQHandler
                0x0810468c                BDMA_Channel2_IRQHandler
                0x0810468c                QUADSPI_IRQHandler
                0x0810468c                I2C1_EV_IRQHandler
                0x0810468c                DMA1_Stream6_IRQHandler
                0x0810468c                DMAMUX1_OVR_IRQHandler
                0x0810468c                TIM16_IRQHandler
                0x0810468c                BDMA_Channel5_IRQHandler
                0x0810468c                TIM3_IRQHandler
                0x0810468c                RCC_IRQHandler
                0x0810468c                TIM8_BRK_TIM12_IRQHandler
                0x0810468c                TIM1_TRG_COM_IRQHandler
                0x0810468c                Default_Handler
                0x0810468c                ECC_IRQHandler
                0x0810468c                CEC_IRQHandler
                0x0810468c                EXTI15_10_IRQHandler
                0x0810468c                BDMA_Channel0_IRQHandler
                0x0810468c                ADC_IRQHandler
                0x0810468c                DMA1_Stream7_IRQHandler
                0x0810468c                HRTIM1_TIMA_IRQHandler
                0x0810468c                SPI5_IRQHandler
                0x0810468c                TIM7_IRQHandler
                0x0810468c                SDMMC1_IRQHandler
                0x0810468c                TIM5_IRQHandler
                0x0810468c                DMA2_Stream7_IRQHandler
                0x0810468c                TIM15_IRQHandler
                0x0810468c                PVD_AVD_IRQHandler
                0x0810468c                I2C3_EV_IRQHandler
                0x0810468c                EXTI9_5_IRQHandler
                0x0810468c                RTC_WKUP_IRQHandler
                0x0810468c                LTDC_IRQHandler
                0x0810468c                SAI3_IRQHandler
                0x0810468c                ETH_WKUP_IRQHandler
                0x0810468c                SPDIF_RX_IRQHandler
                0x0810468c                SPI2_IRQHandler
                0x0810468c                OTG_HS_EP1_IN_IRQHandler
                0x0810468c                CRS_IRQHandler
                0x0810468c                CM7_SEV_IRQHandler
                0x0810468c                EXTI4_IRQHandler
                0x0810468c                RNG_IRQHandler
                0x0810468c                CM4_SEV_IRQHandler
                0x0810468c                HRTIM1_TIMB_IRQHandler
                0x0810468c                FDCAN2_IT1_IRQHandler
                0x0810468c                DSI_IRQHandler
                0x0810468c                TIM1_UP_IRQHandler
                0x0810468c                WWDG_RST_IRQHandler
                0x0810468c                BDMA_Channel4_IRQHandler
                0x0810468c                OTG_HS_EP1_OUT_IRQHandler
                0x0810468c                WWDG_IRQHandler
                0x0810468c                SPI6_IRQHandler
                0x0810468c                MDIOS_IRQHandler
                0x0810468c                I2C4_EV_IRQHandler
                0x0810468c                FDCAN2_IT0_IRQHandler
                0x0810468c                LPUART1_IRQHandler
                0x0810468c                FDCAN1_IT0_IRQHandler
                0x0810468c                TIM2_IRQHandler
                0x0810468c                OTG_FS_WKUP_IRQHandler
                0x0810468c                OTG_HS_IRQHandler
                0x0810468c                HSEM2_IRQHandler
                0x0810468c                DMA2D_IRQHandler
                0x0810468c                TIM1_BRK_IRQHandler
                0x0810468c                EXTI1_IRQHandler
                0x0810468c                SDMMC2_IRQHandler
                0x0810468c                OTG_FS_EP1_OUT_IRQHandler
                0x0810468c                BDMA_Channel3_IRQHandler
                0x0810468c                HOLD_CORE_IRQHandler
                0x0810468c                UART7_IRQHandler
                0x0810468c                MDIOS_WKUP_IRQHandler
                0x0810468c                DFSDM1_FLT0_IRQHandler
                0x0810468c                SAI4_IRQHandler
                0x0810468c                I2C2_ER_IRQHandler
                0x0810468c                DMA2_Stream1_IRQHandler
                0x0810468c                FLASH_IRQHandler
                0x0810468c                DMA2_Stream4_IRQHandler
                0x0810468c                USART1_IRQHandler
                0x0810468c                OTG_FS_IRQHandler
                0x0810468c                SPI3_IRQHandler
                0x0810468c                WAKEUP_PIN_IRQHandler
                0x0810468c                DMA1_Stream4_IRQHandler
                0x0810468c                OTG_FS_EP1_IN_IRQHandler
                0x0810468c                I2C1_ER_IRQHandler
                0x0810468c                FMC_IRQHandler
                0x0810468c                FDCAN_CAL_IRQHandler
                0x0810468c                SWPMI1_IRQHandler
                0x0810468c                COMP1_IRQHandler
                0x0810468c                LPTIM1_IRQHandler
                0x0810468c                I2C4_ER_IRQHandler
                0x0810468c                DMA2_Stream6_IRQHandler
                0x0810468c                SAI1_IRQHandler
                0x0810468c                DMA1_Stream3_IRQHandler
 .text.LAN8742_RegisterBusIO
                0x0810468e       0x28 ./Drivers/BSP/Components/lan8742.o
                0x0810468e                LAN8742_RegisterBusIO
 .text.LAN8742_Init
                0x081046b6       0x5a ./Drivers/BSP/Components/lan8742.o
                0x081046b6                LAN8742_Init
 .text.LAN8742_GetLinkState
                0x08104710       0x94 ./Drivers/BSP/Components/lan8742.o
                0x08104710                LAN8742_GetLinkState
 .text.HAL_Init
                0x081047a4       0x5c ./Drivers/STM32H7xx_HAL_Driver/stm32h7xx_hal.o
                0x081047a4                HAL_Init
 .text.HAL_IncTick
                0x08104800       0x18 ./Drivers/STM32H7xx_HAL_Driver/stm32h7xx_hal.o
                0x08104800                HAL_IncTick
 .text.HAL_GetTick
                0x08104818        0xc ./Drivers/STM32H7xx_HAL_Driver/stm32h7xx_hal.o
                0x08104818                HAL_GetTick
 .text.HAL_Delay
                0x08104824       0x24 ./Drivers/STM32H7xx_HAL_Driver/stm32h7xx_hal.o
                0x08104824                HAL_Delay
 .text.HAL_GetHalVersion
                0x08104848        0x8 ./Drivers/STM32H7xx_HAL_Driver/stm32h7xx_hal.o
                0x08104848                HAL_GetHalVersion
 .text.HAL_GetREVID
                0x08104850        0xc ./Drivers/STM32H7xx_HAL_Driver/stm32h7xx_hal.o
                0x08104850                HAL_GetREVID
 .text.HAL_SYSCFG_ETHInterfaceSelect
                0x0810485c       0x14 ./Drivers/STM32H7xx_HAL_Driver/stm32h7xx_hal.o
                0x0810485c                HAL_SYSCFG_ETHInterfaceSelect
 .text.LL_ADC_SetChannelSamplingTime
                0x08104870       0x20 ./Drivers/STM32H7xx_HAL_Driver/stm32h7xx_hal_adc.o
 .text.LL_ADC_IsEnabled
                0x08104890        0x8 ./Drivers/STM32H7xx_HAL_Driver/stm32h7xx_hal_adc.o
 .text.LL_ADC_REG_IsConversionOngoing
                0x08104898        0x8 ./Drivers/STM32H7xx_HAL_Driver/stm32h7xx_hal_adc.o
 .text.HAL_ADC_PollForConversion
                0x081048a0      0x11c ./Drivers/STM32H7xx_HAL_Driver/stm32h7xx_hal_adc.o
                0x081048a0                HAL_ADC_PollForConversion
 .text.HAL_ADC_GetValue
                0x081049bc        0x6 ./Drivers/STM32H7xx_HAL_Driver/stm32h7xx_hal_adc.o
                0x081049bc                HAL_ADC_GetValue
 *fill*         0x081049c2        0x2 
 .text.HAL_ADC_ConfigChannel
                0x081049c4      0x398 ./Drivers/STM32H7xx_HAL_Driver/stm32h7xx_hal_adc.o
                0x081049c4                HAL_ADC_ConfigChannel
 .text.ADC_Enable
                0x08104d5c       0xb4 ./Drivers/STM32H7xx_HAL_Driver/stm32h7xx_hal_adc.o
                0x08104d5c                ADC_Enable
 .text.HAL_ADC_Start
                0x08104e10       0xfc ./Drivers/STM32H7xx_HAL_Driver/stm32h7xx_hal_adc.o
                0x08104e10                HAL_ADC_Start
 .text.ADC_ConfigureBoostMode
                0x08104f0c      0x12c ./Drivers/STM32H7xx_HAL_Driver/stm32h7xx_hal_adc.o
                0x08104f0c                ADC_ConfigureBoostMode
 .text.HAL_ADC_Init
                0x08105038      0x218 ./Drivers/STM32H7xx_HAL_Driver/stm32h7xx_hal_adc.o
                0x08105038                HAL_ADC_Init
 .text.HAL_NVIC_SetPriorityGrouping
                0x08105250       0x24 ./Drivers/STM32H7xx_HAL_Driver/stm32h7xx_hal_cortex.o
                0x08105250                HAL_NVIC_SetPriorityGrouping
 .text.HAL_NVIC_SetPriority
                0x08105274       0x64 ./Drivers/STM32H7xx_HAL_Driver/stm32h7xx_hal_cortex.o
                0x08105274                HAL_NVIC_SetPriority
 .text.HAL_NVIC_EnableIRQ
                0x081052d8       0x1c ./Drivers/STM32H7xx_HAL_Driver/stm32h7xx_hal_cortex.o
                0x081052d8                HAL_NVIC_EnableIRQ
 .text.HAL_NVIC_SystemReset
                0x081052f4       0x24 ./Drivers/STM32H7xx_HAL_Driver/stm32h7xx_hal_cortex.o
                0x081052f4                HAL_NVIC_SystemReset
 .text.HAL_MPU_Disable
                0x08105318       0x1c ./Drivers/STM32H7xx_HAL_Driver/stm32h7xx_hal_cortex.o
                0x08105318                HAL_MPU_Disable
 .text.HAL_MPU_Enable
                0x08105334       0x20 ./Drivers/STM32H7xx_HAL_Driver/stm32h7xx_hal_cortex.o
                0x08105334                HAL_MPU_Enable
 .text.HAL_MPU_ConfigRegion
                0x08105354       0x58 ./Drivers/STM32H7xx_HAL_Driver/stm32h7xx_hal_cortex.o
                0x08105354                HAL_MPU_ConfigRegion
 .text.HAL_GetCurrentCPUID
                0x081053ac       0x18 ./Drivers/STM32H7xx_HAL_Driver/stm32h7xx_hal_cortex.o
                0x081053ac                HAL_GetCurrentCPUID
 .text.DMA_SetConfig
                0x081053c4      0x184 ./Drivers/STM32H7xx_HAL_Driver/stm32h7xx_hal_dma.o
 .text.DMA_CalcBaseAndBitshift
                0x08105548       0x9c ./Drivers/STM32H7xx_HAL_Driver/stm32h7xx_hal_dma.o
 .text.DMA_CalcDMAMUXChannelBaseAndMask
                0x081055e4       0x98 ./Drivers/STM32H7xx_HAL_Driver/stm32h7xx_hal_dma.o
 .text.DMA_CalcDMAMUXRequestGenBaseAndMask
                0x0810567c       0x70 ./Drivers/STM32H7xx_HAL_Driver/stm32h7xx_hal_dma.o
 .text.HAL_DMA_Init
                0x081056ec      0x380 ./Drivers/STM32H7xx_HAL_Driver/stm32h7xx_hal_dma.o
                0x081056ec                HAL_DMA_Init
 .text.HAL_DMA_Start_IT
                0x08105a6c      0x234 ./Drivers/STM32H7xx_HAL_Driver/stm32h7xx_hal_dma.o
                0x08105a6c                HAL_DMA_Start_IT
 .text.HAL_DMA_Abort
                0x08105ca0      0x34c ./Drivers/STM32H7xx_HAL_Driver/stm32h7xx_hal_dma.o
                0x08105ca0                HAL_DMA_Abort
 .text.HAL_DMA_Abort_IT
                0x08105fec      0x120 ./Drivers/STM32H7xx_HAL_Driver/stm32h7xx_hal_dma.o
                0x08105fec                HAL_DMA_Abort_IT
 .text.HAL_DMA_IRQHandler
                0x0810610c      0x548 ./Drivers/STM32H7xx_HAL_Driver/stm32h7xx_hal_dma.o
                0x0810610c                HAL_DMA_IRQHandler
 .text.ETH_SetMACConfig
                0x08106654      0x182 ./Drivers/STM32H7xx_HAL_Driver/stm32h7xx_hal_eth.o
 *fill*         0x081067d6        0x2 
 .text.ETH_SetDMAConfig
                0x081067d8       0x8c ./Drivers/STM32H7xx_HAL_Driver/stm32h7xx_hal_eth.o
 .text.ETH_Prepare_Tx_Descriptors
                0x08106864      0x334 ./Drivers/STM32H7xx_HAL_Driver/stm32h7xx_hal_eth.o
 .text.ETH_UpdateDescriptor
                0x08106b98       0x82 ./Drivers/STM32H7xx_HAL_Driver/stm32h7xx_hal_eth.o
 .text.HAL_ETH_Start_IT
                0x08106c1a       0x82 ./Drivers/STM32H7xx_HAL_Driver/stm32h7xx_hal_eth.o
                0x08106c1a                HAL_ETH_Start_IT
 .text.HAL_ETH_Stop_IT
                0x08106c9c       0x80 ./Drivers/STM32H7xx_HAL_Driver/stm32h7xx_hal_eth.o
                0x08106c9c                HAL_ETH_Stop_IT
 .text.HAL_ETH_Transmit_IT
                0x08106d1c       0x58 ./Drivers/STM32H7xx_HAL_Driver/stm32h7xx_hal_eth.o
                0x08106d1c                HAL_ETH_Transmit_IT
 .text.HAL_ETH_ReadData
                0x08106d74       0xf6 ./Drivers/STM32H7xx_HAL_Driver/stm32h7xx_hal_eth.o
                0x08106d74                HAL_ETH_ReadData
 .text.HAL_ETH_ReleaseTxPacket
                0x08106e6a       0x5e ./Drivers/STM32H7xx_HAL_Driver/stm32h7xx_hal_eth.o
                0x08106e6a                HAL_ETH_ReleaseTxPacket
 .text.HAL_ETH_PMTCallback
                0x08106ec8        0x2 ./Drivers/STM32H7xx_HAL_Driver/stm32h7xx_hal_eth.o
                0x08106ec8                HAL_ETH_PMTCallback
 .text.HAL_ETH_EEECallback
                0x08106eca        0x2 ./Drivers/STM32H7xx_HAL_Driver/stm32h7xx_hal_eth.o
                0x08106eca                HAL_ETH_EEECallback
 .text.HAL_ETH_WakeUpCallback
                0x08106ecc        0x2 ./Drivers/STM32H7xx_HAL_Driver/stm32h7xx_hal_eth.o
                0x08106ecc                HAL_ETH_WakeUpCallback
 .text.HAL_ETH_IRQHandler
                0x08106ece      0x158 ./Drivers/STM32H7xx_HAL_Driver/stm32h7xx_hal_eth.o
                0x08106ece                HAL_ETH_IRQHandler
 .text.HAL_ETH_ReadPHYRegister
                0x08107026       0x5a ./Drivers/STM32H7xx_HAL_Driver/stm32h7xx_hal_eth.o
                0x08107026                HAL_ETH_ReadPHYRegister
 .text.HAL_ETH_WritePHYRegister
                0x08107080       0x60 ./Drivers/STM32H7xx_HAL_Driver/stm32h7xx_hal_eth.o
                0x08107080                HAL_ETH_WritePHYRegister
 .text.HAL_ETH_GetMACConfig
                0x081070e0      0x18c ./Drivers/STM32H7xx_HAL_Driver/stm32h7xx_hal_eth.o
                0x081070e0                HAL_ETH_GetMACConfig
 .text.HAL_ETH_SetMACConfig
                0x0810726c       0x18 ./Drivers/STM32H7xx_HAL_Driver/stm32h7xx_hal_eth.o
                0x0810726c                HAL_ETH_SetMACConfig
 .text.HAL_ETH_SetMDIOClockRange
                0x08107284       0x68 ./Drivers/STM32H7xx_HAL_Driver/stm32h7xx_hal_eth.o
                0x08107284                HAL_ETH_SetMDIOClockRange
 .text.HAL_ETH_Init
                0x081072ec      0x23c ./Drivers/STM32H7xx_HAL_Driver/stm32h7xx_hal_eth.o
                0x081072ec                HAL_ETH_Init
 .text.HAL_ETH_GetError
                0x08107528        0x6 ./Drivers/STM32H7xx_HAL_Driver/stm32h7xx_hal_eth.o
                0x08107528                HAL_ETH_GetError
 .text.HAL_ETH_GetDMAError
                0x0810752e        0x6 ./Drivers/STM32H7xx_HAL_Driver/stm32h7xx_hal_eth.o
                0x0810752e                HAL_ETH_GetDMAError
 .text.HAL_GPIO_Init
                0x08107534      0x1d0 ./Drivers/STM32H7xx_HAL_Driver/stm32h7xx_hal_gpio.o
                0x08107534                HAL_GPIO_Init
 .text.HAL_GPIO_ReadPin
                0x08107704        0xc ./Drivers/STM32H7xx_HAL_Driver/stm32h7xx_hal_gpio.o
                0x08107704                HAL_GPIO_ReadPin
 .text.HAL_GPIO_WritePin
                0x08107710        0xa ./Drivers/STM32H7xx_HAL_Driver/stm32h7xx_hal_gpio.o
                0x08107710                HAL_GPIO_WritePin
 .text.HAL_GPIO_EXTI_IRQHandler
                0x0810771a       0x18 ./Drivers/STM32H7xx_HAL_Driver/stm32h7xx_hal_gpio.o
                0x0810771a                HAL_GPIO_EXTI_IRQHandler
 .text.I2C_Flush_TXDR
                0x08107732       0x1c ./Drivers/STM32H7xx_HAL_Driver/stm32h7xx_hal_i2c.o
 *fill*         0x0810774e        0x2 
 .text.I2C_TransferConfig
                0x08107750       0x2c ./Drivers/STM32H7xx_HAL_Driver/stm32h7xx_hal_i2c.o
 .text.I2C_IsErrorOccurred
                0x0810777c      0x100 ./Drivers/STM32H7xx_HAL_Driver/stm32h7xx_hal_i2c.o
 .text.I2C_WaitOnTXISFlagUntilTimeout
                0x0810787c       0x56 ./Drivers/STM32H7xx_HAL_Driver/stm32h7xx_hal_i2c.o
 .text.I2C_WaitOnFlagUntilTimeout
                0x081078d2       0x76 ./Drivers/STM32H7xx_HAL_Driver/stm32h7xx_hal_i2c.o
 .text.I2C_WaitOnSTOPFlagUntilTimeout
                0x08107948       0x52 ./Drivers/STM32H7xx_HAL_Driver/stm32h7xx_hal_i2c.o
 *fill*         0x0810799a        0x2 
 .text.I2C_WaitOnRXNEFlagUntilTimeout
                0x0810799c       0xa4 ./Drivers/STM32H7xx_HAL_Driver/stm32h7xx_hal_i2c.o
 .text.HAL_I2C_Init
                0x08107a40       0xaa ./Drivers/STM32H7xx_HAL_Driver/stm32h7xx_hal_i2c.o
                0x08107a40                HAL_I2C_Init
 *fill*         0x08107aea        0x2 
 .text.HAL_I2C_Master_Transmit
                0x08107aec      0x158 ./Drivers/STM32H7xx_HAL_Driver/stm32h7xx_hal_i2c.o
                0x08107aec                HAL_I2C_Master_Transmit
 .text.HAL_I2C_Master_Receive
                0x08107c44      0x130 ./Drivers/STM32H7xx_HAL_Driver/stm32h7xx_hal_i2c.o
                0x08107c44                HAL_I2C_Master_Receive
 .text.HAL_I2CEx_ConfigAnalogFilter
                0x08107d74       0x4c ./Drivers/STM32H7xx_HAL_Driver/stm32h7xx_hal_i2c_ex.o
                0x08107d74                HAL_I2CEx_ConfigAnalogFilter
 .text.HAL_I2CEx_ConfigDigitalFilter
                0x08107dc0       0x4a ./Drivers/STM32H7xx_HAL_Driver/stm32h7xx_hal_i2c_ex.o
                0x08107dc0                HAL_I2CEx_ConfigDigitalFilter
 *fill*         0x08107e0a        0x2 
 .text.HAL_PWREx_ConfigSupply
                0x08107e0c       0x78 ./Drivers/STM32H7xx_HAL_Driver/stm32h7xx_hal_pwr_ex.o
                0x08107e0c                HAL_PWREx_ConfigSupply
 .text.HAL_RCC_OscConfig
                0x08107e84      0x558 ./Drivers/STM32H7xx_HAL_Driver/stm32h7xx_hal_rcc.o
                0x08107e84                HAL_RCC_OscConfig
 .text.HAL_RCC_GetSysClockFreq
                0x081083dc      0x144 ./Drivers/STM32H7xx_HAL_Driver/stm32h7xx_hal_rcc.o
                0x081083dc                HAL_RCC_GetSysClockFreq
 .text.HAL_RCC_ClockConfig
                0x08108520      0x24c ./Drivers/STM32H7xx_HAL_Driver/stm32h7xx_hal_rcc.o
                0x08108520                HAL_RCC_ClockConfig
 .text.HAL_RCC_GetHCLKFreq
                0x0810876c       0x44 ./Drivers/STM32H7xx_HAL_Driver/stm32h7xx_hal_rcc.o
                0x0810876c                HAL_RCC_GetHCLKFreq
 .text.HAL_RCC_GetPCLK1Freq
                0x081087b0       0x24 ./Drivers/STM32H7xx_HAL_Driver/stm32h7xx_hal_rcc.o
                0x081087b0                HAL_RCC_GetPCLK1Freq
 .text.HAL_RCC_GetPCLK2Freq
                0x081087d4       0x24 ./Drivers/STM32H7xx_HAL_Driver/stm32h7xx_hal_rcc.o
                0x081087d4                HAL_RCC_GetPCLK2Freq
 .text.HAL_RCC_GetClockConfig
                0x081087f8       0x54 ./Drivers/STM32H7xx_HAL_Driver/stm32h7xx_hal_rcc.o
                0x081087f8                HAL_RCC_GetClockConfig
 .text.RCCEx_PLL2_Config
                0x0810884c       0xf0 ./Drivers/STM32H7xx_HAL_Driver/stm32h7xx_hal_rcc_ex.o
 .text.RCCEx_PLL3_Config
                0x0810893c       0xf0 ./Drivers/STM32H7xx_HAL_Driver/stm32h7xx_hal_rcc_ex.o
 .text.HAL_RCCEx_PeriphCLKConfig
                0x08108a2c      0xa1c ./Drivers/STM32H7xx_HAL_Driver/stm32h7xx_hal_rcc_ex.o
                0x08108a2c                HAL_RCCEx_PeriphCLKConfig
 .text.HAL_RCCEx_GetD3PCLK1Freq
                0x08109448       0x24 ./Drivers/STM32H7xx_HAL_Driver/stm32h7xx_hal_rcc_ex.o
                0x08109448                HAL_RCCEx_GetD3PCLK1Freq
 .text.HAL_RCCEx_GetPLL2ClockFreq
                0x0810946c      0x154 ./Drivers/STM32H7xx_HAL_Driver/stm32h7xx_hal_rcc_ex.o
                0x0810946c                HAL_RCCEx_GetPLL2ClockFreq
 .text.HAL_RCCEx_GetPLL3ClockFreq
                0x081095c0      0x154 ./Drivers/STM32H7xx_HAL_Driver/stm32h7xx_hal_rcc_ex.o
                0x081095c0                HAL_RCCEx_GetPLL3ClockFreq
 .text.HAL_RCCEx_GetPLL1ClockFreq
                0x08109714      0x154 ./Drivers/STM32H7xx_HAL_Driver/stm32h7xx_hal_rcc_ex.o
                0x08109714                HAL_RCCEx_GetPLL1ClockFreq
 .text.HAL_RCCEx_GetPeriphCLKFreq
                0x08109868      0x2f8 ./Drivers/STM32H7xx_HAL_Driver/stm32h7xx_hal_rcc_ex.o
                0x08109868                HAL_RCCEx_GetPeriphCLKFreq
 .text.HAL_TIM_Base_Start_IT
                0x08109b60       0x7c ./Drivers/STM32H7xx_HAL_Driver/stm32h7xx_hal_tim.o
                0x08109b60                HAL_TIM_Base_Start_IT
 .text.HAL_TIM_OC_DelayElapsedCallback
                0x08109bdc        0x2 ./Drivers/STM32H7xx_HAL_Driver/stm32h7xx_hal_tim.o
                0x08109bdc                HAL_TIM_OC_DelayElapsedCallback
 .text.HAL_TIM_IC_CaptureCallback
                0x08109bde        0x2 ./Drivers/STM32H7xx_HAL_Driver/stm32h7xx_hal_tim.o
                0x08109bde                HAL_TIM_IC_CaptureCallback
 .text.HAL_TIM_PWM_PulseFinishedCallback
                0x08109be0        0x2 ./Drivers/STM32H7xx_HAL_Driver/stm32h7xx_hal_tim.o
                0x08109be0                HAL_TIM_PWM_PulseFinishedCallback
 .text.HAL_TIM_TriggerCallback
                0x08109be2        0x2 ./Drivers/STM32H7xx_HAL_Driver/stm32h7xx_hal_tim.o
                0x08109be2                HAL_TIM_TriggerCallback
 .text.HAL_TIM_IRQHandler
                0x08109be4      0x140 ./Drivers/STM32H7xx_HAL_Driver/stm32h7xx_hal_tim.o
                0x08109be4                HAL_TIM_IRQHandler
 .text.TIM_Base_SetConfig
                0x08109d24       0xd8 ./Drivers/STM32H7xx_HAL_Driver/stm32h7xx_hal_tim.o
                0x08109d24                TIM_Base_SetConfig
 .text.HAL_TIM_Base_Init
                0x08109dfc       0x60 ./Drivers/STM32H7xx_HAL_Driver/stm32h7xx_hal_tim.o
                0x08109dfc                HAL_TIM_Base_Init
 .text.TIM_ETR_SetConfig
                0x08109e5c       0x14 ./Drivers/STM32H7xx_HAL_Driver/stm32h7xx_hal_tim.o
                0x08109e5c                TIM_ETR_SetConfig
 .text.HAL_TIM_ConfigClockSource
                0x08109e70      0x174 ./Drivers/STM32H7xx_HAL_Driver/stm32h7xx_hal_tim.o
                0x08109e70                HAL_TIM_ConfigClockSource
 .text.HAL_TIMEx_MasterConfigSynchronization
                0x08109fe4       0x94 ./Drivers/STM32H7xx_HAL_Driver/stm32h7xx_hal_tim_ex.o
                0x08109fe4                HAL_TIMEx_MasterConfigSynchronization
 .text.HAL_TIMEx_CommutCallback
                0x0810a078        0x2 ./Drivers/STM32H7xx_HAL_Driver/stm32h7xx_hal_tim_ex.o
                0x0810a078                HAL_TIMEx_CommutCallback
 .text.HAL_TIMEx_BreakCallback
                0x0810a07a        0x2 ./Drivers/STM32H7xx_HAL_Driver/stm32h7xx_hal_tim_ex.o
                0x0810a07a                HAL_TIMEx_BreakCallback
 .text.HAL_TIMEx_Break2Callback
                0x0810a07c        0x2 ./Drivers/STM32H7xx_HAL_Driver/stm32h7xx_hal_tim_ex.o
                0x0810a07c                HAL_TIMEx_Break2Callback
 .text.UART_EndTxTransfer
                0x0810a07e       0x34 ./Drivers/STM32H7xx_HAL_Driver/stm32h7xx_hal_uart.o
 *fill*         0x0810a0b2        0x2 
 .text.UART_EndRxTransfer
                0x0810a0b4       0x58 ./Drivers/STM32H7xx_HAL_Driver/stm32h7xx_hal_uart.o
 .text.HAL_UART_TxCpltCallback
                0x0810a10c        0x2 ./Drivers/STM32H7xx_HAL_Driver/stm32h7xx_hal_uart.o
                0x0810a10c                HAL_UART_TxCpltCallback
 .text.UART_DMAError
                0x0810a10e       0x48 ./Drivers/STM32H7xx_HAL_Driver/stm32h7xx_hal_uart.o
 .text.UART_DMAAbortOnError
                0x0810a156       0x14 ./Drivers/STM32H7xx_HAL_Driver/stm32h7xx_hal_uart.o
 .text.HAL_UARTEx_RxEventCallback
                0x0810a16a        0x2 ./Drivers/STM32H7xx_HAL_Driver/stm32h7xx_hal_uart.o
                0x0810a16a                HAL_UARTEx_RxEventCallback
 .text.HAL_UART_IRQHandler
                0x0810a16c      0x348 ./Drivers/STM32H7xx_HAL_Driver/stm32h7xx_hal_uart.o
                0x0810a16c                HAL_UART_IRQHandler
 .text.UART_RxISR_8BIT
                0x0810a4b4       0xcc ./Drivers/STM32H7xx_HAL_Driver/stm32h7xx_hal_uart.o
 .text.UART_RxISR_16BIT
                0x0810a580       0xc4 ./Drivers/STM32H7xx_HAL_Driver/stm32h7xx_hal_uart.o
 .text.UART_RxISR_8BIT_FIFOEN
                0x0810a644      0x1a8 ./Drivers/STM32H7xx_HAL_Driver/stm32h7xx_hal_uart.o
 .text.UART_RxISR_16BIT_FIFOEN
                0x0810a7ec      0x1a4 ./Drivers/STM32H7xx_HAL_Driver/stm32h7xx_hal_uart.o
 .text.UART_DMARxHalfCplt
                0x0810a990       0x20 ./Drivers/STM32H7xx_HAL_Driver/stm32h7xx_hal_uart.o
 .text.UART_DMAReceiveCplt
                0x0810a9b0       0x8e ./Drivers/STM32H7xx_HAL_Driver/stm32h7xx_hal_uart.o
 *fill*         0x0810aa3e        0x2 
 .text.UART_SetConfig
                0x0810aa40      0x32c ./Drivers/STM32H7xx_HAL_Driver/stm32h7xx_hal_uart.o
                0x0810aa40                UART_SetConfig
 .text.UART_AdvFeatureConfig
                0x0810ad6c       0xaa ./Drivers/STM32H7xx_HAL_Driver/stm32h7xx_hal_uart.o
                0x0810ad6c                UART_AdvFeatureConfig
 .text.UART_WaitOnFlagUntilTimeout
                0x0810ae16       0x90 ./Drivers/STM32H7xx_HAL_Driver/stm32h7xx_hal_uart.o
                0x0810ae16                UART_WaitOnFlagUntilTimeout
 .text.HAL_UART_Transmit
                0x0810aea6       0xaa ./Drivers/STM32H7xx_HAL_Driver/stm32h7xx_hal_uart.o
                0x0810aea6                HAL_UART_Transmit
 .text.UART_CheckIdleState
                0x0810af50       0xb6 ./Drivers/STM32H7xx_HAL_Driver/stm32h7xx_hal_uart.o
                0x0810af50                UART_CheckIdleState
 .text.HAL_UART_Init
                0x0810b006       0x60 ./Drivers/STM32H7xx_HAL_Driver/stm32h7xx_hal_uart.o
                0x0810b006                HAL_UART_Init
 *fill*         0x0810b066        0x2 
 .text.UART_Start_Receive_IT
                0x0810b068      0x108 ./Drivers/STM32H7xx_HAL_Driver/stm32h7xx_hal_uart.o
                0x0810b068                UART_Start_Receive_IT
 .text.HAL_UART_Receive_IT
                0x0810b170       0x44 ./Drivers/STM32H7xx_HAL_Driver/stm32h7xx_hal_uart.o
                0x0810b170                HAL_UART_Receive_IT
 .text.UART_Start_Receive_DMA
                0x0810b1b4       0xa0 ./Drivers/STM32H7xx_HAL_Driver/stm32h7xx_hal_uart.o
                0x0810b1b4                UART_Start_Receive_DMA
 .text.HAL_UART_Receive_DMA
                0x0810b254       0x44 ./Drivers/STM32H7xx_HAL_Driver/stm32h7xx_hal_uart.o
                0x0810b254                HAL_UART_Receive_DMA
 .text.UARTEx_SetNbDataToProcess
                0x0810b298       0x44 ./Drivers/STM32H7xx_HAL_Driver/stm32h7xx_hal_uart_ex.o
 .text.HAL_UARTEx_WakeupCallback
                0x0810b2dc        0x2 ./Drivers/STM32H7xx_HAL_Driver/stm32h7xx_hal_uart_ex.o
                0x0810b2dc                HAL_UARTEx_WakeupCallback
 .text.HAL_UARTEx_RxFifoFullCallback
                0x0810b2de        0x2 ./Drivers/STM32H7xx_HAL_Driver/stm32h7xx_hal_uart_ex.o
                0x0810b2de                HAL_UARTEx_RxFifoFullCallback
 .text.HAL_UARTEx_TxFifoEmptyCallback
                0x0810b2e0        0x2 ./Drivers/STM32H7xx_HAL_Driver/stm32h7xx_hal_uart_ex.o
                0x0810b2e0                HAL_UARTEx_TxFifoEmptyCallback
 .text.HAL_UARTEx_DisableFifoMode
                0x0810b2e2       0x36 ./Drivers/STM32H7xx_HAL_Driver/stm32h7xx_hal_uart_ex.o
                0x0810b2e2                HAL_UARTEx_DisableFifoMode
 .text.HAL_UARTEx_SetTxFifoThreshold
                0x0810b318       0x40 ./Drivers/STM32H7xx_HAL_Driver/stm32h7xx_hal_uart_ex.o
                0x0810b318                HAL_UARTEx_SetTxFifoThreshold
 .text.HAL_UARTEx_SetRxFifoThreshold
                0x0810b358       0x40 ./Drivers/STM32H7xx_HAL_Driver/stm32h7xx_hal_uart_ex.o
                0x0810b358                HAL_UARTEx_SetRxFifoThreshold
 .text.ethernet_link_status_updated
                0x0810b398        0x2 ./LWIP/App/lwip.o
 *fill*         0x0810b39a        0x2 
 .text.MX_LWIP_Init
                0x0810b39c       0xe8 ./LWIP/App/lwip.o
                0x0810b39c                MX_LWIP_Init
 .text.ETH_PHY_IO_DeInit
                0x0810b484        0x4 ./LWIP/Target/ethernetif.o
                0x0810b484                ETH_PHY_IO_DeInit
 .text.low_level_output
                0x0810b488       0x90 ./LWIP/Target/ethernetif.o
 .text.ETH_PHY_IO_GetTick
                0x0810b518        0x4 ./LWIP/Target/ethernetif.o
                0x0810b518                ETH_PHY_IO_GetTick
 .text.ETH_PHY_IO_Init
                0x0810b51c       0x10 ./LWIP/Target/ethernetif.o
                0x0810b51c                ETH_PHY_IO_Init
 .text.ETH_PHY_IO_ReadReg
                0x0810b52c       0x1c ./LWIP/Target/ethernetif.o
                0x0810b52c                ETH_PHY_IO_ReadReg
 .text.ETH_PHY_IO_WriteReg
                0x0810b548       0x1c ./LWIP/Target/ethernetif.o
                0x0810b548                ETH_PHY_IO_WriteReg
 .text.pbuf_free_custom
                0x0810b564       0x30 ./LWIP/Target/ethernetif.o
                0x0810b564                pbuf_free_custom
 .text.ethernetif_input
                0x0810b594       0x58 ./LWIP/Target/ethernetif.o
                0x0810b594                ethernetif_input
 .text.HAL_ETH_RxCpltCallback
                0x0810b5ec        0xc ./LWIP/Target/ethernetif.o
                0x0810b5ec                HAL_ETH_RxCpltCallback
 .text.HAL_ETH_TxCpltCallback
                0x0810b5f8        0xc ./LWIP/Target/ethernetif.o
                0x0810b5f8                HAL_ETH_TxCpltCallback
 .text.HAL_ETH_ErrorCallback
                0x0810b604       0x1c ./LWIP/Target/ethernetif.o
                0x0810b604                HAL_ETH_ErrorCallback
 .text.ethernetif_init
                0x0810b620      0x1dc ./LWIP/Target/ethernetif.o
                0x0810b620                ethernetif_init
 .text.sys_now  0x0810b7fc        0x4 ./LWIP/Target/ethernetif.o
                0x0810b7fc                sys_now
 .text.HAL_ETH_MspInit
                0x0810b800      0x118 ./LWIP/Target/ethernetif.o
                0x0810b800                HAL_ETH_MspInit
 .text.ethernet_link_thread
                0x0810b918       0xa8 ./LWIP/Target/ethernetif.o
                0x0810b918                ethernet_link_thread
 .text.HAL_ETH_RxAllocateCallback
                0x0810b9c0       0x44 ./LWIP/Target/ethernetif.o
                0x0810b9c0                HAL_ETH_RxAllocateCallback
 .text.HAL_ETH_RxLinkCallback
                0x0810ba04       0x5c ./LWIP/Target/ethernetif.o
                0x0810ba04                HAL_ETH_RxLinkCallback
 .text.HAL_ETH_TxFreeCallback
                0x0810ba60        0x4 ./LWIP/Target/ethernetif.o
                0x0810ba60                HAL_ETH_TxFreeCallback
 .text.SysTick_Handler
                0x0810ba64       0x1a ./Middlewares/Third_Party/FreeRTOS/cmsis_os2.o
                0x0810ba64                SysTick_Handler
 *fill*         0x0810ba7e        0x2 
 .text.osKernelInitialize
                0x0810ba80       0x24 ./Middlewares/Third_Party/FreeRTOS/cmsis_os2.o
                0x0810ba80                osKernelInitialize
 .text.osKernelStart
                0x0810baa4       0x34 ./Middlewares/Third_Party/FreeRTOS/cmsis_os2.o
                0x0810baa4                osKernelStart
 .text.osKernelGetTickCount
                0x0810bad8        0xe ./Middlewares/Third_Party/FreeRTOS/cmsis_os2.o
                0x0810bad8                osKernelGetTickCount
 .text.osThreadNew
                0x0810bae6       0x94 ./Middlewares/Third_Party/FreeRTOS/cmsis_os2.o
                0x0810bae6                osThreadNew
 .text.osDelay  0x0810bb7a       0x18 ./Middlewares/Third_Party/FreeRTOS/cmsis_os2.o
                0x0810bb7a                osDelay
 .text.osMutexNew
                0x0810bb92       0x6a ./Middlewares/Third_Party/FreeRTOS/cmsis_os2.o
                0x0810bb92                osMutexNew
 .text.osMutexAcquire
                0x0810bbfc       0x46 ./Middlewares/Third_Party/FreeRTOS/cmsis_os2.o
                0x0810bbfc                osMutexAcquire
 .text.osMutexRelease
                0x0810bc42       0x3e ./Middlewares/Third_Party/FreeRTOS/cmsis_os2.o
                0x0810bc42                osMutexRelease
 .text.osSemaphoreNew
                0x0810bc80       0x94 ./Middlewares/Third_Party/FreeRTOS/cmsis_os2.o
                0x0810bc80                osSemaphoreNew
 .text.osSemaphoreAcquire
                0x0810bd14       0x58 ./Middlewares/Third_Party/FreeRTOS/cmsis_os2.o
                0x0810bd14                osSemaphoreAcquire
 .text.osSemaphoreRelease
                0x0810bd6c       0x52 ./Middlewares/Third_Party/FreeRTOS/cmsis_os2.o
                0x0810bd6c                osSemaphoreRelease
 .text.osMessageQueueNew
                0x0810bdbe       0x76 ./Middlewares/Third_Party/FreeRTOS/cmsis_os2.o
                0x0810bdbe                osMessageQueueNew
 .text.osMessageQueuePut
                0x0810be34       0x62 ./Middlewares/Third_Party/FreeRTOS/cmsis_os2.o
                0x0810be34                osMessageQueuePut
 .text.osMessageQueueGet
                0x0810be96       0x60 ./Middlewares/Third_Party/FreeRTOS/cmsis_os2.o
                0x0810be96                osMessageQueueGet
 *fill*         0x0810bef6        0x2 
 .text.vApplicationGetIdleTaskMemory
                0x0810bef8       0x18 ./Middlewares/Third_Party/FreeRTOS/cmsis_os2.o
                0x0810bef8                vApplicationGetIdleTaskMemory
 .text.vApplicationGetTimerTaskMemory
                0x0810bf10       0x18 ./Middlewares/Third_Party/FreeRTOS/cmsis_os2.o
                0x0810bf10                vApplicationGetTimerTaskMemory
 .text.prvInsertBlockIntoFreeList
                0x0810bf28       0x4c ./Middlewares/Third_Party/FreeRTOS/heap_4.o
 .text.pvPortMalloc
                0x0810bf74      0x130 ./Middlewares/Third_Party/FreeRTOS/heap_4.o
                0x0810bf74                pvPortMalloc
 .text.vPortFree
                0x0810c0a4       0x7c ./Middlewares/Third_Party/FreeRTOS/heap_4.o
                0x0810c0a4                vPortFree
 .text.vListInitialise
                0x0810c120       0x16 ./Middlewares/Third_Party/FreeRTOS/list.o
                0x0810c120                vListInitialise
 .text.vListInitialiseItem
                0x0810c136        0x6 ./Middlewares/Third_Party/FreeRTOS/list.o
                0x0810c136                vListInitialiseItem
 .text.vListInsertEnd
                0x0810c13c       0x16 ./Middlewares/Third_Party/FreeRTOS/list.o
                0x0810c13c                vListInsertEnd
 .text.vListInsert
                0x0810c152       0x2e ./Middlewares/Third_Party/FreeRTOS/list.o
                0x0810c152                vListInsert
 .text.uxListRemove
                0x0810c180       0x20 ./Middlewares/Third_Party/FreeRTOS/list.o
                0x0810c180                uxListRemove
 .text.prvPortStartFirstTask
                0x0810c1a0       0x28 ./Middlewares/Third_Party/FreeRTOS/port.o
 .text.vPortEnableVFP
                0x0810c1c8       0x14 ./Middlewares/Third_Party/FreeRTOS/port.o
 .text.prvTaskExitError
                0x0810c1dc       0x40 ./Middlewares/Third_Party/FreeRTOS/port.o
 .text.pxPortInitialiseStack
                0x0810c21c       0x24 ./Middlewares/Third_Party/FreeRTOS/port.o
                0x0810c21c                pxPortInitialiseStack
 .text.SVC_Handler
                0x0810c240       0x24 ./Middlewares/Third_Party/FreeRTOS/port.o
                0x0810c240                SVC_Handler
 .text.vPortEnterCritical
                0x0810c264       0x40 ./Middlewares/Third_Party/FreeRTOS/port.o
                0x0810c264                vPortEnterCritical
 .text.vPortExitCritical
                0x0810c2a4       0x28 ./Middlewares/Third_Party/FreeRTOS/port.o
                0x0810c2a4                vPortExitCritical
 *fill*         0x0810c2cc        0x4 
 .text.PendSV_Handler
                0x0810c2d0       0x64 ./Middlewares/Third_Party/FreeRTOS/port.o
                0x0810c2d0                PendSV_Handler
 .text.xPortSysTickHandler
                0x0810c334       0x2c ./Middlewares/Third_Party/FreeRTOS/port.o
                0x0810c334                xPortSysTickHandler
 .text.vPortSetupTimerInterrupt
                0x0810c360       0x24 ./Middlewares/Third_Party/FreeRTOS/port.o
                0x0810c360                vPortSetupTimerInterrupt
 .text.xPortStartScheduler
                0x0810c384      0x104 ./Middlewares/Third_Party/FreeRTOS/port.o
                0x0810c384                xPortStartScheduler
 .text.vPortValidateInterruptPriority
                0x0810c488       0x5c ./Middlewares/Third_Party/FreeRTOS/port.o
                0x0810c488                vPortValidateInterruptPriority
 .text.prvIsQueueEmpty
                0x0810c4e4       0x16 ./Middlewares/Third_Party/FreeRTOS/queue.o
 .text.prvCopyDataToQueue
                0x0810c4fa       0x66 ./Middlewares/Third_Party/FreeRTOS/queue.o
 .text.prvCopyDataFromQueue
                0x0810c560       0x2a ./Middlewares/Third_Party/FreeRTOS/queue.o
 .text.prvUnlockQueue
                0x0810c58a       0x70 ./Middlewares/Third_Party/FreeRTOS/queue.o
 .text.xQueueGenericReset
                0x0810c5fa       0x7e ./Middlewares/Third_Party/FreeRTOS/queue.o
                0x0810c5fa                xQueueGenericReset
 .text.xQueueGenericCreateStatic
                0x0810c678       0x9c ./Middlewares/Third_Party/FreeRTOS/queue.o
                0x0810c678                xQueueGenericCreateStatic
 .text.xQueueGenericCreate
                0x0810c714       0x4e ./Middlewares/Third_Party/FreeRTOS/queue.o
                0x0810c714                xQueueGenericCreate
 .text.xQueueCreateCountingSemaphoreStatic
                0x0810c762       0x44 ./Middlewares/Third_Party/FreeRTOS/queue.o
                0x0810c762                xQueueCreateCountingSemaphoreStatic
 .text.xQueueCreateCountingSemaphore
                0x0810c7a6       0x3c ./Middlewares/Third_Party/FreeRTOS/queue.o
                0x0810c7a6                xQueueCreateCountingSemaphore
 .text.xQueueGenericSend
                0x0810c7e2      0x164 ./Middlewares/Third_Party/FreeRTOS/queue.o
                0x0810c7e2                xQueueGenericSend
 .text.xQueueCreateMutexStatic
                0x0810c946       0x2a ./Middlewares/Third_Party/FreeRTOS/queue.o
                0x0810c946                xQueueCreateMutexStatic
 .text.xQueueGiveMutexRecursive
                0x0810c970       0x3e ./Middlewares/Third_Party/FreeRTOS/queue.o
                0x0810c970                xQueueGiveMutexRecursive
 .text.xQueueCreateMutex
                0x0810c9ae       0x3a ./Middlewares/Third_Party/FreeRTOS/queue.o
                0x0810c9ae                xQueueCreateMutex
 .text.xQueueGenericSendFromISR
                0x0810c9e8       0xba ./Middlewares/Third_Party/FreeRTOS/queue.o
                0x0810c9e8                xQueueGenericSendFromISR
 .text.xQueueGiveFromISR
                0x0810caa2       0xa2 ./Middlewares/Third_Party/FreeRTOS/queue.o
                0x0810caa2                xQueueGiveFromISR
 .text.xQueueReceive
                0x0810cb44      0x13c ./Middlewares/Third_Party/FreeRTOS/queue.o
                0x0810cb44                xQueueReceive
 .text.xQueueSemaphoreTake
                0x0810cc80      0x17a ./Middlewares/Third_Party/FreeRTOS/queue.o
                0x0810cc80                xQueueSemaphoreTake
 .text.xQueueTakeMutexRecursive
                0x0810cdfa       0x42 ./Middlewares/Third_Party/FreeRTOS/queue.o
                0x0810cdfa                xQueueTakeMutexRecursive
 .text.xQueueReceiveFromISR
                0x0810ce3c       0x9a ./Middlewares/Third_Party/FreeRTOS/queue.o
                0x0810ce3c                xQueueReceiveFromISR
 *fill*         0x0810ced6        0x2 
 .text.vQueueAddToRegistry
                0x0810ced8       0x24 ./Middlewares/Third_Party/FreeRTOS/queue.o
                0x0810ced8                vQueueAddToRegistry
 .text.vQueueUnregisterQueue
                0x0810cefc       0x30 ./Middlewares/Third_Party/FreeRTOS/queue.o
                0x0810cefc                vQueueUnregisterQueue
 .text.vQueueDelete
                0x0810cf2c       0x2a ./Middlewares/Third_Party/FreeRTOS/queue.o
                0x0810cf2c                vQueueDelete
 .text.vQueueWaitForMessageRestricted
                0x0810cf56       0x46 ./Middlewares/Third_Party/FreeRTOS/queue.o
                0x0810cf56                vQueueWaitForMessageRestricted
 .text.prvAddNewTaskToReadyList
                0x0810cf9c       0xfc ./Middlewares/Third_Party/FreeRTOS/tasks.o
 .text.prvAddCurrentTaskToDelayedList
                0x0810d098       0x70 ./Middlewares/Third_Party/FreeRTOS/tasks.o
 .text.prvResetNextTaskUnblockTime
                0x0810d108       0x24 ./Middlewares/Third_Party/FreeRTOS/tasks.o
 .text.prvDeleteTCB
                0x0810d12c       0x3c ./Middlewares/Third_Party/FreeRTOS/tasks.o
 .text.prvIdleTask
                0x0810d168       0x60 ./Middlewares/Third_Party/FreeRTOS/tasks.o
 .text.prvInitialiseNewTask.constprop.0
                0x0810d1c8       0xc0 ./Middlewares/Third_Party/FreeRTOS/tasks.o
 .text.xTaskCreateStatic
                0x0810d288       0x70 ./Middlewares/Third_Party/FreeRTOS/tasks.o
                0x0810d288                xTaskCreateStatic
 .text.xTaskCreate
                0x0810d2f8       0x5c ./Middlewares/Third_Party/FreeRTOS/tasks.o
                0x0810d2f8                xTaskCreate
 .text.vTaskStartScheduler
                0x0810d354       0xa0 ./Middlewares/Third_Party/FreeRTOS/tasks.o
                0x0810d354                vTaskStartScheduler
 .text.vTaskSuspendAll
                0x0810d3f4       0x10 ./Middlewares/Third_Party/FreeRTOS/tasks.o
                0x0810d3f4                vTaskSuspendAll
 .text.xTaskGetTickCount
                0x0810d404        0xc ./Middlewares/Third_Party/FreeRTOS/tasks.o
                0x0810d404                xTaskGetTickCount
 .text.xTaskGetTickCountFromISR
                0x0810d410       0x10 ./Middlewares/Third_Party/FreeRTOS/tasks.o
                0x0810d410                xTaskGetTickCountFromISR
 .text.xTaskIncrementTick
                0x0810d420      0x12c ./Middlewares/Third_Party/FreeRTOS/tasks.o
                0x0810d420                xTaskIncrementTick
 .text.xTaskResumeAll
                0x0810d54c       0xe8 ./Middlewares/Third_Party/FreeRTOS/tasks.o
                0x0810d54c                xTaskResumeAll
 .text.vTaskDelay
                0x0810d634       0x48 ./Middlewares/Third_Party/FreeRTOS/tasks.o
                0x0810d634                vTaskDelay
 .text.vTaskSwitchContext
                0x0810d67c       0xb0 ./Middlewares/Third_Party/FreeRTOS/tasks.o
                0x0810d67c                vTaskSwitchContext
 .text.vTaskPlaceOnEventList
                0x0810d72c       0x34 ./Middlewares/Third_Party/FreeRTOS/tasks.o
                0x0810d72c                vTaskPlaceOnEventList
 .text.vTaskPlaceOnEventListRestricted
                0x0810d760       0x3c ./Middlewares/Third_Party/FreeRTOS/tasks.o
                0x0810d760                vTaskPlaceOnEventListRestricted
 .text.xTaskRemoveFromEventList
                0x0810d79c       0x84 ./Middlewares/Third_Party/FreeRTOS/tasks.o
                0x0810d79c                xTaskRemoveFromEventList
 .text.vTaskInternalSetTimeOutState
                0x0810d820       0x18 ./Middlewares/Third_Party/FreeRTOS/tasks.o
                0x0810d820                vTaskInternalSetTimeOutState
 .text.xTaskCheckForTimeOut
                0x0810d838       0x78 ./Middlewares/Third_Party/FreeRTOS/tasks.o
                0x0810d838                xTaskCheckForTimeOut
 .text.vTaskMissedYield
                0x0810d8b0        0xc ./Middlewares/Third_Party/FreeRTOS/tasks.o
                0x0810d8b0                vTaskMissedYield
 .text.xTaskGetCurrentTaskHandle
                0x0810d8bc        0xc ./Middlewares/Third_Party/FreeRTOS/tasks.o
                0x0810d8bc                xTaskGetCurrentTaskHandle
 .text.xTaskGetSchedulerState
                0x0810d8c8       0x20 ./Middlewares/Third_Party/FreeRTOS/tasks.o
                0x0810d8c8                xTaskGetSchedulerState
 .text.xTaskPriorityInherit
                0x0810d8e8       0x7c ./Middlewares/Third_Party/FreeRTOS/tasks.o
                0x0810d8e8                xTaskPriorityInherit
 .text.xTaskPriorityDisinherit
                0x0810d964       0x84 ./Middlewares/Third_Party/FreeRTOS/tasks.o
                0x0810d964                xTaskPriorityDisinherit
 .text.vTaskPriorityDisinheritAfterTimeout
                0x0810d9e8       0x9c ./Middlewares/Third_Party/FreeRTOS/tasks.o
                0x0810d9e8                vTaskPriorityDisinheritAfterTimeout
 .text.pvTaskIncrementMutexHeldCount
                0x0810da84       0x18 ./Middlewares/Third_Party/FreeRTOS/tasks.o
                0x0810da84                pvTaskIncrementMutexHeldCount
 .text.prvInsertTimerInActiveList
                0x0810da9c       0x3c ./Middlewares/Third_Party/FreeRTOS/timers.o
 .text.prvCheckForValidListAndQueue
                0x0810dad8       0x68 ./Middlewares/Third_Party/FreeRTOS/timers.o
 .text.xTimerCreateTimerTask
                0x0810db40       0x64 ./Middlewares/Third_Party/FreeRTOS/timers.o
                0x0810db40                xTimerCreateTimerTask
 .text.xTimerGenericCommand
                0x0810dba4       0x54 ./Middlewares/Third_Party/FreeRTOS/timers.o
                0x0810dba4                xTimerGenericCommand
 .text.prvSampleTimeNow
                0x0810dbf8       0xa4 ./Middlewares/Third_Party/FreeRTOS/timers.o
 .text.prvTimerTask
                0x0810dc9c      0x1cc ./Middlewares/Third_Party/FreeRTOS/timers.o
 .text.netconn_apimsg
                0x0810de68       0x14 ./Middlewares/Third_Party/LwIP/api_lib.o
 .text.netconn_send
                0x0810de7c       0x3c ./Middlewares/Third_Party/LwIP/api_lib.o
                0x0810de7c                netconn_send
 .text.netconn_sendto
                0x0810deb8       0x14 ./Middlewares/Third_Party/LwIP/api_lib.o
                0x0810deb8                netconn_sendto
 .text.netconn_err
                0x0810decc       0x1e ./Middlewares/Third_Party/LwIP/api_lib.o
                0x0810decc                netconn_err
 .text.lwip_netconn_do_send
                0x0810deea       0x3c ./Middlewares/Third_Party/LwIP/api_msg.o
                0x0810deea                lwip_netconn_do_send
 .text.lwip_htons
                0x0810df26        0x6 ./Middlewares/Third_Party/LwIP/def.o
                0x0810df26                lwip_htons
 .text.lwip_htonl
                0x0810df2c        0x4 ./Middlewares/Third_Party/LwIP/def.o
                0x0810df2c                lwip_htonl
 .text.etharp_free_entry
                0x0810df30       0x28 ./Middlewares/Third_Party/LwIP/etharp.o
 .text.etharp_find_entry
                0x0810df58      0x128 ./Middlewares/Third_Party/LwIP/etharp.o
 .text.etharp_raw
                0x0810e080       0xdc ./Middlewares/Third_Party/LwIP/etharp.o
 .text.etharp_cleanup_netif
                0x0810e15c       0x28 ./Middlewares/Third_Party/LwIP/etharp.o
                0x0810e15c                etharp_cleanup_netif
 .text.etharp_input
                0x0810e184      0x148 ./Middlewares/Third_Party/LwIP/etharp.o
                0x0810e184                etharp_input
 .text.etharp_request
                0x0810e2cc       0x2c ./Middlewares/Third_Party/LwIP/etharp.o
                0x0810e2cc                etharp_request
 .text.etharp_tmr
                0x0810e2f8       0x50 ./Middlewares/Third_Party/LwIP/etharp.o
                0x0810e2f8                etharp_tmr
 .text.etharp_output_to_arp_index
                0x0810e348       0xac ./Middlewares/Third_Party/LwIP/etharp.o
 .text.etharp_query
                0x0810e3f4      0x138 ./Middlewares/Third_Party/LwIP/etharp.o
                0x0810e3f4                etharp_query
 .text.etharp_output
                0x0810e52c      0x138 ./Middlewares/Third_Party/LwIP/etharp.o
                0x0810e52c                etharp_output
 .text.ethernet_input
                0x0810e664       0xa0 ./Middlewares/Third_Party/LwIP/ethernet.o
                0x0810e664                ethernet_input
 .text.ethernet_output
                0x0810e704       0x70 ./Middlewares/Third_Party/LwIP/ethernet.o
                0x0810e704                ethernet_output
 .text.icmp_send_response
                0x0810e774       0xa0 ./Middlewares/Third_Party/LwIP/icmp.o
 .text.icmp_input
                0x0810e814      0x15c ./Middlewares/Third_Party/LwIP/icmp.o
                0x0810e814                icmp_input
 .text.icmp_dest_unreach
                0x0810e970        0x8 ./Middlewares/Third_Party/LwIP/icmp.o
                0x0810e970                icmp_dest_unreach
 .text.icmp_time_exceeded
                0x0810e978        0x8 ./Middlewares/Third_Party/LwIP/icmp.o
                0x0810e978                icmp_time_exceeded
 .text.lwip_standard_chksum
                0x0810e980       0x54 ./Middlewares/Third_Party/LwIP/inet_chksum.o
                0x0810e980                lwip_standard_chksum
 .text.inet_chksum
                0x0810e9d4        0xc ./Middlewares/Third_Party/LwIP/inet_chksum.o
                0x0810e9d4                inet_chksum
 .text.inet_chksum_pbuf
                0x0810e9e0       0x44 ./Middlewares/Third_Party/LwIP/inet_chksum.o
                0x0810e9e0                inet_chksum_pbuf
 .text.lwip_init
                0x0810ea24       0x22 ./Middlewares/Third_Party/LwIP/init.o
                0x0810ea24                lwip_init
 *fill*         0x0810ea46        0x2 
 .text.ip4_input_accept
                0x0810ea48       0x34 ./Middlewares/Third_Party/LwIP/ip4.o
 .text.ip4_route
                0x0810ea7c       0x5c ./Middlewares/Third_Party/LwIP/ip4.o
                0x0810ea7c                ip4_route
 .text.ip4_input
                0x0810ead8      0x16c ./Middlewares/Third_Party/LwIP/ip4.o
                0x0810ead8                ip4_input
 .text.ip4_output_if_src
                0x0810ec44       0xf8 ./Middlewares/Third_Party/LwIP/ip4.o
                0x0810ec44                ip4_output_if_src
 .text.ip4_output_if
                0x0810ed3c       0x22 ./Middlewares/Third_Party/LwIP/ip4.o
                0x0810ed3c                ip4_output_if
 .text.ip4_addr_isbroadcast_u32
                0x0810ed5e       0x36 ./Middlewares/Third_Party/LwIP/ip4_addr.o
                0x0810ed5e                ip4_addr_isbroadcast_u32
 .text.ip_reass_dequeue_datagram
                0x0810ed94       0x44 ./Middlewares/Third_Party/LwIP/ip4_frag.o
 .text.ip_reass_free_complete_datagram
                0x0810edd8       0xe8 ./Middlewares/Third_Party/LwIP/ip4_frag.o
 .text.ip_reass_remove_oldest_datagram
                0x0810eec0       0x78 ./Middlewares/Third_Party/LwIP/ip4_frag.o
 .text.ipfrag_free_pbuf_custom
                0x0810ef38       0x34 ./Middlewares/Third_Party/LwIP/ip4_frag.o
 .text.ip_reass_tmr
                0x0810ef6c       0x2c ./Middlewares/Third_Party/LwIP/ip4_frag.o
                0x0810ef6c                ip_reass_tmr
 .text.ip4_reass
                0x0810ef98      0x3a8 ./Middlewares/Third_Party/LwIP/ip4_frag.o
                0x0810ef98                ip4_reass
 .text.ip4_frag
                0x0810f340      0x1cc ./Middlewares/Third_Party/LwIP/ip4_frag.o
                0x0810f340                ip4_frag
 .text.mem_init
                0x0810f50c       0x70 ./Middlewares/Third_Party/LwIP/mem.o
                0x0810f50c                mem_init
 .text.mem_free
                0x0810f57c      0x1ac ./Middlewares/Third_Party/LwIP/mem.o
                0x0810f57c                mem_free
 .text.mem_trim
                0x0810f728      0x164 ./Middlewares/Third_Party/LwIP/mem.o
                0x0810f728                mem_trim
 .text.mem_malloc
                0x0810f88c      0x154 ./Middlewares/Third_Party/LwIP/mem.o
                0x0810f88c                mem_malloc
 .text.mem_calloc
                0x0810f9e0       0x1c ./Middlewares/Third_Party/LwIP/mem.o
                0x0810f9e0                mem_calloc
 .text.do_memp_malloc_pool
                0x0810f9fc       0x3c ./Middlewares/Third_Party/LwIP/memp.o
 .text.do_memp_free_pool
                0x0810fa38       0x38 ./Middlewares/Third_Party/LwIP/memp.o
 .text.memp_init_pool
                0x0810fa70       0x26 ./Middlewares/Third_Party/LwIP/memp.o
                0x0810fa70                memp_init_pool
 *fill*         0x0810fa96        0x2 
 .text.memp_init
                0x0810fa98       0x1c ./Middlewares/Third_Party/LwIP/memp.o
                0x0810fa98                memp_init
 .text.memp_malloc_pool
                0x0810fab4       0x2c ./Middlewares/Third_Party/LwIP/memp.o
                0x0810fab4                memp_malloc_pool
 .text.memp_malloc
                0x0810fae0       0x38 ./Middlewares/Third_Party/LwIP/memp.o
                0x0810fae0                memp_malloc
 .text.memp_free_pool
                0x0810fb18       0x24 ./Middlewares/Third_Party/LwIP/memp.o
                0x0810fb18                memp_free_pool
 .text.memp_free
                0x0810fb3c       0x30 ./Middlewares/Third_Party/LwIP/memp.o
                0x0810fb3c                memp_free
 .text.mqtt_ringbuf_put
                0x0810fb6c       0x16 ./Middlewares/Third_Party/LwIP/mqtt.o
 .text.mqtt_output_append_u16
                0x0810fb82       0x14 ./Middlewares/Third_Party/LwIP/mqtt.o
 .text.mqtt_output_append_string
                0x0810fb96       0x28 ./Middlewares/Third_Party/LwIP/mqtt.o
 *fill*         0x0810fbbe        0x2 
 .text.mqtt_append_request
                0x0810fbc0       0x4c ./Middlewares/Third_Party/LwIP/mqtt.o
 .text.mqtt_ringbuf_advance_get_idx
                0x0810fc0c       0x3c ./Middlewares/Third_Party/LwIP/mqtt.o
 .text.mqtt_take_request
                0x0810fc48       0x54 ./Middlewares/Third_Party/LwIP/mqtt.o
 .text.mqtt_output_append_fixed_header.constprop.0
                0x0810fc9c       0x3c ./Middlewares/Third_Party/LwIP/mqtt.o
 .text.mqtt_close
                0x0810fcd8       0x80 ./Middlewares/Third_Party/LwIP/mqtt.o
 .text.mqtt_tcp_err_cb
                0x0810fd58       0x34 ./Middlewares/Third_Party/LwIP/mqtt.o
 .text.mqtt_output_check_space
                0x0810fd8c       0x2c ./Middlewares/Third_Party/LwIP/mqtt.o
 .text.mqtt_output_send
                0x0810fdb8       0xb2 ./Middlewares/Third_Party/LwIP/mqtt.o
 .text.mqtt_tcp_poll_cb
                0x0810fe6a       0x16 ./Middlewares/Third_Party/LwIP/mqtt.o
 .text.mqtt_tcp_connect_cb
                0x0810fe80       0x5c ./Middlewares/Third_Party/LwIP/mqtt.o
 .text.pub_ack_rec_rel_response.isra.0
                0x0810fedc       0x46 ./Middlewares/Third_Party/LwIP/mqtt.o
 *fill*         0x0810ff22        0x2 
 .text.mqtt_cyclic_timer
                0x0810ff24       0xf8 ./Middlewares/Third_Party/LwIP/mqtt.o
 .text.mqtt_message_received
                0x0811001c      0x228 ./Middlewares/Third_Party/LwIP/mqtt.o
 .text.mqtt_tcp_recv_cb
                0x08110244      0x1a4 ./Middlewares/Third_Party/LwIP/mqtt.o
 .text.mqtt_tcp_sent_cb
                0x081103e8       0x3e ./Middlewares/Third_Party/LwIP/mqtt.o
 *fill*         0x08110426        0x2 
 .text.mqtt_publish
                0x08110428      0x15c ./Middlewares/Third_Party/LwIP/mqtt.o
                0x08110428                mqtt_publish
 .text.mqtt_sub_unsub
                0x08110584      0x158 ./Middlewares/Third_Party/LwIP/mqtt.o
                0x08110584                mqtt_sub_unsub
 .text.mqtt_set_inpub_callback
                0x081106dc       0x30 ./Middlewares/Third_Party/LwIP/mqtt.o
                0x081106dc                mqtt_set_inpub_callback
 .text.mqtt_client_new
                0x0811070c        0xa ./Middlewares/Third_Party/LwIP/mqtt.o
                0x0811070c                mqtt_client_new
 .text.mqtt_client_free
                0x08110716        0x4 ./Middlewares/Third_Party/LwIP/mqtt.o
                0x08110716                mqtt_client_free
 *fill*         0x0811071a        0x2 
 .text.mqtt_client_connect
                0x0811071c      0x2ec ./Middlewares/Third_Party/LwIP/mqtt.o
                0x0811071c                mqtt_client_connect
 .text.netbuf_new
                0x08110a08       0x18 ./Middlewares/Third_Party/LwIP/netbuf.o
                0x08110a08                netbuf_new
 .text.netbuf_delete
                0x08110a20       0x22 ./Middlewares/Third_Party/LwIP/netbuf.o
                0x08110a20                netbuf_delete
 *fill*         0x08110a42        0x2 
 .text.netbuf_alloc
                0x08110a44       0x5c ./Middlewares/Third_Party/LwIP/netbuf.o
                0x08110a44                netbuf_alloc
 .text.netbuf_ref
                0x08110aa0       0x54 ./Middlewares/Third_Party/LwIP/netbuf.o
                0x08110aa0                netbuf_ref
 .text.netif_null_output_ip4
                0x08110af4        0x6 ./Middlewares/Third_Party/LwIP/netif.o
 *fill*         0x08110afa        0x2 
 .text.netif_issue_reports
                0x08110afc       0x44 ./Middlewares/Third_Party/LwIP/netif.o
 .text.netif_do_set_ipaddr.isra.0
                0x08110b40       0x34 ./Middlewares/Third_Party/LwIP/netif.o
 .text.netif_init
                0x08110b74        0x2 ./Middlewares/Third_Party/LwIP/netif.o
                0x08110b74                netif_init
 *fill*         0x08110b76        0x2 
 .text.netif_set_addr
                0x08110b78       0x58 ./Middlewares/Third_Party/LwIP/netif.o
                0x08110b78                netif_set_addr
 .text.netif_add
                0x08110bd0      0x118 ./Middlewares/Third_Party/LwIP/netif.o
                0x08110bd0                netif_add
 .text.netif_set_default
                0x08110ce8        0xc ./Middlewares/Third_Party/LwIP/netif.o
                0x08110ce8                netif_set_default
 .text.netif_set_up
                0x08110cf4       0x34 ./Middlewares/Third_Party/LwIP/netif.o
                0x08110cf4                netif_set_up
 .text.netif_set_down
                0x08110d28       0x38 ./Middlewares/Third_Party/LwIP/netif.o
                0x08110d28                netif_set_down
 .text.netif_set_link_up
                0x08110d60       0x48 ./Middlewares/Third_Party/LwIP/netif.o
                0x08110d60                netif_set_link_up
 .text.netif_set_link_down
                0x08110da8       0x34 ./Middlewares/Third_Party/LwIP/netif.o
                0x08110da8                netif_set_link_down
 .text.netif_set_link_callback
                0x08110ddc        0x6 ./Middlewares/Third_Party/LwIP/netif.o
                0x08110ddc                netif_set_link_callback
 *fill*         0x08110de2        0x2 
 .text.netif_get_by_index
                0x08110de4       0x24 ./Middlewares/Third_Party/LwIP/netif.o
                0x08110de4                netif_get_by_index
 .text.pbuf_skip_const