../Core/Src/stm32h7xx_it.c:70:6:NMI_Handler	0	static
../Core/Src/stm32h7xx_it.c:85:6:HardFault_Handler	0	static
../Core/Src/stm32h7xx_it.c:99:6:MemManage_Handler	0	static
../Core/Src/stm32h7xx_it.c:113:6:BusFault_Handler	0	static
../Core/Src/stm32h7xx_it.c:127:6:UsageFault_Handler	8	static
../Core/Src/stm32h7xx_it.c:142:6:SVC_Handler	0	static
../Core/Src/stm32h7xx_it.c:155:6:DebugMon_Handler	0	static
../Core/Src/stm32h7xx_it.c:168:6:PendSV_Handler	0	static
../Core/Src/stm32h7xx_it.c:181:6:SysTick_Handler	0	static
../Core/Src/stm32h7xx_it.c:202:6:TIM6_DAC_IRQHandler	0	static
