Archive member included to satisfy reference by file (symbol)

C:/ST/STM32CubeIDE_1.15.0/STM32CubeIDE/plugins/com.st.stm32cube.ide.mcu.externaltools.gnu-tools-for-stm32.12.3.rel1.win32_1.0.200.202406191623/tools/bin/../lib/gcc/arm-none-eabi/12.3.1/../../../../arm-none-eabi/lib/thumb/v7e-m+dp/hard\libc_nano.a(libc_a-atoi.o)
                              ./Core/Src/MQTTTopic.o (atoi)
C:/ST/STM32CubeIDE_1.15.0/STM32CubeIDE/plugins/com.st.stm32cube.ide.mcu.externaltools.gnu-tools-for-stm32.12.3.rel1.win32_1.0.200.202406191623/tools/bin/../lib/gcc/arm-none-eabi/12.3.1/../../../../arm-none-eabi/lib/thumb/v7e-m+dp/hard\libc_nano.a(libc_a-exit.o)
                              C:/ST/STM32CubeIDE_1.15.0/STM32CubeIDE/plugins/com.st.stm32cube.ide.mcu.externaltools.gnu-tools-for-stm32.12.3.rel1.win32_1.0.200.202406191623/tools/bin/../lib/gcc/arm-none-eabi/12.3.1/../../../../arm-none-eabi/lib/thumb/v7e-m+dp/hard/crt0.o (exit)
C:/ST/STM32CubeIDE_1.15.0/STM32CubeIDE/plugins/com.st.stm32cube.ide.mcu.externaltools.gnu-tools-for-stm32.12.3.rel1.win32_1.0.200.202406191623/tools/bin/../lib/gcc/arm-none-eabi/12.3.1/../../../../arm-none-eabi/lib/thumb/v7e-m+dp/hard\libc_nano.a(libc_a-rand.o)
                              ./Middlewares/Third_Party/LwIP/tcp.o (rand)
C:/ST/STM32CubeIDE_1.15.0/STM32CubeIDE/plugins/com.st.stm32cube.ide.mcu.externaltools.gnu-tools-for-stm32.12.3.rel1.win32_1.0.200.202406191623/tools/bin/../lib/gcc/arm-none-eabi/12.3.1/../../../../arm-none-eabi/lib/thumb/v7e-m+dp/hard\libc_nano.a(libc_a-strtol.o)
                              C:/ST/STM32CubeIDE_1.15.0/STM32CubeIDE/plugins/com.st.stm32cube.ide.mcu.externaltools.gnu-tools-for-stm32.12.3.rel1.win32_1.0.200.202406191623/tools/bin/../lib/gcc/arm-none-eabi/12.3.1/../../../../arm-none-eabi/lib/thumb/v7e-m+dp/hard\libc_nano.a(libc_a-atoi.o) (_strtol_r)
C:/ST/STM32CubeIDE_1.15.0/STM32CubeIDE/plugins/com.st.stm32cube.ide.mcu.externaltools.gnu-tools-for-stm32.12.3.rel1.win32_1.0.200.202406191623/tools/bin/../lib/gcc/arm-none-eabi/12.3.1/../../../../arm-none-eabi/lib/thumb/v7e-m+dp/hard\libc_nano.a(libc_a-ctype_.o)
                              ./Middlewares/Third_Party/LwIP/ip4_addr.o (_ctype_)
C:/ST/STM32CubeIDE_1.15.0/STM32CubeIDE/plugins/com.st.stm32cube.ide.mcu.externaltools.gnu-tools-for-stm32.12.3.rel1.win32_1.0.200.202406191623/tools/bin/../lib/gcc/arm-none-eabi/12.3.1/../../../../arm-none-eabi/lib/thumb/v7e-m+dp/hard\libc_nano.a(libc_a-nano-vfprintf_float.o)
                              (_printf_float)
C:/ST/STM32CubeIDE_1.15.0/STM32CubeIDE/plugins/com.st.stm32cube.ide.mcu.externaltools.gnu-tools-for-stm32.12.3.rel1.win32_1.0.200.202406191623/tools/bin/../lib/gcc/arm-none-eabi/12.3.1/../../../../arm-none-eabi/lib/thumb/v7e-m+dp/hard\libc_nano.a(libc_a-nano-vfprintf_i.o)
                              C:/ST/STM32CubeIDE_1.15.0/STM32CubeIDE/plugins/com.st.stm32cube.ide.mcu.externaltools.gnu-tools-for-stm32.12.3.rel1.win32_1.0.200.202406191623/tools/bin/../lib/gcc/arm-none-eabi/12.3.1/../../../../arm-none-eabi/lib/thumb/v7e-m+dp/hard\libc_nano.a(libc_a-nano-vfprintf_float.o) (_printf_common)
C:/ST/STM32CubeIDE_1.15.0/STM32CubeIDE/plugins/com.st.stm32cube.ide.mcu.externaltools.gnu-tools-for-stm32.12.3.rel1.win32_1.0.200.202406191623/tools/bin/../lib/gcc/arm-none-eabi/12.3.1/../../../../arm-none-eabi/lib/thumb/v7e-m+dp/hard\libc_nano.a(libc_a-findfp.o)
                              ./Middlewares/Third_Party/FreeRTOS/tasks.o (__sf)
C:/ST/STM32CubeIDE_1.15.0/STM32CubeIDE/plugins/com.st.stm32cube.ide.mcu.externaltools.gnu-tools-for-stm32.12.3.rel1.win32_1.0.200.202406191623/tools/bin/../lib/gcc/arm-none-eabi/12.3.1/../../../../arm-none-eabi/lib/thumb/v7e-m+dp/hard\libc_nano.a(libc_a-fwalk.o)
                              C:/ST/STM32CubeIDE_1.15.0/STM32CubeIDE/plugins/com.st.stm32cube.ide.mcu.externaltools.gnu-tools-for-stm32.12.3.rel1.win32_1.0.200.202406191623/tools/bin/../lib/gcc/arm-none-eabi/12.3.1/../../../../arm-none-eabi/lib/thumb/v7e-m+dp/hard\libc_nano.a(libc_a-findfp.o) (_fwalk_sglue)
C:/ST/STM32CubeIDE_1.15.0/STM32CubeIDE/plugins/com.st.stm32cube.ide.mcu.externaltools.gnu-tools-for-stm32.12.3.rel1.win32_1.0.200.202406191623/tools/bin/../lib/gcc/arm-none-eabi/12.3.1/../../../../arm-none-eabi/lib/thumb/v7e-m+dp/hard\libc_nano.a(libc_a-printf.o)
                              ./Core/Src/MQTTClient.o (printf)
C:/ST/STM32CubeIDE_1.15.0/STM32CubeIDE/plugins/com.st.stm32cube.ide.mcu.externaltools.gnu-tools-for-stm32.12.3.rel1.win32_1.0.200.202406191623/tools/bin/../lib/gcc/arm-none-eabi/12.3.1/../../../../arm-none-eabi/lib/thumb/v7e-m+dp/hard\libc_nano.a(libc_a-puts.o)
                              ./Core/Src/MQTTClient.o (puts)
C:/ST/STM32CubeIDE_1.15.0/STM32CubeIDE/plugins/com.st.stm32cube.ide.mcu.externaltools.gnu-tools-for-stm32.12.3.rel1.win32_1.0.200.202406191623/tools/bin/../lib/gcc/arm-none-eabi/12.3.1/../../../../arm-none-eabi/lib/thumb/v7e-m+dp/hard\libc_nano.a(libc_a-snprintf.o)
                              ./Core/Src/MQTTClient.o (snprintf)
[...]
Memory Configuration

Name             Origin             Length             Attributes
RAM_D1           0x24000000         0x00080000         xrw
FLASH            0x08000000         0x00100000         xr
DTCMRAM          0x20000000         0x00020000         xrw
RAM_D2           0x30000000         0x00048000         xrw
RAM_D3           0x38000000         0x00010000         xrw
ITCMRAM          0x00000000         0x00010000         xrw
*default*        0x00000000         0xffffffff

Linker script and memory map

LOAD C:/ST/STM32CubeIDE_1.15.0/STM32CubeIDE/plugins/com.st.stm32cube.ide.mcu.externaltools.gnu-tools-for-stm32.12.3.rel1.win32_1.0.200.202406191623/tools/bin/../lib/gcc/arm-none-eabi/12.3.1/thumb/v7e-m+dp/hard/crti.o
LOAD C:/ST/STM32CubeIDE_1.15.0/STM32CubeIDE/plugins/com.st.stm32cube.ide.mcu.externaltools.gnu-tools-for-stm32.12.3.rel1.win32_1.0.200.202406191623/tools/bin/../lib/gcc/arm-none-eabi/12.3.1/thumb/v7e-m+dp/hard/crtbegin.o
LOAD C:/ST/STM32CubeIDE_1.15.0/STM32CubeIDE/plugins/com.st.stm32cube.ide.mcu.externaltools.gnu-tools-for-stm32.12.3.rel1.win32_1.0.200.202406191623/tools/bin/../lib/gcc/arm-none-eabi/12.3.1/../../../../arm-none-eabi/lib/thumb/v7e-m+dp/hard/crt0.o
LOAD ./Common/Src/system_stm32h7xx_dualcore_boot_cm4_cm7.o
LOAD ./Core/Src/MQTTClient.o
LOAD ./Core/Src/MQTTTopic.o
LOAD ./Core/Src/flash_if.o
LOAD ./Core/Src/freertos.o
LOAD ./Core/Src/main.o
LOAD ./Core/Src/miim_library.o
LOAD ./Core/Src/serial_comm.o
LOAD ./Core/Src/stm32h7xx_hal_msp.o
LOAD ./Core/Src/stm32h7xx_hal_timebase_tim.o
LOAD ./Core/Src/stm32h7xx_it.o
LOAD ./Core/Src/syscalls.o
LOAD ./Core/Src/sysmem.o
LOAD ./Core/Src/udpclient.o
LOAD ./Core/Startup/startup_stm32h747aiix.o
LOAD ./Drivers/BSP/Components/lan8742.o
LOAD ./Drivers/STM32H7xx_HAL_Driver/stm32h7xx_hal.o
LOAD ./Drivers/STM32H7xx_HAL_Driver/stm32h7xx_hal_adc.o
LOAD ./Drivers/STM32H7xx_HAL_Driver/stm32h7xx_hal_adc_ex.o
LOAD ./Drivers/STM32H7xx_HAL_Driver/stm32h7xx_hal_cortex.o
LOAD ./Drivers/STM32H7xx_HAL_Driver/stm32h7xx_hal_dma.o
LOAD ./Drivers/STM32H7xx_HAL_Driver/stm32h7xx_hal_dma_ex.o
LOAD ./Drivers/STM32H7xx_HAL_Driver/stm32h7xx_hal_eth.o
LOAD ./Drivers/STM32H7xx_HAL_Driver/stm32h7xx_hal_eth_ex.o
LOAD ./Drivers/STM32H7xx_HAL_Driver/stm32h7xx_hal_exti.o
LOAD ./Drivers/STM32H7xx_HAL_Driver/stm32h7xx_hal_flash.o
LOAD ./Drivers/STM32H7xx_HAL_Driver/stm32h7xx_hal_flash_ex.o
LOAD ./Drivers/STM32H7xx_HAL_Driver/stm32h7xx_hal_gpio.o
LOAD ./Drivers/STM32H7xx_HAL_Driver/stm32h7xx_hal_hsem.o
LOAD ./Drivers/STM32H7xx_HAL_Driver/stm32h7xx_hal_i2c.o
LOAD ./Drivers/STM32H7xx_HAL_Driver/stm32h7xx_hal_i2c_ex.o
LOAD ./Drivers/STM32H7xx_HAL_Driver/stm32h7xx_hal_mdma.o
LOAD ./Drivers/STM32H7xx_HAL_Driver/stm32h7xx_hal_pwr.o
LOAD ./Drivers/STM32H7xx_HAL_Driver/stm32h7xx_hal_pwr_ex.o
LOAD ./Drivers/STM32H7xx_HAL_Driver/stm32h7xx_hal_rcc.o
LOAD ./Drivers/STM32H7xx_HAL_Driver/stm32h7xx_hal_rcc_ex.o
LOAD ./Drivers/STM32H7xx_HAL_Driver/stm32h7xx_hal_tim.o
LOAD ./Drivers/STM32H7xx_HAL_Driver/stm32h7xx_hal_tim_ex.o
LOAD ./Drivers/STM32H7xx_HAL_Driver/stm32h7xx_hal_uart.o
LOAD ./Drivers/STM32H7xx_HAL_Driver/stm32h7xx_hal_uart_ex.o
LOAD ./LWIP/App/lwip.o
LOAD ./LWIP/Target/ethernetif.o
LOAD ./Middlewares/Third_Party/FreeRTOS/cmsis_os2.o
LOAD ./Middlewares/Third_Party/FreeRTOS/croutine.o
LOAD ./Middlewares/Third_Party/FreeRTOS/event_groups.o
LOAD ./Middlewares/Third_Party/FreeRTOS/heap_4.o
LOAD ./Middlewares/Third_Party/FreeRTOS/list.o
LOAD ./Middlewares/Third_Party/FreeRTOS/port.o
LOAD ./Middlewares/Third_Party/FreeRTOS/queue.o
LOAD ./Middlewares/Third_Party/FreeRTOS/stream_buffer.o
LOAD ./Middlewares/Third_Party/FreeRTOS/tasks.o
LOAD ./Middlewares/Third_Party/FreeRTOS/timers.o
LOAD ./Middlewares/Third_Party/LwIP/altcp.o
LOAD ./Middlewares/Third_Party/LwIP/altcp_alloc.o
LOAD ./Middlewares/Third_Party/LwIP/altcp_tcp.o
LOAD ./Middlewares/Third_Party/LwIP/api_lib.o
LOAD ./Middlewares/Third_Party/LwIP/api_msg.o
LOAD ./Middlewares/Third_Party/LwIP/auth.o
LOAD ./Middlewares/Third_Party/LwIP/autoip.o
LOAD ./Middlewares/Third_Party/LwIP/bridgeif.o
LOAD ./Middlewares/Third_Party/LwIP/bridgeif_fdb.o
LOAD ./Middlewares/Third_Party/LwIP/ccp.o
LOAD ./Middlewares/Third_Party/LwIP/chap-md5.o
LOAD ./Middlewares/Third_Party/LwIP/chap-new.o
LOAD ./Middlewares/Third_Party/LwIP/chap_ms.o
LOAD ./Middlewares/Third_Party/LwIP/def.o
LOAD ./Middlewares/Third_Party/LwIP/demand.o
LOAD ./Middlewares/Third_Party/LwIP/dhcp.o
LOAD ./Middlewares/Third_Party/LwIP/dhcp6.o
LOAD ./Middlewares/Third_Party/LwIP/dns.o
LOAD ./Middlewares/Third_Party/LwIP/eap.o
LOAD ./Middlewares/Third_Party/LwIP/ecp.o
LOAD ./Middlewares/Third_Party/LwIP/err.o
LOAD ./Middlewares/Third_Party/LwIP/etharp.o
LOAD ./Middlewares/Third_Party/LwIP/ethernet.o
LOAD ./Middlewares/Third_Party/LwIP/ethip6.o
LOAD ./Middlewares/Third_Party/LwIP/eui64.o
LOAD ./Middlewares/Third_Party/LwIP/fsm.o
LOAD ./Middlewares/Third_Party/LwIP/icmp.o
LOAD ./Middlewares/Third_Party/LwIP/icmp6.o
LOAD ./Middlewares/Third_Party/LwIP/if_api.o
LOAD ./Middlewares/Third_Party/LwIP/igmp.o
LOAD ./Middlewares/Third_Party/LwIP/inet6.o
LOAD ./Middlewares/Third_Party/LwIP/inet_chksum.o
LOAD ./Middlewares/Third_Party/LwIP/init.o
LOAD ./Middlewares/Third_Party/LwIP/ip.o
LOAD ./Middlewares/Third_Party/LwIP/ip4.o
LOAD ./Middlewares/Third_Party/LwIP/ip4_addr.o
LOAD ./Middlewares/Third_Party/LwIP/ip4_frag.o
LOAD ./Middlewares/Third_Party/LwIP/ip6.o
LOAD ./Middlewares/Third_Party/LwIP/ip6_addr.o
LOAD ./Middlewares/Third_Party/LwIP/ip6_frag.o
LOAD ./Middlewares/Third_Party/LwIP/ipcp.o
LOAD ./Middlewares/Third_Party/LwIP/ipv6cp.o
LOAD ./Middlewares/Third_Party/LwIP/lcp.o
LOAD ./Middlewares/Third_Party/LwIP/lowpan6.o
LOAD ./Middlewares/Third_Party/LwIP/lowpan6_ble.o
LOAD ./Middlewares/Third_Party/LwIP/lowpan6_common.o
LOAD ./Middlewares/Third_Party/LwIP/lwiperf.o
LOAD ./Middlewares/Third_Party/LwIP/magic.o
LOAD ./Middlewares/Third_Party/LwIP/mem.o
LOAD ./Middlewares/Third_Party/LwIP/memp.o
LOAD ./Middlewares/Third_Party/LwIP/mld6.o
LOAD ./Middlewares/Third_Party/LwIP/mppe.o
LOAD ./Middlewares/Third_Party/LwIP/mqtt.o
LOAD ./Middlewares/Third_Party/LwIP/multilink.o
LOAD ./Middlewares/Third_Party/LwIP/nd6.o
LOAD ./Middlewares/Third_Party/LwIP/netbuf.o
LOAD ./Middlewares/Third_Party/LwIP/netdb.o
LOAD ./Middlewares/Third_Party/LwIP/netif.o
LOAD ./Middlewares/Third_Party/LwIP/netifapi.o
LOAD ./Middlewares/Third_Party/LwIP/pbuf.o
LOAD ./Middlewares/Third_Party/LwIP/ppp.o
LOAD ./Middlewares/Third_Party/LwIP/pppapi.o
LOAD ./Middlewares/Third_Party/LwIP/pppcrypt.o
LOAD ./Middlewares/Third_Party/LwIP/pppoe.o
LOAD ./Middlewares/Third_Party/LwIP/pppol2tp.o
LOAD ./Middlewares/Third_Party/LwIP/pppos.o
LOAD ./Middlewares/Third_Party/LwIP/raw.o
LOAD ./Middlewares/Third_Party/LwIP/slipif.o
LOAD ./Middlewares/Third_Party/LwIP/sockets.o
LOAD ./Middlewares/Third_Party/LwIP/stats.o
LOAD ./Middlewares/Third_Party/LwIP/sys.o
LOAD ./Middlewares/Third_Party/LwIP/sys_arch.o
LOAD ./Middlewares/Third_Party/LwIP/tcp.o
LOAD ./Middlewares/Third_Party/LwIP/tcp_in.o
LOAD ./Middlewares/Third_Party/LwIP/tcp_out.o
LOAD ./Middlewares/Third_Party/LwIP/tcpip.o
LOAD ./Middlewares/Third_Party/LwIP/timeouts.o
LOAD ./Middlewares/Third_Party/LwIP/udp.o
LOAD ./Middlewares/Third_Party/LwIP/upap.o
LOAD ./Middlewares/Third_Party/LwIP/utils.o
LOAD ./Middlewares/Third_Party/LwIP/vj.o
LOAD ./Middlewares/Third_Party/LwIP/zepif.o
START GROUP
LOAD C:/ST/STM32CubeIDE_1.15.0/STM32CubeIDE/plugins/com.st.stm32cube.ide.mcu.externaltools.gnu-tools-for-stm32.12.3.rel1.win32_1.0.200.202406191623/tools/bin/../lib/gcc/arm-none-eabi/12.3.1/../../../../arm-none-eabi/lib/thumb/v7e-m+dp/hard\libc_nano.a
LOAD C:/ST/STM32CubeIDE_1.15.0/STM32CubeIDE/plugins/com.st.stm32cube.ide.mcu.externaltools.gnu-tools-for-stm32.12.3.rel1.win32_1.0.200.202406191623/tools/bin/../lib/gcc/arm-none-eabi/12.3.1/../../../../arm-none-eabi/lib/thumb/v7e-m+dp/hard\libm.a
END GROUP
START GROUP
LOAD C:/ST/STM32CubeIDE_1.15.0/STM32CubeIDE/plugins/com.st.stm32cube.ide.mcu.externaltools.gnu-tools-for-stm32.12.3.rel1.win32_1.0.200.202406191623/tools/bin/../lib/gcc/arm-none-eabi/12.3.1/thumb/v7e-m+dp/hard\libgcc.a
LOAD C:/ST/STM32CubeIDE_1.15.0/STM32CubeIDE/plugins/com.st.stm32cube.ide.mcu.externaltools.gnu-tools-for-stm32.12.3.rel1.win32_1.0.200.202406191623/tools/bin/../lib/gcc/arm-none-eabi/12.3.1/../../../../arm-none-eabi/lib/thumb/v7e-m+dp/hard\libc_nano.a
END GROUP
START GROUP
LOAD C:/ST/STM32CubeIDE_1.15.0/STM32CubeIDE/plugins/com.st.stm32cube.ide.mcu.externaltools.gnu-tools-for-stm32.12.3.rel1.win32_1.0.200.202406191623/tools/bin/../lib/gcc/arm-none-eabi/12.3.1/thumb/v7e-m+dp/hard\libgcc.a
LOAD C:/ST/STM32CubeIDE_1.15.0/STM32CubeIDE/plugins/com.st.stm32cube.ide.mcu.externaltools.gnu-tools-for-stm32.12.3.rel1.win32_1.0.200.202406191623/tools/bin/../lib/gcc/arm-none-eabi/12.3.1/../../../../arm-none-eabi/lib/thumb/v7e-m+dp/hard\libc_nano.a
LOAD C:/ST/STM32CubeIDE_1.15.0/STM32CubeIDE/plugins/com.st.stm32cube.ide.mcu.externaltools.gnu-tools-for-stm32.12.3.rel1.win32_1.0.200.202406191623/tools/bin/../lib/gcc/arm-none-eabi/12.3.1/../../../../arm-none-eabi/lib/thumb/v7e-m+dp/hard\libnosys.a
END GROUP
START GROUP
LOAD C:/ST/STM32CubeIDE_1.15.0/STM32CubeIDE/plugins/com.st.stm32cube.ide.mcu.externaltools.gnu-tools-for-stm32.12.3.rel1.win32_1.0.200.202406191623/tools/bin/../lib/gcc/arm-none-eabi/12.3.1/thumb/v7e-m+dp/hard\libgcc.a
LOAD C:/ST/STM32CubeIDE_1.15.0/STM32CubeIDE/plugins/com.st.stm32cube.ide.mcu.externaltools.gnu-tools-for-stm32.12.3.rel1.win32_1.0.200.202406191623/tools/bin/../lib/gcc/arm-none-eabi/12.3.1/../../../../arm-none-eabi/lib/thumb/v7e-m+dp/hard\libc_nano.a
LOAD C:/ST/STM32CubeIDE_1.15.0/STM32CubeIDE/plugins/com.st.stm32cube.ide.mcu.externaltools.gnu-tools-for-stm32.12.3.rel1.win32_1.0.200.202406191623/tools/bin/../lib/gcc/arm-none-eabi/12.3.1/../../../../arm-none-eabi/lib/thumb/v7e-m+dp/hard\libnosys.a
END GROUP
LOAD C:/ST/STM32CubeIDE_1.15.0/STM32CubeIDE/plugins/com.st.stm32cube.ide.mcu.externaltools.gnu-tools-for-stm32.12.3.rel1.win32_1.0.200.202406191623/tools/bin/../lib/gcc/arm-none-eabi/12.3.1/thumb/v7e-m+dp/hard/crtend.o
LOAD C:/ST/STM32CubeIDE_1.15.0/STM32CubeIDE/plugins/com.st.stm32cube.ide.mcu.externaltools.gnu-tools-for-stm32.12.3.rel1.win32_1.0.200.202406191623/tools/bin/../lib/gcc/arm-none-eabi/12.3.1/thumb/v7e-m+dp/hard/crtn.o
                0x24080000                        _estack = (ORIGIN (RAM_D1) + LENGTH (RAM_D1))
                0x00000200                        _Min_Heap_Size = 0x200
                0x00000400                        _Min_Stack_Size = 0x400

.isr_vector     0x08000000      0x298
                0x08000000                        . = ALIGN (0x4)
 *(.isr_vector)
 .isr_vector    0x08000000      0x298 ./Core/Startup/startup_stm32h747aiix.o
                0x08000000                g_pfnVectors
                0x08000298                        . = ALIGN (0x4)

.text           0x080002a0    0x14f58
                0x080002a0                        . = ALIGN (0x4)
 *(.text)
 .text          0x080002a0       0x40 C:/ST/STM32CubeIDE_1.15.0/STM32CubeIDE/plugins/com.st.stm32cube.ide.mcu.externaltools.gnu-tools-for-stm32.12.3.rel1.win32_1.0.200.202406191623/tools/bin/../lib/gcc/arm-none-eabi/12.3.1/thumb/v7e-m+dp/hard/crtbegin.o
 .text          0x080002e0       0x14 C:/ST/STM32CubeIDE_1.15.0/STM32CubeIDE/plugins/com.st.stm32cube.ide.mcu.externaltools.gnu-tools-for-stm32.12.3.rel1.win32_1.0.200.202406191623/tools/bin/../lib/gcc/arm-none-eabi/12.3.1/../../../../arm-none-eabi/lib/thumb/v7e-m+dp/hard\libc_nano.a(libc_a-strcmp.o)
                0x080002e0                strcmp
 *fill*         0x080002f4        0xc 
 .text          0x08000300       0xa0 C:/ST/STM32CubeIDE_1.15.0/STM32CubeIDE/plugins/com.st.stm32cube.ide.mcu.externaltools.gnu-tools-for-stm32.12.3.rel1.win32_1.0.200.202406191623/tools/bin/../lib/gcc/arm-none-eabi/12.3.1/../../../../arm-none-eabi/lib/thumb/v7e-m+dp/hard\libc_nano.a(libc_a-memchr.o)
                0x08000300                memchr
 .text          0x080003a0       0x10 C:/ST/STM32CubeIDE_1.15.0/STM32CubeIDE/plugins/com.st.stm32cube.ide.mcu.externaltools.gnu-tools-for-stm32.12.3.rel1.win32_1.0.200.202406191623/tools/bin/../lib/gcc/arm-none-eabi/12.3.1/../../../../arm-none-eabi/lib/thumb/v7e-m+dp/hard\libc_nano.a(libc_a-strlen.o)
                0x080003a0                strlen
 .text          0x080003b0       0x30 C:/ST/STM32CubeIDE_1.15.0/STM32CubeIDE/plugins/com.st.stm32cube.ide.mcu.externaltools.gnu-tools-for-stm32.12.3.rel1.win32_1.0.200.202406191623/tools/bin/../lib/gcc/arm-none-eabi/12.3.1/thumb/v7e-m+dp/hard\libgcc.a(_aeabi_uldivmod.o)
                0x080003b0                __aeabi_uldivmod
 .text          0x080003e0      0x2bc C:/ST/STM32CubeIDE_1.15.0/STM32CubeIDE/plugins/com.st.stm32cube.ide.mcu.externaltools.gnu-tools-for-stm32.12.3.rel1.win32_1.0.200.202406191623/tools/bin/../lib/gcc/arm-none-eabi/12.3.1/thumb/v7e-m+dp/hard\libgcc.a(_udivmoddi4.o)
                0x080003e0                __udivmoddi4
 .text          0x0800069c        0x4 C:/ST/STM32CubeIDE_1.15.0/STM32CubeIDE/plugins/com.st.stm32cube.ide.mcu.externaltools.gnu-tools-for-stm32.12.3.rel1.win32_1.0.200.202406191623/tools/bin/../lib/gcc/arm-none-eabi/12.3.1/thumb/v7e-m+dp/hard\libgcc.a(_dvmd_tls.o)
                0x0800069c                __aeabi_idiv0
                0x0800069c                __aeabi_ldiv0
 *(.text*)
 .text.SystemInit
                0x080006a0       0xd8 ./Common/Src/system_stm32h7xx_dualcore_boot_cm4_cm7.o
                0x080006a0                SystemInit
 .text.mqtt_request_cb
                0x08000778       0x2c ./Core/Src/MQTTClient.o
                0x08000778                mqtt_request_cb
 .text.mqtt_incoming_data_cb
                0x080007a4       0x24 ./Core/Src/MQTTClient.o
 .text.mqtt_incoming_publish_cb
                0x080007c8       0x2c ./Core/Src/MQTTClient.o
 .text.mqtt_example_init
                0x080007f4       0x90 ./Core/Src/MQTTClient.o
                0x080007f4                mqtt_example_init
 .text.mqtt_connection_cb
                0x08000884       0x8c ./Core/Src/MQTTClient.o
 .text.handle_trigger_state
                0x08000910        0xc ./Core/Src/MQTTTopic.o
                0x08000910                handle_trigger_state
 .text.handle_serial_protocol
                0x0800091c       0x64 ./Core/Src/MQTTTopic.o
                0x0800091c                handle_serial_protocol
 .text.handle_serial_baudrate
                0x08000980       0xa0 ./Core/Src/MQTTTopic.o
                0x08000980                handle_serial_baudrate
 .text.handle_serial_flowcontrol
                0x08000a20        0xc ./Core/Src/MQTTTopic.o
                0x08000a20                handle_serial_flowcontrol
 .text.handle_serial_databits
                0x08000a2c       0x84 ./Core/Src/MQTTTopic.o
                0x08000a2c                handle_serial_databits
 .text.handle_serial_parity
                0x08000ab0       0x84 ./Core/Src/MQTTTopic.o
                0x08000ab0                handle_serial_parity
 .text.handle_serial_stopbits
                0x08000b34       0x9c ./Core/Src/MQTTTopic.o
                0x08000b34                handle_serial_stopbits
 .text.handle_ethernet_speed
                0x08000bd0        0xc ./Core/Src/MQTTTopic.o
                0x08000bd0                handle_ethernet_speed
 .text.handle_enable_iap
                0x08000bdc       0x5c ./Core/Src/MQTTTopic.o
                0x08000bdc                handle_enable_iap
 .text.handle_status_ethernet_link
                0x08000c38        0xc ./Core/Src/MQTTTopic.o
                0x08000c38                handle_status_ethernet_link
 .text.handle_status_ethernet_activity
                0x08000c44        0xc ./Core/Src/MQTTTopic.o
                0x08000c44                handle_status_ethernet_activity
 .text.handle_incoming_topic_data
                0x08000c50      0x1ac ./Core/Src/MQTTTopic.o
                0x08000c50                handle_incoming_topic_data
 .text.mqtt_subscribe_to_topics
                0x08000dfc       0x88 ./Core/Src/MQTTTopic.o
                0x08000dfc                mqtt_subscribe_to_topics
 .text.StartDefaultTask
                0x08000e84      0x12c ./Core/Src/main.o
                0x08000e84                StartDefaultTask
 .text._write   0x08000fb0       0x30 ./Core/Src/main.o
                0x08000fb0                _write
 .text.SystemClock_Config
                0x08000fe0      0x104 ./Core/Src/main.o
                0x08000fe0                SystemClock_Config
 .text.startup.main
                0x080010e4      0x480 ./Core/Src/main.o
                0x080010e4                main
 .text.HAL_GPIO_EXTI_Callback
                0x08001564       0x30 ./Core/Src/main.o
                0x08001564                HAL_GPIO_EXTI_Callback
 .text.HAL_TIM_PeriodElapsedCallback
                0x08001594       0x14 ./Core/Src/main.o
                0x08001594                HAL_TIM_PeriodElapsedCallback
 .text.Error_Handler
                0x080015a8        0x4 ./Core/Src/main.o
                0x080015a8                Error_Handler
 .text.Switch_RS_Mode.part.0
                0x080015ac       0x30 ./Core/Src/serial_comm.o
 .text.Process_DMA_RxData
                0x080015dc       0x18 ./Core/Src/serial_comm.o
                0x080015dc                Process_DMA_RxData
 .text.HAL_UART_RxCpltCallback
                0x080015f4       0x30 ./Core/Src/serial_comm.o
                0x080015f4                HAL_UART_RxCpltCallback
 .text.HAL_UART_RxHalfCpltCallback
                0x08001624       0x30 ./Core/Src/serial_comm.o
                0x08001624                HAL_UART_RxHalfCpltCallback
 .text.Switch_RS_Mode
                0x08001654       0x48 ./Core/Src/serial_comm.o
                0x08001654                Switch_RS_Mode
 .text.HAL_MspInit
                0x0800169c       0x30 ./Core/Src/stm32h7xx_hal_msp.o
                0x0800169c                HAL_MspInit
 .text.HAL_ADC_MspInit
                0x080016cc       0x68 ./Core/Src/stm32h7xx_hal_msp.o
                0x080016cc                HAL_ADC_MspInit
 .text.HAL_TIM_Base_MspInit
                0x08001734       0x30 ./Core/Src/stm32h7xx_hal_msp.o
                0x08001734                HAL_TIM_Base_MspInit
 .text.HAL_UART_MspInit
                0x08001764      0x1b4 ./Core/Src/stm32h7xx_hal_msp.o
                0x08001764                HAL_UART_MspInit
 .text.HAL_InitTick
                0x08001918       0x98 ./Core/Src/stm32h7xx_hal_timebase_tim.o
                0x08001918                HAL_InitTick
 .text.NMI_Handler
                0x080019b0        0x2 ./Core/Src/stm32h7xx_it.o
                0x080019b0                NMI_Handler
 .text.HardFault_Handler
                0x080019b2        0x2 ./Core/Src/stm32h7xx_it.o
                0x080019b2                HardFault_Handler
 .text.MemManage_Handler
                0x080019b4        0x2 ./Core/Src/stm32h7xx_it.o
                0x080019b4                MemManage_Handler
 .text.BusFault_Handler
                0x080019b6        0x2 ./Core/Src/stm32h7xx_it.o
                0x080019b6                BusFault_Handler
 .text.UsageFault_Handler
                0x080019b8        0x2 ./Core/Src/stm32h7xx_it.o
                0x080019b8                UsageFault_Handler
 .text.DebugMon_Handler
                0x080019ba        0x2 ./Core/Src/stm32h7xx_it.o
                0x080019ba                DebugMon_Handler
 .text.EXTI0_IRQHandler
                0x080019bc        0x6 ./Core/Src/stm32h7xx_it.o
                0x080019bc                EXTI0_IRQHandler
 *fill*         0x080019c2        0x2 
 .text.DMA1_Stream0_IRQHandler
                0x080019c4        0xc ./Core/Src/stm32h7xx_it.o
                0x080019c4                DMA1_Stream0_IRQHandler
 .text.DMA1_Stream1_IRQHandler
                0x080019d0        0xc ./Core/Src/stm32h7xx_it.o
                0x080019d0                DMA1_Stream1_IRQHandler
 .text.USART2_IRQHandler
                0x080019dc        0xc ./Core/Src/stm32h7xx_it.o
                0x080019dc                USART2_IRQHandler
 .text.USART3_IRQHandler
                0x080019e8        0xc ./Core/Src/stm32h7xx_it.o
                0x080019e8                USART3_IRQHandler
 .text.TIM7_IRQHandler
                0x080019f4        0xc ./Core/Src/stm32h7xx_it.o
                0x080019f4                TIM7_IRQHandler
 .text.ETH_IRQHandler
                0x08001a00        0xc ./Core/Src/stm32h7xx_it.o
                0x08001a00                ETH_IRQHandler
 .text._getpid  0x08001a0c        0x4 ./Core/Src/syscalls.o
                0x08001a0c                _getpid
 .text._kill    0x08001a10       0x10 ./Core/Src/syscalls.o
                0x08001a10                _kill
 .text._exit    0x08001a20        0xc ./Core/Src/syscalls.o
                0x08001a20                _exit
 .text._read    0x08001a2c       0x1c ./Core/Src/syscalls.o
                0x08001a2c                _read
 .text._close   0x08001a48        0x6 ./Core/Src/syscalls.o
                0x08001a48                _close
 .text._fstat   0x08001a4e        0xa ./Core/Src/syscalls.o
                0x08001a4e                _fstat
 .text._isatty  0x08001a58        0x4 ./Core/Src/syscalls.o
                0x08001a58                _isatty
 .text._lseek   0x08001a5c        0x4 ./Core/Src/syscalls.o
                0x08001a5c                _lseek
 .text._sbrk    0x08001a60       0x40 ./Core/Src/sysmem.o
                0x08001a60                _sbrk
 .text.udpsend_trigger
                0x08001aa0       0x64 ./Core/Src/udpclient.o
                0x08001aa0                udpsend_trigger
 .text.udpsend_serial
                0x08001b04       0x7c ./Core/Src/udpclient.o
                0x08001b04                udpsend_serial
 .text.Reset_Handler
                0x08001b80       0x50 ./Core/Startup/startup_stm32h747aiix.o
                0x08001b80                Reset_Handler
 .text.Default_Handler
                0x08001bd0        0x2 ./Core/Startup/startup_stm32h747aiix.o
                0x08001bd0                RTC_Alarm_IRQHandler
                0x08001bd0                EXTI2_IRQHandler
                0x08001bd0                TIM8_CC_IRQHandler
                0x08001bd0                HRTIM1_Master_IRQHandler
                0x08001bd0                UART8_IRQHandler
                0x08001bd0                SPI4_IRQHandler
                0x08001bd0                TIM1_CC_IRQHandler
                0x08001bd0                BDMA_Channel6_IRQHandler
                0x08001bd0                DMA2_Stream5_IRQHandler
                0x08001bd0                HRTIM1_FLT_IRQHandler
                0x08001bd0                JPEG_IRQHandler
                0x08001bd0                DMA1_Stream5_IRQHandler
                0x08001bd0                BDMA_Channel1_IRQHandler
                0x08001bd0                HRTIM1_TIMD_IRQHandler
                0x08001bd0                TAMP_STAMP_IRQHandler
                0x08001bd0                EXTI3_IRQHandler
                0x08001bd0                LPTIM4_IRQHandler
                0x08001bd0                TIM8_TRG_COM_TIM14_IRQHandler
                0x08001bd0                LPTIM2_IRQHandler
                0x08001bd0                DFSDM1_FLT1_IRQHandler
                0x08001bd0                DMAMUX2_OVR_IRQHandler
                0x08001bd0                TIM8_UP_TIM13_IRQHandler
                0x08001bd0                I2C3_ER_IRQHandler
                0x08001bd0                DFSDM1_FLT2_IRQHandler
                0x08001bd0                MDMA_IRQHandler
                0x08001bd0                LPTIM3_IRQHandler
                0x08001bd0                HSEM1_IRQHandler
                0x08001bd0                I2C2_EV_IRQHandler
                0x08001bd0                DMA1_Stream2_IRQHandler
                0x08001bd0                FPU_IRQHandler
                0x08001bd0                OTG_HS_WKUP_IRQHandler
                0x08001bd0                FDCAN1_IT1_IRQHandler
                0x08001bd0                LTDC_ER_IRQHandler
                0x08001bd0                DMA2_Stream2_IRQHandler
                0x08001bd0                HRTIM1_TIME_IRQHandler
                0x08001bd0                SPI1_IRQHandler
                0x08001bd0                TIM6_DAC_IRQHandler
                0x08001bd0                DCMI_IRQHandler
                0x08001bd0                HRTIM1_TIMC_IRQHandler
                0x08001bd0                DMA2_Stream3_IRQHandler
                0x08001bd0                SAI2_IRQHandler
                0x08001bd0                DFSDM1_FLT3_IRQHandler
                0x08001bd0                USART6_IRQHandler
                0x08001bd0                TIM17_IRQHandler
                0x08001bd0                BDMA_Channel7_IRQHandler
                0x08001bd0                LPTIM5_IRQHandler
                0x08001bd0                UART5_IRQHandler
                0x08001bd0                ADC3_IRQHandler
                0x08001bd0                DMA2_Stream0_IRQHandler
                0x08001bd0                TIM4_IRQHandler
                0x08001bd0                BDMA_Channel2_IRQHandler
                0x08001bd0                QUADSPI_IRQHandler
                0x08001bd0                I2C1_EV_IRQHandler
                0x08001bd0                DMA1_Stream6_IRQHandler
                0x08001bd0                DMAMUX1_OVR_IRQHandler
                0x08001bd0                TIM16_IRQHandler
                0x08001bd0                UART4_IRQHandler
                0x08001bd0                BDMA_Channel5_IRQHandler
                0x08001bd0                TIM3_IRQHandler
                0x08001bd0                RCC_IRQHandler
                0x08001bd0                TIM8_BRK_TIM12_IRQHandler
                0x08001bd0                TIM1_TRG_COM_IRQHandler
                0x08001bd0                Default_Handler
                0x08001bd0                ECC_IRQHandler
                0x08001bd0                CEC_IRQHandler
                0x08001bd0                EXTI15_10_IRQHandler
                0x08001bd0                BDMA_Channel0_IRQHandler
                0x08001bd0                ADC_IRQHandler
                0x08001bd0                DMA1_Stream7_IRQHandler
                0x08001bd0                HRTIM1_TIMA_IRQHandler
                0x08001bd0                SPI5_IRQHandler
                0x08001bd0                SDMMC1_IRQHandler
                0x08001bd0                TIM5_IRQHandler
                0x08001bd0                DMA2_Stream7_IRQHandler
                0x08001bd0                TIM15_IRQHandler
                0x08001bd0                PVD_AVD_IRQHandler
                0x08001bd0                I2C3_EV_IRQHandler
                0x08001bd0                EXTI9_5_IRQHandler
                0x08001bd0                RTC_WKUP_IRQHandler
                0x08001bd0                LTDC_IRQHandler
                0x08001bd0                SAI3_IRQHandler
                0x08001bd0                ETH_WKUP_IRQHandler
                0x08001bd0                SPDIF_RX_IRQHandler
                0x08001bd0                SPI2_IRQHandler
                0x08001bd0                OTG_HS_EP1_IN_IRQHandler
                0x08001bd0                CRS_IRQHandler
                0x08001bd0                CM7_SEV_IRQHandler
                0x08001bd0                EXTI4_IRQHandler
                0x08001bd0                RNG_IRQHandler
                0x08001bd0                CM4_SEV_IRQHandler
                0x08001bd0                HRTIM1_TIMB_IRQHandler
                0x08001bd0                FDCAN2_IT1_IRQHandler
                0x08001bd0                DSI_IRQHandler
                0x08001bd0                TIM1_UP_IRQHandler
                0x08001bd0                WWDG_RST_IRQHandler
                0x08001bd0                BDMA_Channel4_IRQHandler
                0x08001bd0                OTG_HS_EP1_OUT_IRQHandler
                0x08001bd0                WWDG_IRQHandler
                0x08001bd0                SPI6_IRQHandler
                0x08001bd0                MDIOS_IRQHandler
                0x08001bd0                I2C4_EV_IRQHandler
                0x08001bd0                FDCAN2_IT0_IRQHandler
                0x08001bd0                LPUART1_IRQHandler
                0x08001bd0                FDCAN1_IT0_IRQHandler
                0x08001bd0                TIM2_IRQHandler
                0x08001bd0                OTG_FS_WKUP_IRQHandler
                0x08001bd0                OTG_HS_IRQHandler
                0x08001bd0                HSEM2_IRQHandler
                0x08001bd0                DMA2D_IRQHandler
                0x08001bd0                TIM1_BRK_IRQHandler
                0x08001bd0                EXTI1_IRQHandler
                0x08001bd0                SDMMC2_IRQHandler
                0x08001bd0                OTG_FS_EP1_OUT_IRQHandler
                0x08001bd0                BDMA_Channel3_IRQHandler
                0x08001bd0                HOLD_CORE_IRQHandler
                0x08001bd0                UART7_IRQHandler
                0x08001bd0                MDIOS_WKUP_IRQHandler
                0x08001bd0                DFSDM1_FLT0_IRQHandler
                0x08001bd0                SAI4_IRQHandler
                0x08001bd0                I2C2_ER_IRQHandler
                0x08001bd0                DMA2_Stream1_IRQHandler
                0x08001bd0                FLASH_IRQHandler
                0x08001bd0                DMA2_Stream4_IRQHandler
                0x08001bd0                USART1_IRQHandler
                0x08001bd0                OTG_FS_IRQHandler
                0x08001bd0                SPI3_IRQHandler
                0x08001bd0                WAKEUP_PIN_IRQHandler
                0x08001bd0                DMA1_Stream4_IRQHandler
                0x08001bd0                OTG_FS_EP1_IN_IRQHandler
                0x08001bd0                I2C1_ER_IRQHandler
                0x08001bd0                FMC_IRQHandler
                0x08001bd0                FDCAN_CAL_IRQHandler
                0x08001bd0                SWPMI1_IRQHandler
                0x08001bd0                COMP1_IRQHandler
                0x08001bd0                LPTIM1_IRQHandler
                0x08001bd0                I2C4_ER_IRQHandler
                0x08001bd0                DMA2_Stream6_IRQHandler
                0x08001bd0                SAI1_IRQHandler
                0x08001bd0                DMA1_Stream3_IRQHandler
 .text.LAN8742_RegisterBusIO
                0x08001bd2       0x28 ./Drivers/BSP/Components/lan8742.o
                0x08001bd2                LAN8742_RegisterBusIO
 .text.LAN8742_Init
                0x08001bfa       0x5a ./Drivers/BSP/Components/lan8742.o
                0x08001bfa                LAN8742_Init
 .text.LAN8742_GetLinkState
                0x08001c54       0x94 ./Drivers/BSP/Components/lan8742.o
                0x08001c54                LAN8742_GetLinkState
 .text.HAL_Init
                0x08001ce8       0x5c ./Drivers/STM32H7xx_HAL_Driver/stm32h7xx_hal.o
                0x08001ce8                HAL_Init
 .text.HAL_IncTick
                0x08001d44       0x18 ./Drivers/STM32H7xx_HAL_Driver/stm32h7xx_hal.o
                0x08001d44                HAL_IncTick
 .text.HAL_GetTick
                0x08001d5c        0xc ./Drivers/STM32H7xx_HAL_Driver/stm32h7xx_hal.o
                0x08001d5c                HAL_GetTick
 .text.HAL_Delay
                0x08001d68       0x24 ./Drivers/STM32H7xx_HAL_Driver/stm32h7xx_hal.o
                0x08001d68                HAL_Delay
 .text.HAL_GetREVID
                0x08001d8c        0xc ./Drivers/STM32H7xx_HAL_Driver/stm32h7xx_hal.o
                0x08001d8c                HAL_GetREVID
 .text.HAL_SYSCFG_ETHInterfaceSelect
                0x08001d98       0x14 ./Drivers/STM32H7xx_HAL_Driver/stm32h7xx_hal.o
                0x08001d98                HAL_SYSCFG_ETHInterfaceSelect
 .text.LL_ADC_SetChannelSamplingTime
                0x08001dac       0x20 ./Drivers/STM32H7xx_HAL_Driver/stm32h7xx_hal_adc.o
 .text.LL_ADC_IsEnabled
                0x08001dcc        0x8 ./Drivers/STM32H7xx_HAL_Driver/stm32h7xx_hal_adc.o
 .text.LL_ADC_REG_IsConversionOngoing
                0x08001dd4        0x8 ./Drivers/STM32H7xx_HAL_Driver/stm32h7xx_hal_adc.o
 .text.HAL_ADC_PollForConversion
                0x08001ddc      0x11c ./Drivers/STM32H7xx_HAL_Driver/stm32h7xx_hal_adc.o
                0x08001ddc                HAL_ADC_PollForConversion
 .text.HAL_ADC_GetValue
                0x08001ef8        0x6 ./Drivers/STM32H7xx_HAL_Driver/stm32h7xx_hal_adc.o
                0x08001ef8                HAL_ADC_GetValue
 *fill*         0x08001efe        0x2 
 .text.HAL_ADC_ConfigChannel
                0x08001f00      0x398 ./Drivers/STM32H7xx_HAL_Driver/stm32h7xx_hal_adc.o
                0x08001f00                HAL_ADC_ConfigChannel
 .text.ADC_Enable
                0x08002298       0xb4 ./Drivers/STM32H7xx_HAL_Driver/stm32h7xx_hal_adc.o
                0x08002298                ADC_Enable
 .text.HAL_ADC_Start
                0x0800234c       0xfc ./Drivers/STM32H7xx_HAL_Driver/stm32h7xx_hal_adc.o
                0x0800234c                HAL_ADC_Start
 .text.ADC_ConfigureBoostMode
                0x08002448      0x12c ./Drivers/STM32H7xx_HAL_Driver/stm32h7xx_hal_adc.o
                0x08002448                ADC_ConfigureBoostMode
 .text.HAL_ADC_Init
                0x08002574      0x218 ./Drivers/STM32H7xx_HAL_Driver/stm32h7xx_hal_adc.o
                0x08002574                HAL_ADC_Init
 .text.HAL_NVIC_SetPriorityGrouping
                0x0800278c       0x24 ./Drivers/STM32H7xx_HAL_Driver/stm32h7xx_hal_cortex.o
                0x0800278c                HAL_NVIC_SetPriorityGrouping
 .text.HAL_NVIC_SetPriority
                0x080027b0       0x64 ./Drivers/STM32H7xx_HAL_Driver/stm32h7xx_hal_cortex.o
                0x080027b0                HAL_NVIC_SetPriority
 .text.HAL_NVIC_EnableIRQ
                0x08002814       0x1c ./Drivers/STM32H7xx_HAL_Driver/stm32h7xx_hal_cortex.o
                0x08002814                HAL_NVIC_EnableIRQ
 .text.HAL_NVIC_SystemReset
                0x08002830       0x24 ./Drivers/STM32H7xx_HAL_Driver/stm32h7xx_hal_cortex.o
                0x08002830                HAL_NVIC_SystemReset
 .text.HAL_MPU_Disable
                0x08002854       0x1c ./Drivers/STM32H7xx_HAL_Driver/stm32h7xx_hal_cortex.o
                0x08002854                HAL_MPU_Disable
 .text.HAL_MPU_Enable
                0x08002870       0x20 ./Drivers/STM32H7xx_HAL_Driver/stm32h7xx_hal_cortex.o
                0x08002870                HAL_MPU_Enable
 .text.HAL_MPU_ConfigRegion
                0x08002890       0x58 ./Drivers/STM32H7xx_HAL_Driver/stm32h7xx_hal_cortex.o
                0x08002890                HAL_MPU_ConfigRegion
 .text.HAL_GetCurrentCPUID
                0x080028e8       0x18 ./Drivers/STM32H7xx_HAL_Driver/stm32h7xx_hal_cortex.o
                0x080028e8                HAL_GetCurrentCPUID
 .text.DMA_SetConfig
                0x08002900      0x184 ./Drivers/STM32H7xx_HAL_Driver/stm32h7xx_hal_dma.o
 .text.DMA_CalcBaseAndBitshift
                0x08002a84       0x9c ./Drivers/STM32H7xx_HAL_Driver/stm32h7xx_hal_dma.o
 .text.DMA_CalcDMAMUXChannelBaseAndMask
                0x08002b20       0x98 ./Drivers/STM32H7xx_HAL_Driver/stm32h7xx_hal_dma.o
 .text.DMA_CalcDMAMUXRequestGenBaseAndMask
                0x08002bb8       0x70 ./Drivers/STM32H7xx_HAL_Driver/stm32h7xx_hal_dma.o
 .text.HAL_DMA_Init
                0x08002c28      0x380 ./Drivers/STM32H7xx_HAL_Driver/stm32h7xx_hal_dma.o
                0x08002c28                HAL_DMA_Init
 .text.HAL_DMA_Start_IT
                0x08002fa8      0x234 ./Drivers/STM32H7xx_HAL_Driver/stm32h7xx_hal_dma.o
                0x08002fa8                HAL_DMA_Start_IT
 .text.HAL_DMA_Abort
                0x080031dc      0x34c ./Drivers/STM32H7xx_HAL_Driver/stm32h7xx_hal_dma.o
                0x080031dc                HAL_DMA_Abort
 .text.HAL_DMA_Abort_IT
                0x08003528      0x120 ./Drivers/STM32H7xx_HAL_Driver/stm32h7xx_hal_dma.o
                0x08003528                HAL_DMA_Abort_IT
 .text.HAL_DMA_IRQHandler
                0x08003648      0x548 ./Drivers/STM32H7xx_HAL_Driver/stm32h7xx_hal_dma.o
                0x08003648                HAL_DMA_IRQHandler
 .text.ETH_SetMACConfig
                0x08003b90      0x182 ./Drivers/STM32H7xx_HAL_Driver/stm32h7xx_hal_eth.o
 *fill*         0x08003d12        0x2 
 .text.ETH_SetDMAConfig
                0x08003d14       0x8c ./Drivers/STM32H7xx_HAL_Driver/stm32h7xx_hal_eth.o
 .text.ETH_Prepare_Tx_Descriptors
                0x08003da0      0x334 ./Drivers/STM32H7xx_HAL_Driver/stm32h7xx_hal_eth.o
 .text.ETH_UpdateDescriptor
                0x080040d4       0x82 ./Drivers/STM32H7xx_HAL_Driver/stm32h7xx_hal_eth.o
 .text.HAL_ETH_Start_IT
                0x08004156       0x82 ./Drivers/STM32H7xx_HAL_Driver/stm32h7xx_hal_eth.o
                0x08004156                HAL_ETH_Start_IT
 .text.HAL_ETH_Stop_IT
                0x080041d8       0x80 ./Drivers/STM32H7xx_HAL_Driver/stm32h7xx_hal_eth.o
                0x080041d8                HAL_ETH_Stop_IT
 .text.HAL_ETH_Transmit_IT
                0x08004258       0x58 ./Drivers/STM32H7xx_HAL_Driver/stm32h7xx_hal_eth.o
                0x08004258                HAL_ETH_Transmit_IT
 .text.HAL_ETH_ReadData
                0x080042b0       0xf6 ./Drivers/STM32H7xx_HAL_Driver/stm32h7xx_hal_eth.o
                0x080042b0                HAL_ETH_ReadData
 .text.HAL_ETH_ReleaseTxPacket
                0x080043a6       0x5e ./Drivers/STM32H7xx_HAL_Driver/stm32h7xx_hal_eth.o
                0x080043a6                HAL_ETH_ReleaseTxPacket
 .text.HAL_ETH_PMTCallback
                0x08004404        0x2 ./Drivers/STM32H7xx_HAL_Driver/stm32h7xx_hal_eth.o
                0x08004404                HAL_ETH_PMTCallback
 .text.HAL_ETH_EEECallback
                0x08004406        0x2 ./Drivers/STM32H7xx_HAL_Driver/stm32h7xx_hal_eth.o
                0x08004406                HAL_ETH_EEECallback
 .text.HAL_ETH_WakeUpCallback
                0x08004408        0x2 ./Drivers/STM32H7xx_HAL_Driver/stm32h7xx_hal_eth.o
                0x08004408                HAL_ETH_WakeUpCallback
 .text.HAL_ETH_IRQHandler
                0x0800440a      0x158 ./Drivers/STM32H7xx_HAL_Driver/stm32h7xx_hal_eth.o
                0x0800440a                HAL_ETH_IRQHandler
 .text.HAL_ETH_ReadPHYRegister
                0x08004562       0x5a ./Drivers/STM32H7xx_HAL_Driver/stm32h7xx_hal_eth.o
                0x08004562                HAL_ETH_ReadPHYRegister
 .text.HAL_ETH_WritePHYRegister
                0x080045bc       0x60 ./Drivers/STM32H7xx_HAL_Driver/stm32h7xx_hal_eth.o
                0x080045bc                HAL_ETH_WritePHYRegister
 .text.HAL_ETH_GetMACConfig
                0x0800461c      0x18c ./Drivers/STM32H7xx_HAL_Driver/stm32h7xx_hal_eth.o
                0x0800461c                HAL_ETH_GetMACConfig
 .text.HAL_ETH_SetMACConfig
                0x080047a8       0x18 ./Drivers/STM32H7xx_HAL_Driver/stm32h7xx_hal_eth.o
                0x080047a8                HAL_ETH_SetMACConfig
 .text.HAL_ETH_SetMDIOClockRange
                0x080047c0       0x68 ./Drivers/STM32H7xx_HAL_Driver/stm32h7xx_hal_eth.o
                0x080047c0                HAL_ETH_SetMDIOClockRange
 .text.HAL_ETH_Init
                0x08004828      0x23c ./Drivers/STM32H7xx_HAL_Driver/stm32h7xx_hal_eth.o
                0x08004828                HAL_ETH_Init
 .text.HAL_ETH_GetError
                0x08004a64        0x6 ./Drivers/STM32H7xx_HAL_Driver/stm32h7xx_hal_eth.o
                0x08004a64                HAL_ETH_GetError
 .text.HAL_ETH_GetDMAError
                0x08004a6a        0x6 ./Drivers/STM32H7xx_HAL_Driver/stm32h7xx_hal_eth.o
                0x08004a6a                HAL_ETH_GetDMAError
 .text.HAL_GPIO_Init
                0x08004a70      0x1d0 ./Drivers/STM32H7xx_HAL_Driver/stm32h7xx_hal_gpio.o
                0x08004a70                HAL_GPIO_Init
 .text.HAL_GPIO_ReadPin
                0x08004c40        0xc ./Drivers/STM32H7xx_HAL_Driver/stm32h7xx_hal_gpio.o
                0x08004c40                HAL_GPIO_ReadPin
 .text.HAL_GPIO_WritePin
                0x08004c4c        0xa ./Drivers/STM32H7xx_HAL_Driver/stm32h7xx_hal_gpio.o
                0x08004c4c                HAL_GPIO_WritePin
 .text.HAL_GPIO_EXTI_IRQHandler
                0x08004c56       0x18 ./Drivers/STM32H7xx_HAL_Driver/stm32h7xx_hal_gpio.o
                0x08004c56                HAL_GPIO_EXTI_IRQHandler
 *fill*         0x08004c6e        0x2 
 .text.HAL_PWREx_ConfigSupply
                0x08004c70       0x78 ./Drivers/STM32H7xx_HAL_Driver/stm32h7xx_hal_pwr_ex.o
                0x08004c70                HAL_PWREx_ConfigSupply
 .text.HAL_RCC_OscConfig
                0x08004ce8      0x558 ./Drivers/STM32H7xx_HAL_Driver/stm32h7xx_hal_rcc.o
                0x08004ce8                HAL_RCC_OscConfig
 .text.HAL_RCC_GetSysClockFreq
                0x08005240      0x144 ./Drivers/STM32H7xx_HAL_Driver/stm32h7xx_hal_rcc.o
                0x08005240                HAL_RCC_GetSysClockFreq
 .text.HAL_RCC_ClockConfig
                0x08005384      0x24c ./Drivers/STM32H7xx_HAL_Driver/stm32h7xx_hal_rcc.o
                0x08005384                HAL_RCC_ClockConfig
 .text.HAL_RCC_GetHCLKFreq
                0x080055d0       0x44 ./Drivers/STM32H7xx_HAL_Driver/stm32h7xx_hal_rcc.o
                0x080055d0                HAL_RCC_GetHCLKFreq
 .text.HAL_RCC_GetPCLK1Freq
                0x08005614       0x24 ./Drivers/STM32H7xx_HAL_Driver/stm32h7xx_hal_rcc.o
                0x08005614                HAL_RCC_GetPCLK1Freq
 .text.HAL_RCC_GetPCLK2Freq
                0x08005638       0x24 ./Drivers/STM32H7xx_HAL_Driver/stm32h7xx_hal_rcc.o
                0x08005638                HAL_RCC_GetPCLK2Freq
 .text.HAL_RCC_GetClockConfig
                0x0800565c       0x54 ./Drivers/STM32H7xx_HAL_Driver/stm32h7xx_hal_rcc.o
                0x0800565c                HAL_RCC_GetClockConfig
 .text.RCCEx_PLL2_Config
                0x080056b0       0xf0 ./Drivers/STM32H7xx_HAL_Driver/stm32h7xx_hal_rcc_ex.o
 .text.RCCEx_PLL3_Config
                0x080057a0       0xf0 ./Drivers/STM32H7xx_HAL_Driver/stm32h7xx_hal_rcc_ex.o
 .text.HAL_RCCEx_PeriphCLKConfig
                0x08005890      0xa1c ./Drivers/STM32H7xx_HAL_Driver/stm32h7xx_hal_rcc_ex.o
                0x08005890                HAL_RCCEx_PeriphCLKConfig
 .text.HAL_RCCEx_GetD3PCLK1Freq
                0x080062ac       0x24 ./Drivers/STM32H7xx_HAL_Driver/stm32h7xx_hal_rcc_ex.o
                0x080062ac                HAL_RCCEx_GetD3PCLK1Freq
 .text.HAL_RCCEx_GetPLL2ClockFreq
                0x080062d0      0x154 ./Drivers/STM32H7xx_HAL_Driver/stm32h7xx_hal_rcc_ex.o
                0x080062d0                HAL_RCCEx_GetPLL2ClockFreq
 .text.HAL_RCCEx_GetPLL3ClockFreq
                0x08006424      0x154 ./Drivers/STM32H7xx_HAL_Driver/stm32h7xx_hal_rcc_ex.o
                0x08006424                HAL_RCCEx_GetPLL3ClockFreq
 .text.HAL_RCCEx_GetPLL1ClockFreq
                0x08006578      0x154 ./Drivers/STM32H7xx_HAL_Driver/stm32h7xx_hal_rcc_ex.o
                0x08006578                HAL_RCCEx_GetPLL1ClockFreq
 .text.HAL_RCCEx_GetPeriphCLKFreq
                0x080066cc      0x2f8 ./Drivers/STM32H7xx_HAL_Driver/stm32h7xx_hal_rcc_ex.o
                0x080066cc                HAL_RCCEx_GetPeriphCLKFreq
 .text.HAL_TIM_Base_Start_IT
                0x080069c4       0x7c ./Drivers/STM32H7xx_HAL_Driver/stm32h7xx_hal_tim.o
                0x080069c4                HAL_TIM_Base_Start_IT
 .text.HAL_TIM_OC_DelayElapsedCallback
                0x08006a40        0x2 ./Drivers/STM32H7xx_HAL_Driver/stm32h7xx_hal_tim.o
                0x08006a40                HAL_TIM_OC_DelayElapsedCallback
 .text.HAL_TIM_IC_CaptureCallback
                0x08006a42        0x2 ./Drivers/STM32H7xx_HAL_Driver/stm32h7xx_hal_tim.o
                0x08006a42                HAL_TIM_IC_CaptureCallback
 .text.HAL_TIM_PWM_PulseFinishedCallback
                0x08006a44        0x2 ./Drivers/STM32H7xx_HAL_Driver/stm32h7xx_hal_tim.o
                0x08006a44                HAL_TIM_PWM_PulseFinishedCallback
 .text.HAL_TIM_TriggerCallback
                0x08006a46        0x2 ./Drivers/STM32H7xx_HAL_Driver/stm32h7xx_hal_tim.o
                0x08006a46                HAL_TIM_TriggerCallback
 .text.HAL_TIM_IRQHandler
                0x08006a48      0x140 ./Drivers/STM32H7xx_HAL_Driver/stm32h7xx_hal_tim.o
                0x08006a48                HAL_TIM_IRQHandler
 .text.TIM_Base_SetConfig
                0x08006b88       0xd8 ./Drivers/STM32H7xx_HAL_Driver/stm32h7xx_hal_tim.o
                0x08006b88                TIM_Base_SetConfig
 .text.HAL_TIM_Base_Init
                0x08006c60       0x60 ./Drivers/STM32H7xx_HAL_Driver/stm32h7xx_hal_tim.o
                0x08006c60                HAL_TIM_Base_Init
 .text.TIM_ETR_SetConfig
                0x08006cc0       0x14 ./Drivers/STM32H7xx_HAL_Driver/stm32h7xx_hal_tim.o
                0x08006cc0                TIM_ETR_SetConfig
 .text.HAL_TIM_ConfigClockSource
                0x08006cd4      0x174 ./Drivers/STM32H7xx_HAL_Driver/stm32h7xx_hal_tim.o
                0x08006cd4                HAL_TIM_ConfigClockSource
 .text.HAL_TIMEx_MasterConfigSynchronization
                0x08006e48       0x94 ./Drivers/STM32H7xx_HAL_Driver/stm32h7xx_hal_tim_ex.o
                0x08006e48                HAL_TIMEx_MasterConfigSynchronization
 .text.HAL_TIMEx_CommutCallback
                0x08006edc        0x2 ./Drivers/STM32H7xx_HAL_Driver/stm32h7xx_hal_tim_ex.o
                0x08006edc                HAL_TIMEx_CommutCallback
 .text.HAL_TIMEx_BreakCallback
                0x08006ede        0x2 ./Drivers/STM32H7xx_HAL_Driver/stm32h7xx_hal_tim_ex.o
                0x08006ede                HAL_TIMEx_BreakCallback
 .text.HAL_TIMEx_Break2Callback
                0x08006ee0        0x2 ./Drivers/STM32H7xx_HAL_Driver/stm32h7xx_hal_tim_ex.o
                0x08006ee0                HAL_TIMEx_Break2Callback
 .text.UART_EndTxTransfer
                0x08006ee2       0x34 ./Drivers/STM32H7xx_HAL_Driver/stm32h7xx_hal_uart.o
 *fill*         0x08006f16        0x2 
 .text.UART_EndRxTransfer
                0x08006f18       0x58 ./Drivers/STM32H7xx_HAL_Driver/stm32h7xx_hal_uart.o
 .text.HAL_UART_TxCpltCallback
                0x08006f70        0x2 ./Drivers/STM32H7xx_HAL_Driver/stm32h7xx_hal_uart.o
                0x08006f70                HAL_UART_TxCpltCallback
 .text.HAL_UART_ErrorCallback
                0x08006f72        0x2 ./Drivers/STM32H7xx_HAL_Driver/stm32h7xx_hal_uart.o
                0x08006f72                HAL_UART_ErrorCallback
 .text.UART_DMAError
                0x08006f74       0x48 ./Drivers/STM32H7xx_HAL_Driver/stm32h7xx_hal_uart.o
 .text.UART_DMAAbortOnError
                0x08006fbc       0x14 ./Drivers/STM32H7xx_HAL_Driver/stm32h7xx_hal_uart.o
 .text.HAL_UARTEx_RxEventCallback
                0x08006fd0        0x2 ./Drivers/STM32H7xx_HAL_Driver/stm32h7xx_hal_uart.o
                0x08006fd0                HAL_UARTEx_RxEventCallback
 *fill*         0x08006fd2        0x2 
 .text.HAL_UART_IRQHandler
                0x08006fd4      0x348 ./Drivers/STM32H7xx_HAL_Driver/stm32h7xx_hal_uart.o
                0x08006fd4                HAL_UART_IRQHandler
 .text.UART_DMARxHalfCplt
                0x0800731c       0x20 ./Drivers/STM32H7xx_HAL_Driver/stm32h7xx_hal_uart.o
 .text.UART_DMAReceiveCplt
                0x0800733c       0x8e ./Drivers/STM32H7xx_HAL_Driver/stm32h7xx_hal_uart.o
 *fill*         0x080073ca        0x2 
 .text.UART_SetConfig
                0x080073cc      0x32c ./Drivers/STM32H7xx_HAL_Driver/stm32h7xx_hal_uart.o
                0x080073cc                UART_SetConfig
 .text.UART_AdvFeatureConfig
                0x080076f8       0xaa ./Drivers/STM32H7xx_HAL_Driver/stm32h7xx_hal_uart.o
                0x080076f8                UART_AdvFeatureConfig
 .text.UART_WaitOnFlagUntilTimeout
                0x080077a2       0x90 ./Drivers/STM32H7xx_HAL_Driver/stm32h7xx_hal_uart.o
                0x080077a2                UART_WaitOnFlagUntilTimeout
 .text.UART_CheckIdleState
                0x08007832       0xb6 ./Drivers/STM32H7xx_HAL_Driver/stm32h7xx_hal_uart.o
                0x08007832                UART_CheckIdleState
 .text.HAL_UART_Init
                0x080078e8       0x60 ./Drivers/STM32H7xx_HAL_Driver/stm32h7xx_hal_uart.o
                0x080078e8                HAL_UART_Init
 .text.UART_Start_Receive_DMA
                0x08007948       0xa0 ./Drivers/STM32H7xx_HAL_Driver/stm32h7xx_hal_uart.o
                0x08007948                UART_Start_Receive_DMA
 .text.HAL_UART_Receive_DMA
                0x080079e8       0x44 ./Drivers/STM32H7xx_HAL_Driver/stm32h7xx_hal_uart.o
                0x080079e8                HAL_UART_Receive_DMA
 .text.UARTEx_SetNbDataToProcess
                0x08007a2c       0x44 ./Drivers/STM32H7xx_HAL_Driver/stm32h7xx_hal_uart_ex.o
 .text.HAL_UARTEx_WakeupCallback
                0x08007a70        0x2 ./Drivers/STM32H7xx_HAL_Driver/stm32h7xx_hal_uart_ex.o
                0x08007a70                HAL_UARTEx_WakeupCallback
 .text.HAL_UARTEx_RxFifoFullCallback
                0x08007a72        0x2 ./Drivers/STM32H7xx_HAL_Driver/stm32h7xx_hal_uart_ex.o
                0x08007a72                HAL_UARTEx_RxFifoFullCallback
 .text.HAL_UARTEx_TxFifoEmptyCallback
                0x08007a74        0x2 ./Drivers/STM32H7xx_HAL_Driver/stm32h7xx_hal_uart_ex.o
                0x08007a74                HAL_UARTEx_TxFifoEmptyCallback
 .text.HAL_UARTEx_DisableFifoMode
                0x08007a76       0x36 ./Drivers/STM32H7xx_HAL_Driver/stm32h7xx_hal_uart_ex.o
                0x08007a76                HAL_UARTEx_DisableFifoMode
 .text.HAL_UARTEx_SetTxFifoThreshold
                0x08007aac       0x40 ./Drivers/STM32H7xx_HAL_Driver/stm32h7xx_hal_uart_ex.o
                0x08007aac                HAL_UARTEx_SetTxFifoThreshold
 .text.HAL_UARTEx_SetRxFifoThreshold
                0x08007aec       0x40 ./Drivers/STM32H7xx_HAL_Driver/stm32h7xx_hal_uart_ex.o
                0x08007aec                HAL_UARTEx_SetRxFifoThreshold
 .text.ethernet_link_status_updated
                0x08007b2c        0x2 ./LWIP/App/lwip.o
 *fill*         0x08007b2e        0x2 
 .text.MX_LWIP_Init
                0x08007b30      0x1bc ./LWIP/App/lwip.o
                0x08007b30                MX_LWIP_Init
 .text.ETH_PHY_IO_DeInit
                0x08007cec        0x4 ./LWIP/Target/ethernetif.o
                0x08007cec                ETH_PHY_IO_DeInit
 .text.low_level_output
                0x08007cf0       0x90 ./LWIP/Target/ethernetif.o
 .text.ETH_PHY_IO_GetTick
                0x08007d80        0x4 ./LWIP/Target/ethernetif.o
                0x08007d80                ETH_PHY_IO_GetTick
 .text.ETH_PHY_IO_Init
                0x08007d84       0x10 ./LWIP/Target/ethernetif.o
                0x08007d84                ETH_PHY_IO_Init
 .text.ETH_PHY_IO_ReadReg
                0x08007d94       0x1c ./LWIP/Target/ethernetif.o
                0x08007d94                ETH_PHY_IO_ReadReg
 .text.ETH_PHY_IO_WriteReg
                0x08007db0       0x1c ./LWIP/Target/ethernetif.o
                0x08007db0                ETH_PHY_IO_WriteReg
 .text.pbuf_free_custom
                0x08007dcc       0x30 ./LWIP/Target/ethernetif.o
                0x08007dcc                pbuf_free_custom
 .text.ethernetif_input
                0x08007dfc       0x58 ./LWIP/Target/ethernetif.o
                0x08007dfc                ethernetif_input
 .text.HAL_ETH_RxCpltCallback
                0x08007e54        0xc ./LWIP/Target/ethernetif.o
                0x08007e54                HAL_ETH_RxCpltCallback
 .text.HAL_ETH_TxCpltCallback
                0x08007e60        0xc ./LWIP/Target/ethernetif.o
                0x08007e60                HAL_ETH_TxCpltCallback
 .text.HAL_ETH_ErrorCallback
                0x08007e6c       0x1c ./LWIP/Target/ethernetif.o
                0x08007e6c                HAL_ETH_ErrorCallback
 .text.ethernetif_init
                0x08007e88      0x1dc ./LWIP/Target/ethernetif.o
                0x08007e88                ethernetif_init
 .text.sys_now  0x08008064        0x4 ./LWIP/Target/ethernetif.o
                0x08008064                sys_now
 .text.HAL_ETH_MspInit
                0x08008068      0x118 ./LWIP/Target/ethernetif.o
                0x08008068                HAL_ETH_MspInit
 .text.HAL_ETH_RxAllocateCallback
                0x08008180       0x44 ./LWIP/Target/ethernetif.o
                0x08008180                HAL_ETH_RxAllocateCallback
 .text.HAL_ETH_RxLinkCallback
                0x080081c4       0x5c ./LWIP/Target/ethernetif.o
                0x080081c4                HAL_ETH_RxLinkCallback
 .text.HAL_ETH_TxFreeCallback
                0x08008220        0x4 ./LWIP/Target/ethernetif.o
                0x08008220                HAL_ETH_TxFreeCallback
 .text.sys_lock_tcpip_core
                0x08008224       0x1c ./LWIP/Target/ethernetif.o
                0x08008224                sys_lock_tcpip_core
 .text.sys_unlock_tcpip_core
                0x08008240       0x14 ./LWIP/Target/ethernetif.o
                0x08008240                sys_unlock_tcpip_core
 .text.ethernet_link_thread
                0x08008254       0xb4 ./LWIP/Target/ethernetif.o
                0x08008254                ethernet_link_thread
 .text.sys_check_core_locking
                0x08008308       0x5c ./LWIP/Target/ethernetif.o
                0x08008308                sys_check_core_locking
 .text.sys_mark_tcpip_thread
                0x08008364       0x10 ./LWIP/Target/ethernetif.o
                0x08008364                sys_mark_tcpip_thread
 .text.SysTick_Handler
                0x08008374       0x1a ./Middlewares/Third_Party/FreeRTOS/cmsis_os2.o
                0x08008374                SysTick_Handler
 *fill*         0x0800838e        0x2 
 .text.osKernelInitialize
                0x08008390       0x24 ./Middlewares/Third_Party/FreeRTOS/cmsis_os2.o
                0x08008390                osKernelInitialize
 .text.osKernelStart
                0x080083b4       0x34 ./Middlewares/Third_Party/FreeRTOS/cmsis_os2.o
                0x080083b4                osKernelStart
 .text.osKernelGetTickCount
                0x080083e8        0xe ./Middlewares/Third_Party/FreeRTOS/cmsis_os2.o
                0x080083e8                osKernelGetTickCount
 .text.osThreadNew
                0x080083f6       0x94 ./Middlewares/Third_Party/FreeRTOS/cmsis_os2.o
                0x080083f6                osThreadNew
 .text.osThreadGetId
                0x0800848a        0x4 ./Middlewares/Third_Party/FreeRTOS/cmsis_os2.o
                0x0800848a                osThreadGetId
 .text.osDelay  0x0800848e       0x18 ./Middlewares/Third_Party/FreeRTOS/cmsis_os2.o
                0x0800848e                osDelay
 .text.osMutexNew
                0x080084a6       0x6a ./Middlewares/Third_Party/FreeRTOS/cmsis_os2.o
                0x080084a6                osMutexNew
 .text.osMutexAcquire
                0x08008510       0x46 ./Middlewares/Third_Party/FreeRTOS/cmsis_os2.o
                0x08008510                osMutexAcquire
 .text.osMutexRelease
                0x08008556       0x3e ./Middlewares/Third_Party/FreeRTOS/cmsis_os2.o
                0x08008556                osMutexRelease
 .text.osSemaphoreNew
                0x08008594       0x94 ./Middlewares/Third_Party/FreeRTOS/cmsis_os2.o
                0x08008594                osSemaphoreNew
 .text.osSemaphoreAcquire
                0x08008628       0x58 ./Middlewares/Third_Party/FreeRTOS/cmsis_os2.o
                0x08008628                osSemaphoreAcquire
 .text.osSemaphoreRelease
                0x08008680       0x52 ./Middlewares/Third_Party/FreeRTOS/cmsis_os2.o
                0x08008680                osSemaphoreRelease
 .text.osMessageQueueNew
                0x080086d2       0x76 ./Middlewares/Third_Party/FreeRTOS/cmsis_os2.o
                0x080086d2                osMessageQueueNew
 .text.osMessageQueuePut
                0x08008748       0x62 ./Middlewares/Third_Party/FreeRTOS/cmsis_os2.o
                0x08008748                osMessageQueuePut
 .text.osMessageQueueGet
                0x080087aa       0x60 ./Middlewares/Third_Party/FreeRTOS/cmsis_os2.o
                0x080087aa                osMessageQueueGet
 *fill*         0x0800880a        0x2 
 .text.vApplicationGetIdleTaskMemory
                0x0800880c       0x18 ./Middlewares/Third_Party/FreeRTOS/cmsis_os2.o
                0x0800880c                vApplicationGetIdleTaskMemory
 .text.vApplicationGetTimerTaskMemory
                0x08008824       0x18 ./Middlewares/Third_Party/FreeRTOS/cmsis_os2.o
                0x08008824                vApplicationGetTimerTaskMemory
 .text.prvInsertBlockIntoFreeList
                0x0800883c       0x4c ./Middlewares/Third_Party/FreeRTOS/heap_4.o
 .text.pvPortMalloc
                0x08008888      0x130 ./Middlewares/Third_Party/FreeRTOS/heap_4.o
                0x08008888                pvPortMalloc
 .text.vPortFree
                0x080089b8       0x7c ./Middlewares/Third_Party/FreeRTOS/heap_4.o
                0x080089b8                vPortFree
 .text.vListInitialise
                0x08008a34       0x16 ./Middlewares/Third_Party/FreeRTOS/list.o
                0x08008a34                vListInitialise
 .text.vListInitialiseItem
                0x08008a4a        0x6 ./Middlewares/Third_Party/FreeRTOS/list.o
                0x08008a4a                vListInitialiseItem
 .text.vListInsertEnd
                0x08008a50       0x16 ./Middlewares/Third_Party/FreeRTOS/list.o
                0x08008a50                vListInsertEnd
 .text.vListInsert
                0x08008a66       0x2e ./Middlewares/Third_Party/FreeRTOS/list.o
                0x08008a66                vListInsert
 .text.uxListRemove
                0x08008a94       0x20 ./Middlewares/Third_Party/FreeRTOS/list.o
                0x08008a94                uxListRemove
 .text.prvPortStartFirstTask
                0x08008ab4       0x28 ./Middlewares/Third_Party/FreeRTOS/port.o
 .text.vPortEnableVFP
                0x08008adc       0x14 ./Middlewares/Third_Party/FreeRTOS/port.o
 .text.prvTaskExitError
                0x08008af0       0x40 ./Middlewares/Third_Party/FreeRTOS/port.o
 .text.pxPortInitialiseStack
                0x08008b30       0x24 ./Middlewares/Third_Party/FreeRTOS/port.o
                0x08008b30                pxPortInitialiseStack
 *fill*         0x08008b54        0xc 
 .text.SVC_Handler
                0x08008b60       0x24 ./Middlewares/Third_Party/FreeRTOS/port.o
                0x08008b60                SVC_Handler
 .text.vPortEnterCritical
                0x08008b84       0x40 ./Middlewares/Third_Party/FreeRTOS/port.o
                0x08008b84                vPortEnterCritical
 .text.vPortExitCritical
                0x08008bc4       0x28 ./Middlewares/Third_Party/FreeRTOS/port.o
                0x08008bc4                vPortExitCritical
 *fill*         0x08008bec        0x4 
 .text.PendSV_Handler
                0x08008bf0       0x64 ./Middlewares/Third_Party/FreeRTOS/port.o
                0x08008bf0                PendSV_Handler
 .text.xPortSysTickHandler
                0x08008c54       0x2c ./Middlewares/Third_Party/FreeRTOS/port.o
                0x08008c54                xPortSysTickHandler
 .text.vPortSetupTimerInterrupt
                0x08008c80       0x24 ./Middlewares/Third_Party/FreeRTOS/port.o
                0x08008c80                vPortSetupTimerInterrupt
 .text.xPortStartScheduler
                0x08008ca4      0x104 ./Middlewares/Third_Party/FreeRTOS/port.o
                0x08008ca4                xPortStartScheduler
 .text.vPortValidateInterruptPriority
                0x08008da8       0x5c ./Middlewares/Third_Party/FreeRTOS/port.o
                0x08008da8                vPortValidateInterruptPriority
 .text.prvIsQueueEmpty
                0x08008e04       0x16 ./Middlewares/Third_Party/FreeRTOS/queue.o
 .text.prvCopyDataToQueue
                0x08008e1a       0x66 ./Middlewares/Third_Party/FreeRTOS/queue.o
 .text.prvCopyDataFromQueue
                0x08008e80       0x2a ./Middlewares/Third_Party/FreeRTOS/queue.o
 .text.prvUnlockQueue
                0x08008eaa       0x70 ./Middlewares/Third_Party/FreeRTOS/queue.o
 .text.xQueueGenericReset
                0x08008f1a       0x7e ./Middlewares/Third_Party/FreeRTOS/queue.o
                0x08008f1a                xQueueGenericReset
 .text.xQueueGenericCreateStatic
                0x08008f98       0x9c ./Middlewares/Third_Party/FreeRTOS/queue.o
                0x08008f98                xQueueGenericCreateStatic
 .text.xQueueGenericCreate
                0x08009034       0x4e ./Middlewares/Third_Party/FreeRTOS/queue.o
                0x08009034                xQueueGenericCreate
 .text.xQueueCreateCountingSemaphoreStatic
                0x08009082       0x44 ./Middlewares/Third_Party/FreeRTOS/queue.o
                0x08009082                xQueueCreateCountingSemaphoreStatic
 .text.xQueueCreateCountingSemaphore
                0x080090c6       0x3c ./Middlewares/Third_Party/FreeRTOS/queue.o
                0x080090c6                xQueueCreateCountingSemaphore
 .text.xQueueGenericSend
                0x08009102      0x164 ./Middlewares/Third_Party/FreeRTOS/queue.o
                0x08009102                xQueueGenericSend
 .text.xQueueCreateMutexStatic
                0x08009266       0x2a ./Middlewares/Third_Party/FreeRTOS/queue.o
                0x08009266                xQueueCreateMutexStatic
 .text.xQueueGiveMutexRecursive
                0x08009290       0x3e ./Middlewares/Third_Party/FreeRTOS/queue.o
                0x08009290                xQueueGiveMutexRecursive
 .text.xQueueCreateMutex
                0x080092ce       0x3a ./Middlewares/Third_Party/FreeRTOS/queue.o
                0x080092ce                xQueueCreateMutex
 .text.xQueueGenericSendFromISR
                0x08009308       0xba ./Middlewares/Third_Party/FreeRTOS/queue.o
                0x08009308                xQueueGenericSendFromISR
 .text.xQueueGiveFromISR
                0x080093c2       0xa2 ./Middlewares/Third_Party/FreeRTOS/queue.o
                0x080093c2                xQueueGiveFromISR
 .text.xQueueReceive
                0x08009464      0x13c ./Middlewares/Third_Party/FreeRTOS/queue.o
                0x08009464                xQueueReceive
 .text.xQueueSemaphoreTake
                0x080095a0      0x17a ./Middlewares/Third_Party/FreeRTOS/queue.o
                0x080095a0                xQueueSemaphoreTake
 .text.xQueueTakeMutexRecursive
                0x0800971a       0x42 ./Middlewares/Third_Party/FreeRTOS/queue.o
                0x0800971a                xQueueTakeMutexRecursive
 .text.xQueueReceiveFromISR
                0x0800975c       0x9a ./Middlewares/Third_Party/FreeRTOS/queue.o
                0x0800975c                xQueueReceiveFromISR
 *fill*         0x080097f6        0x2 
 .text.vQueueAddToRegistry
                0x080097f8       0x24 ./Middlewares/Third_Party/FreeRTOS/queue.o
                0x080097f8                vQueueAddToRegistry
 .text.vQueueUnregisterQueue
                0x0800981c       0x30 ./Middlewares/Third_Party/FreeRTOS/queue.o
                0x0800981c                vQueueUnregisterQueue
 .text.vQueueDelete
                0x0800984c       0x2a ./Middlewares/Third_Party/FreeRTOS/queue.o
                0x0800984c                vQueueDelete
 .text.vQueueWaitForMessageRestricted
                0x08009876       0x46 ./Middlewares/Third_Party/FreeRTOS/queue.o
                0x08009876                vQueueWaitForMessageRestricted
 .text.prvAddNewTaskToReadyList
                0x080098bc       0xfc ./Middlewares/Third_Party/FreeRTOS/tasks.o
 .text.prvAddCurrentTaskToDelayedList
                0x080099b8       0x70 ./Middlewares/Third_Party/FreeRTOS/tasks.o
 .text.prvResetNextTaskUnblockTime
                0x08009a28       0x24 ./Middlewares/Third_Party/FreeRTOS/tasks.o
 .text.prvDeleteTCB
                0x08009a4c       0x3c ./Middlewares/Third_Party/FreeRTOS/tasks.o
 .text.prvIdleTask
                0x08009a88       0x60 ./Middlewares/Third_Party/FreeRTOS/tasks.o
 .text.prvInitialiseNewTask.constprop.0
                0x08009ae8       0xb8 ./Middlewares/Third_Party/FreeRTOS/tasks.o
 .text.xTaskCreateStatic
                0x08009ba0       0x70 ./Middlewares/Third_Party/FreeRTOS/tasks.o
                0x08009ba0                xTaskCreateStatic
 .text.xTaskCreate
                0x08009c10       0x5c ./Middlewares/Third_Party/FreeRTOS/tasks.o
                0x08009c10                xTaskCreate
 .text.vTaskStartScheduler
                0x08009c6c       0xa0 ./Middlewares/Third_Party/FreeRTOS/tasks.o
                0x08009c6c                vTaskStartScheduler
 .text.vTaskSuspendAll
                0x08009d0c       0x10 ./Middlewares/Third_Party/FreeRTOS/tasks.o
                0x08009d0c                vTaskSuspendAll
 .text.xTaskGetTickCount
                0x08009d1c        0xc ./Middlewares/Third_Party/FreeRTOS/tasks.o
                0x08009d1c                xTaskGetTickCount
 .text.xTaskGetTickCountFromISR
                0x08009d28       0x10 ./Middlewares/Third_Party/FreeRTOS/tasks.o
                0x08009d28                xTaskGetTickCountFromISR
 .text.xTaskIncrementTick
                0x08009d38      0x12c ./Middlewares/Third_Party/FreeRTOS/tasks.o
                0x08009d38                xTaskIncrementTick
 .text.xTaskResumeAll
                0x08009e64       0xe8 ./Middlewares/Third_Party/FreeRTOS/tasks.o
                0x08009e64                xTaskResumeAll
 .text.vTaskDelay
                0x08009f4c       0x48 ./Middlewares/Third_Party/FreeRTOS/tasks.o
                0x08009f4c                vTaskDelay
 .text.vTaskSwitchContext
                0x08009f94       0x80 ./Middlewares/Third_Party/FreeRTOS/tasks.o
                0x08009f94                vTaskSwitchContext
 .text.vTaskPlaceOnEventList
                0x0800a014       0x34 ./Middlewares/Third_Party/FreeRTOS/tasks.o
                0x0800a014                vTaskPlaceOnEventList
 .text.vTaskPlaceOnEventListRestricted
                0x0800a048       0x3c ./Middlewares/Third_Party/FreeRTOS/tasks.o
                0x0800a048                vTaskPlaceOnEventListRestricted
 .text.xTaskRemoveFromEventList
                0x0800a084       0x84 ./Middlewares/Third_Party/FreeRTOS/tasks.o
                0x0800a084                xTaskRemoveFromEventList
 .text.vTaskInternalSetTimeOutState
                0x0800a108       0x18 ./Middlewares/Third_Party/FreeRTOS/tasks.o
                0x0800a108                vTaskInternalSetTimeOutState
 .text.xTaskCheckForTimeOut
                0x0800a120       0x78 ./Middlewares/Third_Party/FreeRTOS/tasks.o
                0x0800a120                xTaskCheckForTimeOut
 .text.vTaskMissedYield
                0x0800a198        0xc ./Middlewares/Third_Party/FreeRTOS/tasks.o
                0x0800a198                vTaskMissedYield
 .text.xTaskGetCurrentTaskHandle
                0x0800a1a4        0xc ./Middlewares/Third_Party/FreeRTOS/tasks.o
                0x0800a1a4                xTaskGetCurrentTaskHandle
 .text.xTaskGetSchedulerState
                0x0800a1b0       0x20 ./Middlewares/Third_Party/FreeRTOS/tasks.o
                0x0800a1b0                xTaskGetSchedulerState
 .text.xTaskPriorityInherit
                0x0800a1d0       0x7c ./Middlewares/Third_Party/FreeRTOS/tasks.o
                0x0800a1d0                xTaskPriorityInherit
 .text.xTaskPriorityDisinherit
                0x0800a24c       0x84 ./Middlewares/Third_Party/FreeRTOS/tasks.o
                0x0800a24c                xTaskPriorityDisinherit
 .text.vTaskPriorityDisinheritAfterTimeout
                0x0800a2d0       0x9c ./Middlewares/Third_Party/FreeRTOS/tasks.o
                0x0800a2d0                vTaskPriorityDisinheritAfterTimeout
 .text.pvTaskIncrementMutexHeldCount
                0x0800a36c       0x18 ./Middlewares/Third_Party/FreeRTOS/tasks.o
                0x0800a36c                pvTaskIncrementMutexHeldCount
 .text.prvInsertTimerInActiveList
                0x0800a384       0x3c ./Middlewares/Third_Party/FreeRTOS/timers.o
 .text.prvCheckForValidListAndQueue
                0x0800a3c0       0x68 ./Middlewares/Third_Party/FreeRTOS/timers.o
 .text.xTimerCreateTimerTask
                0x0800a428       0x64 ./Middlewares/Third_Party/FreeRTOS/timers.o
                0x0800a428                xTimerCreateTimerTask
 .text.xTimerGenericCommand
                0x0800a48c       0x54 ./Middlewares/Third_Party/FreeRTOS/timers.o
                0x0800a48c                xTimerGenericCommand
 .text.prvSampleTimeNow
                0x0800a4e0       0xa4 ./Middlewares/Third_Party/FreeRTOS/timers.o
 .text.prvTimerTask
                0x0800a584      0x1cc ./Middlewares/Third_Party/FreeRTOS/timers.o
 .text.netconn_apimsg
                0x0800a750       0x14 ./Middlewares/Third_Party/LwIP/api_lib.o
 .text.netconn_send
                0x0800a764       0x3c ./Middlewares/Third_Party/LwIP/api_lib.o
                0x0800a764                netconn_send
 .text.netconn_sendto
                0x0800a7a0       0x14 ./Middlewares/Third_Party/LwIP/api_lib.o
                0x0800a7a0                netconn_sendto
 .text.netconn_err
                0x0800a7b4       0x1e ./Middlewares/Third_Party/LwIP/api_lib.o
                0x0800a7b4                netconn_err
 .text.lwip_netconn_do_send
                0x0800a7d2       0x3c ./Middlewares/Third_Party/LwIP/api_msg.o
                0x0800a7d2                lwip_netconn_do_send
 .text.lwip_htons
                0x0800a80e        0x6 ./Middlewares/Third_Party/LwIP/def.o
                0x0800a80e                lwip_htons
 .text.lwip_htonl
                0x0800a814        0x4 ./Middlewares/Third_Party/LwIP/def.o
                0x0800a814                lwip_htonl
 .text.etharp_free_entry
                0x0800a818       0x28 ./Middlewares/Third_Party/LwIP/etharp.o
 .text.etharp_find_entry
                0x0800a840      0x128 ./Middlewares/Third_Party/LwIP/etharp.o
 .text.etharp_raw
                0x0800a968       0xdc ./Middlewares/Third_Party/LwIP/etharp.o
 .text.etharp_cleanup_netif
                0x0800aa44       0x28 ./Middlewares/Third_Party/LwIP/etharp.o
                0x0800aa44                etharp_cleanup_netif
 .text.etharp_input
                0x0800aa6c      0x14c ./Middlewares/Third_Party/LwIP/etharp.o
                0x0800aa6c                etharp_input
 .text.etharp_request
                0x0800abb8       0x2c ./Middlewares/Third_Party/LwIP/etharp.o
                0x0800abb8                etharp_request
 .text.etharp_tmr
                0x0800abe4       0x50 ./Middlewares/Third_Party/LwIP/etharp.o
                0x0800abe4                etharp_tmr
 .text.etharp_output_to_arp_index
                0x0800ac34       0xac ./Middlewares/Third_Party/LwIP/etharp.o
 .text.etharp_query
                0x0800ace0      0x138 ./Middlewares/Third_Party/LwIP/etharp.o
                0x0800ace0                etharp_query
 .text.etharp_output
                0x0800ae18      0x13c ./Middlewares/Third_Party/LwIP/etharp.o
                0x0800ae18                etharp_output
 .text.ethernet_input
                0x0800af54       0xa4 ./Middlewares/Third_Party/LwIP/ethernet.o
                0x0800af54                ethernet_input
 .text.ethernet_output
                0x0800aff8       0x74 ./Middlewares/Third_Party/LwIP/ethernet.o
                0x0800aff8                ethernet_output
 .text.icmp_send_response
                0x0800b06c       0xa0 ./Middlewares/Third_Party/LwIP/icmp.o
 .text.icmp_input
                0x0800b10c      0x15c ./Middlewares/Third_Party/LwIP/icmp.o
                0x0800b10c                icmp_input
 .text.icmp_dest_unreach
                0x0800b268        0x8 ./Middlewares/Third_Party/LwIP/icmp.o
                0x0800b268                icmp_dest_unreach
 .text.icmp_time_exceeded
                0x0800b270        0x8 ./Middlewares/Third_Party/LwIP/icmp.o
                0x0800b270                icmp_time_exceeded
 .text.lwip_standard_chksum
                0x0800b278       0x54 ./Middlewares/Third_Party/LwIP/inet_chksum.o
                0x0800b278                lwip_standard_chksum
 .text.inet_chksum
                0x0800b2cc        0xc ./Middlewares/Third_Party/LwIP/inet_chksum.o
                0x0800b2cc                inet_chksum
 .text.inet_chksum_pbuf
                0x0800b2d8       0x44 ./Middlewares/Third_Party/LwIP/inet_chksum.o
                0x0800b2d8                inet_chksum_pbuf
 .text.lwip_init
                0x0800b31c       0x22 ./Middlewares/Third_Party/LwIP/init.o
                0x0800b31c                lwip_init
 *fill*         0x0800b33e        0x2 
 .text.ip4_input_accept
                0x0800b340       0x34 ./Middlewares/Third_Party/LwIP/ip4.o
 .text.ip4_route
                0x0800b374       0x60 ./Middlewares/Third_Party/LwIP/ip4.o
                0x0800b374                ip4_route
 .text.ip4_input
                0x0800b3d4      0x170 ./Middlewares/Third_Party/LwIP/ip4.o
                0x0800b3d4                ip4_input
 .text.ip4_output_if_src
                0x0800b544       0xfc ./Middlewares/Third_Party/LwIP/ip4.o
                0x0800b544                ip4_output_if_src
 .text.ip4_output_if
                0x0800b640       0x22 ./Middlewares/Third_Party/LwIP/ip4.o
                0x0800b640                ip4_output_if
 .text.ip4_addr_isbroadcast_u32
                0x0800b662       0x36 ./Middlewares/Third_Party/LwIP/ip4_addr.o
                0x0800b662                ip4_addr_isbroadcast_u32
 .text.ip_reass_dequeue_datagram
                0x0800b698       0x44 ./Middlewares/Third_Party/LwIP/ip4_frag.o
 .text.ip_reass_free_complete_datagram
                0x0800b6dc       0xe8 ./Middlewares/Third_Party/LwIP/ip4_frag.o
 .text.ip_reass_remove_oldest_datagram
                0x0800b7c4       0x78 ./Middlewares/Third_Party/LwIP/ip4_frag.o
 .text.ipfrag_free_pbuf_custom
                0x0800b83c       0x34 ./Middlewares/Third_Party/LwIP/ip4_frag.o
 .text.ip_reass_tmr
                0x0800b870       0x2c ./Middlewares/Third_Party/LwIP/ip4_frag.o
                0x0800b870                ip_reass_tmr
 .text.ip4_reass
                0x0800b89c      0x3a8 ./Middlewares/Third_Party/LwIP/ip4_frag.o
                0x0800b89c                ip4_reass
 .text.ip4_frag
                0x0800bc44      0x1cc ./Middlewares/Third_Party/LwIP/ip4_frag.o
                0x0800bc44                ip4_frag
 .text.mem_init
                0x0800be10       0x70 ./Middlewares/Third_Party/LwIP/mem.o
                0x0800be10                mem_init
 .text.mem_free
                0x0800be80      0x1ac ./Middlewares/Third_Party/LwIP/mem.o
                0x0800be80                mem_free
 .text.mem_trim
                0x0800c02c      0x164 ./Middlewares/Third_Party/LwIP/mem.o
                0x0800c02c                mem_trim
 .text.mem_malloc
                0x0800c190      0x154 ./Middlewares/Third_Party/LwIP/mem.o
                0x0800c190                mem_malloc
 .text.mem_calloc
                0x0800c2e4       0x1c ./Middlewares/Third_Party/LwIP/mem.o
                0x0800c2e4                mem_calloc
 .text.do_memp_malloc_pool
                0x0800c300       0x3c ./Middlewares/Third_Party/LwIP/memp.o
 .text.do_memp_free_pool
                0x0800c33c       0x38 ./Middlewares/Third_Party/LwIP/memp.o
 .text.memp_init_pool
                0x0800c374       0x26 ./Middlewares/Third_Party/LwIP/memp.o
                0x0800c374                memp_init_pool
 *fill*         0x0800c39a        0x2 
 .text.memp_init
                0x0800c39c       0x1c ./Middlewares/Third_Party/LwIP/memp.o
                0x0800c39c                memp_init
 .text.memp_malloc_pool
                0x0800c3b8       0x2c ./Middlewares/Third_Party/LwIP/memp.o
                0x0800c3b8                memp_malloc_pool
 .text.memp_malloc
                0x0800c3e4       0x38 ./Middlewares/Third_Party/LwIP/memp.o
                0x0800c3e4                memp_malloc
 .text.memp_free_pool
                0x0800c41c       0x24 ./Middlewares/Third_Party/LwIP/memp.o
                0x0800c41c                memp_free_pool
 .text.memp_free
                0x0800c440       0x30 ./Middlewares/Third_Party/LwIP/memp.o
                0x0800c440                memp_free
 .text.mqtt_ringbuf_put
                0x0800c470       0x16 ./Middlewares/Third_Party/LwIP/mqtt.o
 .text.mqtt_output_append_u16
                0x0800c486       0x14 ./Middlewares/Third_Party/LwIP/mqtt.o
 .text.mqtt_output_append_string
                0x0800c49a       0x28 ./Middlewares/Third_Party/LwIP/mqtt.o
 *fill*         0x0800c4c2        0x2 
 .text.mqtt_append_request
                0x0800c4c4       0x4c ./Middlewares/Third_Party/LwIP/mqtt.o
 .text.mqtt_ringbuf_advance_get_idx
                0x0800c510       0x3c ./Middlewares/Third_Party/LwIP/mqtt.o
 .text.mqtt_take_request
                0x0800c54c       0x54 ./Middlewares/Third_Party/LwIP/mqtt.o
 .text.mqtt_output_append_fixed_header.constprop.0
                0x0800c5a0       0x3c ./Middlewares/Third_Party/LwIP/mqtt.o
 .text.mqtt_close
                0x0800c5dc       0x80 ./Middlewares/Third_Party/LwIP/mqtt.o
 .text.mqtt_tcp_err_cb
                0x0800c65c       0x34 ./Middlewares/Third_Party/LwIP/mqtt.o
 .text.mqtt_output_check_space
                0x0800c690       0x2c ./Middlewares/Third_Party/LwIP/mqtt.o
 .text.mqtt_output_send
                0x0800c6bc       0xb2 ./Middlewares/Third_Party/LwIP/mqtt.o
 .text.mqtt_tcp_poll_cb
                0x0800c76e       0x14 ./Middlewares/Third_Party/LwIP/mqtt.o
 *fill*         0x0800c782        0x2 
 .text.mqtt_tcp_connect_cb
                0x0800c784       0x58 ./Middlewares/Third_Party/LwIP/mqtt.o
 .text.pub_ack_rec_rel_response.isra.0
                0x0800c7dc       0x44 ./Middlewares/Third_Party/LwIP/mqtt.o
 .text.mqtt_cyclic_timer
                0x0800c820       0xf0 ./Middlewares/Third_Party/LwIP/mqtt.o
 .text.mqtt_message_received
                0x0800c910      0x228 ./Middlewares/Third_Party/LwIP/mqtt.o
 .text.mqtt_tcp_recv_cb
                0x0800cb38      0x1a4 ./Middlewares/Third_Party/LwIP/mqtt.o
 .text.mqtt_tcp_sent_cb
                0x0800ccdc       0x3c ./Middlewares/Third_Party/LwIP/mqtt.o
 .text.mqtt_publish
                0x0800cd18      0x15c ./Middlewares/Third_Party/LwIP/mqtt.o
                0x0800cd18                mqtt_publish
 .text.mqtt_sub_unsub
                0x0800ce74      0x158 ./Middlewares/Third_Party/LwIP/mqtt.o
                0x0800ce74                mqtt_sub_unsub
 .text.mqtt_set_inpub_callback
                0x0800cfcc       0x34 ./Middlewares/Third_Party/LwIP/mqtt.o
                0x0800cfcc                mqtt_set_inpub_callback
 .text.mqtt_client_new
                0x0800d000       0x14 ./Middlewares/Third_Party/LwIP/mqtt.o
                0x0800d000                mqtt_client_new
 .text.mqtt_client_connect
                0x0800d014      0x2ec ./Middlewares/Third_Party/LwIP/mqtt.o
                0x0800d014                mqtt_client_connect
 .text.mqtt_client_is_connected
                0x0800d300       0x30 ./Middlewares/Third_Party/LwIP/mqtt.o
                0x0800d300                mqtt_client_is_connected
 .text.netbuf_new
                0x0800d330       0x18 ./Middlewares/Third_Party/LwIP/netbuf.o
                0x0800d330                netbuf_new
 .text.netbuf_delete
                0x0800d348       0x22 ./Middlewares/Third_Party/LwIP/netbuf.o
                0x0800d348                netbuf_delete
 *fill*         0x0800d36a        0x2 
 .text.netbuf_alloc
                0x0800d36c       0x5c ./Middlewares/Third_Party/LwIP/netbuf.o
                0x0800d36c                netbuf_alloc
 .text.netbuf_ref
                0x0800d3c8       0x54 ./Middlewares/Third_Party/LwIP/netbuf.o
                0x0800d3c8                netbuf_ref
 .text.netif_null_output_ip4
                0x0800d41c        0x6 ./Middlewares/Third_Party/LwIP/netif.o
 *fill*         0x0800d422        0x2 
 .text.netif_issue_reports
                0x0800d424       0x44 ./Middlewares/Third_Party/LwIP/netif.o
 .text.netif_do_set_ipaddr.isra.0
                0x0800d468       0x34 ./Middlewares/Third_Party/LwIP/netif.o
 .text.netif_init
                0x0800d49c        0x2 ./Middlewares/Third_Party/LwIP/netif.o
                0x0800d49c                netif_init
 *fill*         0x0800d49e        0x2 
 .text.netif_set_addr
                0x0800d4a0       0x60 ./Middlewares/Third_Party/LwIP/netif.o
                0x0800d4a0                netif_set_addr
 .text.netif_add
                0x0800d500      0x12c ./Middlewares/Third_Party/LwIP/netif.o
                0x0800d500                netif_add
 .text.netif_set_default
                0x0800d62c       0x14 ./Middlewares/Third_Party/LwIP/netif.o
                0x0800d62c                netif_set_default
 .text.netif_set_up
                0x0800d640       0x48 ./Middlewares/Third_Party/LwIP/netif.o
                0x0800d640                netif_set_up
 .text.netif_set_down
                0x0800d688       0x48 ./Middlewares/Third_Party/LwIP/netif.o
                0x0800d688                netif_set_down
 .text.netif_set_link_up
                0x0800d6d0       0x50 ./Middlewares/Third_Party/LwIP/netif.o
                0x0800d6d0                netif_set_link_up
 .text.netif_set_link_down
                0x0800d720       0x48 ./Middlewares/Third_Party/LwIP/netif.o
                0x0800d720                netif_set_link_down
 .text.netif_set_link_callback
                0x0800d768       0x10 ./Middlewares/Third_Party/LwIP/netif.o
                0x0800d768                netif_set_link_callback
 .text.netif_get_by_index
                0x0800d778       0x2c ./Middlewares/Third_Party/LwIP/netif.o
                0x0800d778                netif_get_by_index
 .text.pbuf_skip_const
                0x0800d7a4       0x16 ./Middlewares/Third_Party/LwIP/pbuf.o
 *fill*         0x0800d7ba        0x2 
 .text.pbuf_add_header_impl
                0x0800d7bc       0x68 ./Middlewares/Third_Party/LwIP/pbuf.o
 .text.pbuf_free_ooseq_callback
                0x0800d824       0x30 ./Middlewares/Third_Party/LwIP/pbuf.o
 .text.pbuf_alloc_reference
                0x0800d854       0x48 ./Middlewares/Third_Party/LwIP/pbuf.o
                0x0800d854                pbuf_alloc_reference
 .text.pbuf_alloced_custom
                0x0800d89c       0x34 ./Middlewares/Third_Party/LwIP/pbuf.o
                0x0800d89c                pbuf_alloced_custom
 .text.pbuf_add_header
                0x0800d8d0        0x6 ./Middlewares/Third_Party/LwIP/pbuf.o
                0x0800d8d0                pbuf_add_header
 *fill*         0x0800d8d6        0x2 
 .text.pbuf_remove_header
                0x0800d8d8       0x58 ./Middlewares/Third_Party/LwIP/pbuf.o
                0x0800d8d8                pbuf_remove_header
 .text.pbuf_header_force
                0x0800d930       0x10 ./Middlewares/Third_Party/LwIP/pbuf.o
                0x0800d930                pbuf_header_force
 .text.pbuf_free
                0x0800d940       0xd4 ./Middlewares/Third_Party/LwIP/pbuf.o
                0x0800d940                pbuf_free
 .text.pbuf_alloc
                0x0800da14      0x11c ./Middlewares/Third_Party/LwIP/pbuf.o
                0x0800da14                pbuf_alloc
 .text.pbuf_realloc
                0x0800db30       0xb0 ./Middlewares/Third_Party/LwIP/pbuf.o
                0x0800db30                pbuf_realloc
 .text.pbuf_clen
                0x0800dbe0       0x10 ./Middlewares/Third_Party/LwIP/pbuf.o
                0x0800dbe0                pbuf_clen
 .text.pbuf_ref
                0x0800dbf0       0x38 ./Middlewares/Third_Party/LwIP/pbuf.o
                0x0800dbf0                pbuf_ref
 .text.pbuf_cat
                0x0800dc28       0x74 ./Middlewares/Third_Party/LwIP/pbuf.o
                0x0800dc28                pbuf_cat
 .text.pbuf_chain
                0x0800dc9c       0x12 ./Middlewares/Third_Party/LwIP/pbuf.o
                0x0800dc9c                pbuf_chain
 *fill*         0x0800dcae        0x2 
 .text.pbuf_copy
                0x0800dcb0      0x104 ./Middlewares/Third_Party/LwIP/pbuf.o
                0x0800dcb0                pbuf_copy
 .text.pbuf_copy_partial
                0x0800ddb4       0x84 ./Middlewares/Third_Party/LwIP/pbuf.o
                0x0800ddb4                pbuf_copy_partial
 .text.pbuf_clone
                0x0800de38       0x38 ./Middlewares/Third_Party/LwIP/pbuf.o
                0x0800de38                pbuf_clone
 .text.pbuf_try_get_at
                0x0800de70       0x26 ./Middlewares/Third_Party/LwIP/pbuf.o
                0x0800de70                pbuf_try_get_at
 .text.pbuf_get_at
                0x0800de96        0xe ./Middlewares/Third_Party/LwIP/pbuf.o
                0x0800de96                pbuf_get_at
 .text.sys_mbox_new
                0x0800dea4       0x1a ./Middlewares/Third_Party/LwIP/sys_arch.o
                0x0800dea4                sys_mbox_new
 .text.sys_mbox_trypost
                0x0800debe       0x1e ./Middlewares/Third_Party/LwIP/sys_arch.o
                0x0800debe                sys_mbox_trypost
 .text.sys_arch_mbox_fetch
                0x0800dedc       0x3c ./Middlewares/Third_Party/LwIP/sys_arch.o
                0x0800dedc                sys_arch_mbox_fetch
 .text.sys_mbox_valid
                0x0800df18        0xa ./Middlewares/Third_Party/LwIP/sys_arch.o
                0x0800df18                sys_mbox_valid
 *fill*         0x0800df22        0x2 
 .text.sys_init
                0x0800df24       0x14 ./Middlewares/Third_Party/LwIP/sys_arch.o
                0x0800df24                sys_init
 .text.sys_mutex_new
                0x0800df38       0x16 ./Middlewares/Third_Party/LwIP/sys_arch.o
                0x0800df38                sys_mutex_new
 .text.sys_mutex_lock
                0x0800df4e        0xa ./Middlewares/Third_Party/LwIP/sys_arch.o
                0x0800df4e                sys_mutex_lock
 .text.sys_mutex_unlock
                0x0800df58        0x6 ./Middlewares/Third_Party/LwIP/sys_arch.o
                0x0800df58                sys_mutex_unlock
 .text.sys_thread_new
                0x0800df5e       0x2c ./Middlewares/Third_Party/LwIP/sys_arch.o
                0x0800df5e                sys_thread_new
 *fill*         0x0800df8a        0x2 
 .text.sys_arch_protect
                0x0800df8c       0x18 ./Middlewares/Third_Party/LwIP/sys_arch.o
                0x0800df8c                sys_arch_protect
 .text.sys_arch_unprotect
                0x0800dfa4        0xc ./Middlewares/Third_Party/LwIP/sys_arch.o
                0x0800dfa4                sys_arch_unprotect
 .text.tcp_new_port
                0x0800dfb0       0x50 ./Middlewares/Third_Party/LwIP/tcp.o
 .text.tcp_close_shutdown_fin
                0x0800e000       0x60 ./Middlewares/Third_Party/LwIP/tcp.o
 .text.tcp_init
                0x0800e060       0x18 ./Middlewares/Third_Party/LwIP/tcp.o
                0x0800e060                tcp_init
 .text.tcp_free
                0x0800e078       0x30 ./Middlewares/Third_Party/LwIP/tcp.o
                0x0800e078                tcp_free
 .text.tcp_bind
                0x0800e0a8       0xb4 ./Middlewares/Third_Party/LwIP/tcp.o
                0x0800e0a8                tcp_bind
 .text.tcp_update_rcv_ann_wnd
                0x0800e15c       0x6c ./Middlewares/Third_Party/LwIP/tcp.o
                0x0800e15c                tcp_update_rcv_ann_wnd
 .text.tcp_recved
                0x0800e1c8       0x80 ./Middlewares/Third_Party/LwIP/tcp.o
                0x0800e1c8                tcp_recved
 .text.tcp_seg_free
                0x0800e248       0x1c ./Middlewares/Third_Party/LwIP/tcp.o
                0x0800e248                tcp_seg_free
 .text.tcp_segs_free
                0x0800e264       0x10 ./Middlewares/Third_Party/LwIP/tcp.o
                0x0800e264                tcp_segs_free
 .text.tcp_seg_copy
                0x0800e274       0x48 ./Middlewares/Third_Party/LwIP/tcp.o
                0x0800e274                tcp_seg_copy
 .text.tcp_arg  0x0800e2bc       0x10 ./Middlewares/Third_Party/LwIP/tcp.o
                0x0800e2bc                tcp_arg
 .text.tcp_recv
                0x0800e2cc       0x34 ./Middlewares/Third_Party/LwIP/tcp.o
                0x0800e2cc                tcp_recv
 .text.tcp_sent
                0x0800e300       0x34 ./Middlewares/Third_Party/LwIP/tcp.o
                0x0800e300                tcp_sent
 .text.tcp_err  0x0800e334       0x34 ./Middlewares/Third_Party/LwIP/tcp.o
                0x0800e334                tcp_err
 .text.tcp_poll
                0x0800e368       0x4c ./Middlewares/Third_Party/LwIP/tcp.o
                0x0800e368                tcp_poll
 .text.tcp_next_iss
                0x0800e3b4       0x34 ./Middlewares/Third_Party/LwIP/tcp.o
                0x0800e3b4                tcp_next_iss
 .text.tcp_eff_send_mss_netif
                0x0800e3e8       0x3c ./Middlewares/Third_Party/LwIP/tcp.o
                0x0800e3e8                tcp_eff_send_mss_netif
 .text.tcp_connect
                0x0800e424      0x138 ./Middlewares/Third_Party/LwIP/tcp.o
                0x0800e424                tcp_connect
 .text.tcp_free_ooseq
                0x0800e55c       0x12 ./Middlewares/Third_Party/LwIP/tcp.o
                0x0800e55c                tcp_free_ooseq
 *fill*         0x0800e56e        0x2 
 .text.tcp_pcb_purge
                0x0800e570       0x64 ./Middlewares/Third_Party/LwIP/tcp.o
                0x0800e570                tcp_pcb_purge
 .text.tcp_pcb_remove
                0x0800e5d4       0xcc ./Middlewares/Third_Party/LwIP/tcp.o
                0x0800e5d4                tcp_pcb_remove
 .text.tcp_abandon
                0x0800e6a0      0x110 ./Middlewares/Third_Party/LwIP/tcp.o
                0x0800e6a0                tcp_abandon
 .text.tcp_abort
                0x0800e7b0        0x6 ./Middlewares/Third_Party/LwIP/tcp.o
                0x0800e7b0                tcp_abort
 *fill*         0x0800e7b6        0x2 
 .text.tcp_netif_ip_addr_changed_pcblist
                0x0800e7b8       0x3c ./Middlewares/Third_Party/LwIP/tcp.o
 .text.tcp_netif_ip_addr_changed
                0x0800e7f4       0x48 ./Middlewares/Third_Party/LwIP/tcp.o
                0x0800e7f4                tcp_netif_ip_addr_changed
 .text.tcp_kill_state
                0x0800e83c       0x3c ./Middlewares/Third_Party/LwIP/tcp.o
 .text.tcp_alloc
                0x0800e878      0x138 ./Middlewares/Third_Party/LwIP/tcp.o
                0x0800e878                tcp_alloc
 .text.tcp_new_ip_type
                0x0800e9b0        0x6 ./Middlewares/Third_Party/LwIP/tcp.o
                0x0800e9b0                tcp_new_ip_type
 *fill*         0x0800e9b6        0x2 
 .text.tcp_close_shutdown
                0x0800e9b8      0x164 ./Middlewares/Third_Party/LwIP/tcp.o
 .text.tcp_close
                0x0800eb1c       0x44 ./Middlewares/Third_Party/LwIP/tcp.o
                0x0800eb1c                tcp_close
 .text.tcp_recv_null
                0x0800eb60       0x48 ./Middlewares/Third_Party/LwIP/tcp.o
                0x0800eb60                tcp_recv_null
 .text.tcp_process_refused_data
                0x0800eba8       0x88 ./Middlewares/Third_Party/LwIP/tcp.o
                0x0800eba8                tcp_process_refused_data
 .text.tcp_fasttmr
                0x0800ec30       0x80 ./Middlewares/Third_Party/LwIP/tcp.o
                0x0800ec30                tcp_fasttmr
 .text.tcp_slowtmr
                0x0800ecb0      0x444 ./Middlewares/Third_Party/LwIP/tcp.o
                0x0800ecb0                tcp_slowtmr
 .text.tcp_tmr  0x0800f0f4       0x24 ./Middlewares/Third_Party/LwIP/tcp.o
                0x0800f0f4                tcp_tmr
 .text.tcp_get_next_optbyte
                0x0800f118       0x38 ./Middlewares/Third_Party/LwIP/tcp_in.o
 .text.tcp_oos_insert_segment
                0x0800f150       0x90 ./Middlewares/Third_Party/LwIP/tcp_in.o
 .text.tcp_parseopt
                0x0800f1e0       0x8c ./Middlewares/Third_Party/LwIP/tcp_in.o
 .text.tcp_input_delayed_close
                0x0800f26c       0x3c ./Middlewares/Third_Party/LwIP/tcp_in.o
 .text.tcp_free_acked_segments.constprop.0
                0x0800f2a8       0xc0 ./Middlewares/Third_Party/LwIP/tcp_in.o
 .text.tcp_receive
                0x0800f368      0x848 ./Middlewares/Third_Party/LwIP/tcp_in.o
 .text.tcp_input
                0x0800fbb0      0xaf8 ./Middlewares/Third_Party/LwIP/tcp_in.o
                0x0800fbb0                tcp_input
 .text.tcp_trigger_input_pcb_close
                0x080106a8       0x10 ./Middlewares/Third_Party/LwIP/tcp_in.o
                0x080106a8                tcp_trigger_input_pcb_close
 .text.tcp_output_segment_busy
                0x080106b8       0x2c ./Middlewares/Third_Party/LwIP/tcp_out.o
 .text.tcp_pbuf_prealloc
                0x080106e4       0xa0 ./Middlewares/Third_Party/LwIP/tcp_out.o
 .text.tcp_create_segment
                0x08010784       0xdc ./Middlewares/Third_Party/LwIP/tcp_out.o
 .text.tcp_output_alloc_header_common.constprop.0
                0x08010860       0x84 ./Middlewares/Third_Party/LwIP/tcp_out.o
 .text.tcp_output_alloc_header.constprop.0
                0x080108e4       0x4c ./Middlewares/Third_Party/LwIP/tcp_out.o
 .text.tcp_output_fill_options.constprop.0
                0x08010930       0x20 ./Middlewares/Third_Party/LwIP/tcp_out.o
 .text.tcp_output_control_segment
                0x08010950       0x70 ./Middlewares/Third_Party/LwIP/tcp_out.o
 .text.tcp_write
                0x080109c0      0x510 ./Middlewares/Third_Party/LwIP/tcp_out.o
                0x080109c0                tcp_write
 .text.tcp_split_unsent_seg
                0x08010ed0      0x198 ./Middlewares/Third_Party/LwIP/tcp_out.o
                0x08010ed0                tcp_split_unsent_seg
 .text.tcp_enqueue_flags
                0x08011068      0x128 ./Middlewares/Third_Party/LwIP/tcp_out.o
                0x08011068                tcp_enqueue_flags
 .text.tcp_send_fin
                0x08011190       0x60 ./Middlewares/Third_Party/LwIP/tcp_out.o
                0x08011190                tcp_send_fin
 .text.tcp_rexmit_rto_prepare
                0x080111f0       0x88 ./Middlewares/Third_Party/LwIP/tcp_out.o
                0x080111f0                tcp_rexmit_rto_prepare
 .text.tcp_rexmit