../../Drivers/CMSIS/Include/core_cm7.h:2660:26:ITM_SendChar	16	static,ignoring_inline_asm
../Core/Src/main.c:39:5:_write	32	static
../Core/Src/main.c:121:5:main	24	static,ignoring_inline_asm
../Core/Src/main.c:258:6:SystemClock_Config	128	static
../Core/Src/main.c:321:13:MX_NVIC_Init	8	static
../Core/Src/main.c:333:13:MX_ADC3_Init	40	static
../Core/Src/main.c:397:13:MX_I2C1_Init	8	static
../Core/Src/main.c:445:13:MX_TIM1_Init	40	static
../Core/Src/main.c:492:13:MX_UART4_Init	8	static
../Core/Src/main.c:540:13:MX_USART2_UART_Init	8	static
../Core/Src/main.c:588:13:MX_USART3_UART_Init	8	static
../Core/Src/main.c:634:13:MX_DMA_Init	16	static
../Core/Src/main.c:655:13:MX_GPIO_Init	56	static
../Core/Src/main.c:755:6:HAL_GPIO_EXTI_Callback	24	static
../Core/Src/main.c:793:6:StartDefaultTask	288	static
../Core/Src/main.c:924:6:MPU_Config	24	static
../Core/Src/main.c:982:6:HAL_TIM_PeriodElapsedCallback	16	static
../Core/Src/main.c:999:6:Error_Handler	4	static,ignoring_inline_asm
