../LWIP/Target/ethernetif.c:610:9:ETH_PHY_IO_DeInit	0	static
../LWIP/Target/ethernetif.c:292:14:low_level_output	64	static
../LWIP/Target/ethernetif.c:461:6:pbuf_free_custom	8	static
../LWIP/Target/ethernetif.c:653:9:ETH_PHY_IO_GetTick	0	static
../LWIP/Target/ethernetif.c:593:9:ETH_PHY_IO_Init	8	static
../LWIP/Target/ethernetif.c:622:9:ETH_PHY_IO_ReadReg	8	static
../LWIP/Target/ethernetif.c:639:9:ETH_PHY_IO_WriteReg	8	static
../LWIP/Target/ethernetif.c:360:6:ethernetif_input	32	static
../LWIP/Target/ethernetif.c:483:7:sys_now	0	static
../LWIP/Target/ethernetif.c:496:6:HAL_ETH_MspInit	72	static
../LWIP/Target/ethernetif.c:550:6:HAL_ETH_MspDeInit	8	static
../LWIP/Target/ethernetif.c:662:6:ethernet_link_check_state	120	static
../LWIP/Target/ethernetif.c:410:7:ethernetif_init	24	static
../LWIP/Target/ethernetif.c:719:6:HAL_ETH_RxAllocateCallback	16	static
../LWIP/Target/ethernetif.c:741:6:HAL_ETH_RxLinkCallback	32	static,ignoring_inline_asm
../LWIP/Target/ethernetif.c:783:6:HAL_ETH_TxFreeCallback	0	static
