../../Drivers/CMSIS/Include/core_cm7.h:1940:22:__NVIC_DisableIRQ	16	static,ignoring_inline_asm
../../Drivers/CMSIS/Include/core_cm7.h:1993:22:__NVIC_ClearPendingIRQ	16	static
../../Drivers/CMSIS/Include/core_cm7.h:2660:26:ITM_SendChar	16	static,ignoring_inline_asm
../Core/Src/main.c:39:5:_write	32	static
../Core/Src/main.c:129:5:main	24	static,ignoring_inline_asm
../Core/Src/main.c:266:6:SystemClock_Config	128	static
../Core/Src/main.c:330:13:MX_ADC3_Init	40	static
../Core/Src/main.c:394:13:MX_I2C1_Init	8	static
../Core/Src/main.c:442:13:MX_TIM1_Init	40	static
../Core/Src/main.c:489:13:MX_UART4_Init	8	static
../Core/Src/main.c:537:13:MX_USART2_UART_Init	8	static
../Core/Src/main.c:585:13:MX_USART3_UART_Init	8	static
../Core/Src/main.c:631:13:MX_DMA_Init	16	static
../Core/Src/main.c:655:13:MX_GPIO_Init	56	static
../Core/Src/main.c:749:6:HAL_GPIO_EXTI_Callback	16	static
../Core/Src/main.c:787:6:StartDefaultTask	456	static
../Core/Src/main.c:924:6:StartBlinkTask	16	static
../Core/Src/main.c:940:6:MPU_Config	24	static
../Core/Src/main.c:998:6:HAL_TIM_PeriodElapsedCallback	16	static
../Core/Src/main.c:1015:6:Error_Handler	4	static,ignoring_inline_asm
