../../Drivers/CMSIS/Include/core_cm7.h:2660:26:ITM_SendChar	16	static,ignoring_inline_asm
../Core/Src/main.c:38:5:_write	32	static
../Core/Src/main.c:123:5:main	24	static,ignoring_inline_asm
../Core/Src/main.c:257:6:SystemClock_Config	128	static
../Core/Src/main.c:320:13:MX_NVIC_Init	8	static
../Core/Src/main.c:332:13:MX_ADC3_Init	40	static
../Core/Src/main.c:396:13:MX_TIM1_Init	40	static
../Core/Src/main.c:443:13:MX_USART2_UART_Init	8	static
../Core/Src/main.c:491:13:MX_USART3_UART_Init	8	static
../Core/Src/main.c:537:13:MX_DMA_Init	16	static
../Core/Src/main.c:558:13:MX_GPIO_Init	56	static
../Core/Src/main.c:638:6:HAL_GPIO_EXTI_Callback	24	static
../Core/Src/main.c:669:6:StartDefaultTask	224	static
../Core/Src/main.c:751:6:StartBlinkTask	16	static
../Core/Src/main.c:767:6:MPU_Config	24	static
../Core/Src/main.c:825:6:HAL_TIM_PeriodElapsedCallback	16	static
../Core/Src/main.c:842:6:Error_Handler	4	static,ignoring_inline_asm
