Archive member included to satisfy reference by file (symbol)

C:/ST/STM32CubeIDE_1.15.0/STM32CubeIDE/plugins/com.st.stm32cube.ide.mcu.externaltools.gnu-tools-for-stm32.12.3.rel1.win32_1.0.200.202406191623/tools/bin/../lib/gcc/arm-none-eabi/12.3.1/../../../../arm-none-eabi/lib/thumb/v7e-m+dp/hard\libc_nano.a(libc_a-atoi.o)
                              ./Core/Src/MQTTTopic.o (atoi)
C:/ST/STM32CubeIDE_1.15.0/STM32CubeIDE/plugins/com.st.stm32cube.ide.mcu.externaltools.gnu-tools-for-stm32.12.3.rel1.win32_1.0.200.202406191623/tools/bin/../lib/gcc/arm-none-eabi/12.3.1/../../../../arm-none-eabi/lib/thumb/v7e-m+dp/hard\libc_nano.a(libc_a-exit.o)
                              C:/ST/STM32CubeIDE_1.15.0/STM32CubeIDE/plugins/com.st.stm32cube.ide.mcu.externaltools.gnu-tools-for-stm32.12.3.rel1.win32_1.0.200.202406191623/tools/bin/../lib/gcc/arm-none-eabi/12.3.1/../../../../arm-none-eabi/lib/thumb/v7e-m+dp/hard/crt0.o (exit)
C:/ST/STM32CubeIDE_1.15.0/STM32CubeIDE/plugins/com.st.stm32cube.ide.mcu.externaltools.gnu-tools-for-stm32.12.3.rel1.win32_1.0.200.202406191623/tools/bin/../lib/gcc/arm-none-eabi/12.3.1/../../../../arm-none-eabi/lib/thumb/v7e-m+dp/hard\libc_nano.a(libc_a-rand.o)
                              ./Middlewares/Third_Party/LwIP/tcp.o (rand)
C:/ST/STM32CubeIDE_1.15.0/STM32CubeIDE/plugins/com.st.stm32cube.ide.mcu.externaltools.gnu-tools-for-stm32.12.3.rel1.win32_1.0.200.202406191623/tools/bin/../lib/gcc/arm-none-eabi/12.3.1/../../../../arm-none-eabi/lib/thumb/v7e-m+dp/hard\libc_nano.a(libc_a-strtol.o)
                              C:/ST/STM32CubeIDE_1.15.0/STM32CubeIDE/plugins/com.st.stm32cube.ide.mcu.externaltools.gnu-tools-for-stm32.12.3.rel1.win32_1.0.200.202406191623/tools/bin/../lib/gcc/arm-none-eabi/12.3.1/../../../../arm-none-eabi/lib/thumb/v7e-m+dp/hard\libc_nano.a(libc_a-atoi.o) (_strtol_r)
C:/ST/STM32CubeIDE_1.15.0/STM32CubeIDE/plugins/com.st.stm32cube.ide.mcu.externaltools.gnu-tools-for-stm32.12.3.rel1.win32_1.0.200.202406191623/tools/bin/../lib/gcc/arm-none-eabi/12.3.1/../../../../arm-none-eabi/lib/thumb/v7e-m+dp/hard\libc_nano.a(libc_a-ctype_.o)
                              ./Middlewares/Third_Party/LwIP/ip4_addr.o (_ctype_)
C:/ST/STM32CubeIDE_1.15.0/STM32CubeIDE/plugins/com.st.stm32cube.ide.mcu.externaltools.gnu-tools-for-stm32.12.3.rel1.win32_1.0.200.202406191623/tools/bin/../lib/gcc/arm-none-eabi/12.3.1/../../../../arm-none-eabi/lib/thumb/v7e-m+dp/hard\libc_nano.a(libc_a-nano-vfprintf_float.o)
                              (_printf_float)
C:/ST/STM32CubeIDE_1.15.0/STM32CubeIDE/plugins/com.st.stm32cube.ide.mcu.externaltools.gnu-tools-for-stm32.12.3.rel1.win32_1.0.200.202406191623/tools/bin/../lib/gcc/arm-none-eabi/12.3.1/../../../../arm-none-eabi/lib/thumb/v7e-m+dp/hard\libc_nano.a(libc_a-nano-vfprintf_i.o)
                              C:/ST/STM32CubeIDE_1.15.0/STM32CubeIDE/plugins/com.st.stm32cube.ide.mcu.externaltools.gnu-tools-for-stm32.12.3.rel1.win32_1.0.200.202406191623/tools/bin/../lib/gcc/arm-none-eabi/12.3.1/../../../../arm-none-eabi/lib/thumb/v7e-m+dp/hard\libc_nano.a(libc_a-nano-vfprintf_float.o) (_printf_common)
C:/ST/STM32CubeIDE_1.15.0/STM32CubeIDE/plugins/com.st.stm32cube.ide.mcu.externaltools.gnu-tools-for-stm32.12.3.rel1.win32_1.0.200.202406191623/tools/bin/../lib/gcc/arm-none-eabi/12.3.1/../../../../arm-none-eabi/lib/thumb/v7e-m+dp/hard\libc_nano.a(libc_a-findfp.o)
                              ./Middlewares/Third_Party/FreeRTOS/tasks.o (__sf)
C:/ST/STM32CubeIDE_1.15.0/STM32CubeIDE/plugins/com.st.stm32cube.ide.mcu.externaltools.gnu-tools-for-stm32.12.3.rel1.win32_1.0.200.202406191623/tools/bin/../lib/gcc/arm-none-eabi/12.3.1/../../../../arm-none-eabi/lib/thumb/v7e-m+dp/hard\libc_nano.a(libc_a-fwalk.o)
                              C:/ST/STM32CubeIDE_1.15.0/STM32CubeIDE/plugins/com.st.stm32cube.ide.mcu.externaltools.gnu-tools-for-stm32.12.3.rel1.win32_1.0.200.202406191623/tools/bin/../lib/gcc/arm-none-eabi/12.3.1/../../../../arm-none-eabi/lib/thumb/v7e-m+dp/hard\libc_nano.a(libc_a-findfp.o) (_fwalk_sglue)
C:/ST/STM32CubeIDE_1.15.0/STM32CubeIDE/plugins/com.st.stm32cube.ide.mcu.externaltools.gnu-tools-for-stm32.12.3.rel1.win32_1.0.200.202406191623/tools/bin/../lib/gcc/arm-none-eabi/12.3.1/../../../../arm-none-eabi/lib/thumb/v7e-m+dp/hard\libc_nano.a(libc_a-printf.o)
                              ./Core/Src/MQTTClient.o (printf)
C:/ST/STM32CubeIDE_1.15.0/STM32CubeIDE/plugins/com.st.stm32cube.ide.mcu.externaltools.gnu-tools-for-stm32.12.3.rel1.win32_1.0.200.202406191623/tools/bin/../lib/gcc/arm-none-eabi/12.3.1/../../../../arm-none-eabi/lib/thumb/v7e-m+dp/hard\libc_nano.a(libc_a-puts.o)
                              ./Core/Src/MQTTClient.o (puts)
C:/ST/STM32CubeIDE_1.15.0/STM32CubeIDE/plugins/com.st.stm32cube.ide.mcu.externaltools.gnu-tools-for-stm32.12.3.rel1.win32_1.0.200.202406191623/tools/bin/../lib/gcc/arm-none-eabi/12.3.1/../../../../arm-none-eabi/lib/thumb/v7e-m+dp/hard\libc_nano.a(libc_a-snprintf.o)
                              ./Core/Src/MQTTClient.o (snprintf)
[...]
Memory Configuration

Name             Origin             Length             Attributes
RAM_D1           0x24000000         0x00080000         xrw
FLASH            0x08000000         0x00100000         xr
DTCMRAM          0x20000000         0x00020000         xrw
RAM_D2           0x30000000         0x00048000         xrw
RAM_D3           0x38000000         0x00010000         xrw
ITCMRAM          0x00000000         0x00010000         xrw
*default*        0x00000000         0xffffffff

Linker script and memory map

LOAD C:/ST/STM32CubeIDE_1.15.0/STM32CubeIDE/plugins/com.st.stm32cube.ide.mcu.externaltools.gnu-tools-for-stm32.12.3.rel1.win32_1.0.200.202406191623/tools/bin/../lib/gcc/arm-none-eabi/12.3.1/thumb/v7e-m+dp/hard/crti.o
LOAD C:/ST/STM32CubeIDE_1.15.0/STM32CubeIDE/plugins/com.st.stm32cube.ide.mcu.externaltools.gnu-tools-for-stm32.12.3.rel1.win32_1.0.200.202406191623/tools/bin/../lib/gcc/arm-none-eabi/12.3.1/thumb/v7e-m+dp/hard/crtbegin.o
LOAD C:/ST/STM32CubeIDE_1.15.0/STM32CubeIDE/plugins/com.st.stm32cube.ide.mcu.externaltools.gnu-tools-for-stm32.12.3.rel1.win32_1.0.200.202406191623/tools/bin/../lib/gcc/arm-none-eabi/12.3.1/../../../../arm-none-eabi/lib/thumb/v7e-m+dp/hard/crt0.o
LOAD ./Common/Src/system_stm32h7xx_dualcore_boot_cm4_cm7.o
LOAD ./Core/Src/MQTTClient.o
LOAD ./Core/Src/MQTTTopic.o
LOAD ./Core/Src/flash_if.o
LOAD ./Core/Src/freertos.o
LOAD ./Core/Src/main.o
LOAD ./Core/Src/miim_library.o
LOAD ./Core/Src/serial_comm.o
LOAD ./Core/Src/stm32h7xx_hal_msp.o
LOAD ./Core/Src/stm32h7xx_hal_timebase_tim.o
LOAD ./Core/Src/stm32h7xx_it.o
LOAD ./Core/Src/syscalls.o
LOAD ./Core/Src/sysmem.o
LOAD ./Core/Src/udpclient.o
LOAD ./Core/Startup/startup_stm32h747aiix.o
LOAD ./Drivers/BSP/Components/lan8742.o
LOAD ./Drivers/STM32H7xx_HAL_Driver/stm32h7xx_hal.o
LOAD ./Drivers/STM32H7xx_HAL_Driver/stm32h7xx_hal_adc.o
LOAD ./Drivers/STM32H7xx_HAL_Driver/stm32h7xx_hal_adc_ex.o
LOAD ./Drivers/STM32H7xx_HAL_Driver/stm32h7xx_hal_cortex.o
LOAD ./Drivers/STM32H7xx_HAL_Driver/stm32h7xx_hal_dma.o
LOAD ./Drivers/STM32H7xx_HAL_Driver/stm32h7xx_hal_dma_ex.o
LOAD ./Drivers/STM32H7xx_HAL_Driver/stm32h7xx_hal_eth.o
LOAD ./Drivers/STM32H7xx_HAL_Driver/stm32h7xx_hal_eth_ex.o
LOAD ./Drivers/STM32H7xx_HAL_Driver/stm32h7xx_hal_exti.o
LOAD ./Drivers/STM32H7xx_HAL_Driver/stm32h7xx_hal_flash.o
LOAD ./Drivers/STM32H7xx_HAL_Driver/stm32h7xx_hal_flash_ex.o
LOAD ./Drivers/STM32H7xx_HAL_Driver/stm32h7xx_hal_gpio.o
LOAD ./Drivers/STM32H7xx_HAL_Driver/stm32h7xx_hal_hsem.o
LOAD ./Drivers/STM32H7xx_HAL_Driver/stm32h7xx_hal_i2c.o
LOAD ./Drivers/STM32H7xx_HAL_Driver/stm32h7xx_hal_i2c_ex.o
LOAD ./Drivers/STM32H7xx_HAL_Driver/stm32h7xx_hal_mdma.o
LOAD ./Drivers/STM32H7xx_HAL_Driver/stm32h7xx_hal_pwr.o
LOAD ./Drivers/STM32H7xx_HAL_Driver/stm32h7xx_hal_pwr_ex.o
LOAD ./Drivers/STM32H7xx_HAL_Driver/stm32h7xx_hal_rcc.o
LOAD ./Drivers/STM32H7xx_HAL_Driver/stm32h7xx_hal_rcc_ex.o
LOAD ./Drivers/STM32H7xx_HAL_Driver/stm32h7xx_hal_tim.o
LOAD ./Drivers/STM32H7xx_HAL_Driver/stm32h7xx_hal_tim_ex.o
LOAD ./Drivers/STM32H7xx_HAL_Driver/stm32h7xx_hal_uart.o
LOAD ./Drivers/STM32H7xx_HAL_Driver/stm32h7xx_hal_uart_ex.o
LOAD ./LWIP/App/lwip.o
LOAD ./LWIP/Target/ethernetif.o
LOAD ./Middlewares/Third_Party/FreeRTOS/cmsis_os2.o
LOAD ./Middlewares/Third_Party/FreeRTOS/croutine.o
LOAD ./Middlewares/Third_Party/FreeRTOS/event_groups.o
LOAD ./Middlewares/Third_Party/FreeRTOS/heap_4.o
LOAD ./Middlewares/Third_Party/FreeRTOS/list.o
LOAD ./Middlewares/Third_Party/FreeRTOS/port.o
LOAD ./Middlewares/Third_Party/FreeRTOS/queue.o
LOAD ./Middlewares/Third_Party/FreeRTOS/stream_buffer.o
LOAD ./Middlewares/Third_Party/FreeRTOS/tasks.o
LOAD ./Middlewares/Third_Party/FreeRTOS/timers.o
LOAD ./Middlewares/Third_Party/LwIP/altcp.o
LOAD ./Middlewares/Third_Party/LwIP/altcp_alloc.o
LOAD ./Middlewares/Third_Party/LwIP/altcp_tcp.o
LOAD ./Middlewares/Third_Party/LwIP/api_lib.o
LOAD ./Middlewares/Third_Party/LwIP/api_msg.o
LOAD ./Middlewares/Third_Party/LwIP/auth.o
LOAD ./Middlewares/Third_Party/LwIP/autoip.o
LOAD ./Middlewares/Third_Party/LwIP/bridgeif.o
LOAD ./Middlewares/Third_Party/LwIP/bridgeif_fdb.o
LOAD ./Middlewares/Third_Party/LwIP/ccp.o
LOAD ./Middlewares/Third_Party/LwIP/chap-md5.o
LOAD ./Middlewares/Third_Party/LwIP/chap-new.o
LOAD ./Middlewares/Third_Party/LwIP/chap_ms.o
LOAD ./Middlewares/Third_Party/LwIP/def.o
LOAD ./Middlewares/Third_Party/LwIP/demand.o
LOAD ./Middlewares/Third_Party/LwIP/dhcp.o
LOAD ./Middlewares/Third_Party/LwIP/dhcp6.o
LOAD ./Middlewares/Third_Party/LwIP/dns.o
LOAD ./Middlewares/Third_Party/LwIP/eap.o
LOAD ./Middlewares/Third_Party/LwIP/ecp.o
LOAD ./Middlewares/Third_Party/LwIP/err.o
LOAD ./Middlewares/Third_Party/LwIP/etharp.o
LOAD ./Middlewares/Third_Party/LwIP/ethernet.o
LOAD ./Middlewares/Third_Party/LwIP/ethip6.o
LOAD ./Middlewares/Third_Party/LwIP/eui64.o
LOAD ./Middlewares/Third_Party/LwIP/fsm.o
LOAD ./Middlewares/Third_Party/LwIP/icmp.o
LOAD ./Middlewares/Third_Party/LwIP/icmp6.o
LOAD ./Middlewares/Third_Party/LwIP/if_api.o
LOAD ./Middlewares/Third_Party/LwIP/igmp.o
LOAD ./Middlewares/Third_Party/LwIP/inet6.o
LOAD ./Middlewares/Third_Party/LwIP/inet_chksum.o
LOAD ./Middlewares/Third_Party/LwIP/init.o
LOAD ./Middlewares/Third_Party/LwIP/ip.o
LOAD ./Middlewares/Third_Party/LwIP/ip4.o
LOAD ./Middlewares/Third_Party/LwIP/ip4_addr.o
LOAD ./Middlewares/Third_Party/LwIP/ip4_frag.o
LOAD ./Middlewares/Third_Party/LwIP/ip6.o
LOAD ./Middlewares/Third_Party/LwIP/ip6_addr.o
LOAD ./Middlewares/Third_Party/LwIP/ip6_frag.o
LOAD ./Middlewares/Third_Party/LwIP/ipcp.o
LOAD ./Middlewares/Third_Party/LwIP/ipv6cp.o
LOAD ./Middlewares/Third_Party/LwIP/lcp.o
LOAD ./Middlewares/Third_Party/LwIP/lowpan6.o
LOAD ./Middlewares/Third_Party/LwIP/lowpan6_ble.o
LOAD ./Middlewares/Third_Party/LwIP/lowpan6_common.o
LOAD ./Middlewares/Third_Party/LwIP/lwiperf.o
LOAD ./Middlewares/Third_Party/LwIP/magic.o
LOAD ./Middlewares/Third_Party/LwIP/mem.o
LOAD ./Middlewares/Third_Party/LwIP/memp.o
LOAD ./Middlewares/Third_Party/LwIP/mld6.o
LOAD ./Middlewares/Third_Party/LwIP/mppe.o
LOAD ./Middlewares/Third_Party/LwIP/mqtt.o
LOAD ./Middlewares/Third_Party/LwIP/multilink.o
LOAD ./Middlewares/Third_Party/LwIP/nd6.o
LOAD ./Middlewares/Third_Party/LwIP/netbuf.o
LOAD ./Middlewares/Third_Party/LwIP/netdb.o
LOAD ./Middlewares/Third_Party/LwIP/netif.o
LOAD ./Middlewares/Third_Party/LwIP/netifapi.o
LOAD ./Middlewares/Third_Party/LwIP/pbuf.o
LOAD ./Middlewares/Third_Party/LwIP/ppp.o
LOAD ./Middlewares/Third_Party/LwIP/pppapi.o
LOAD ./Middlewares/Third_Party/LwIP/pppcrypt.o
LOAD ./Middlewares/Third_Party/LwIP/pppoe.o
LOAD ./Middlewares/Third_Party/LwIP/pppol2tp.o
LOAD ./Middlewares/Third_Party/LwIP/pppos.o
LOAD ./Middlewares/Third_Party/LwIP/raw.o
LOAD ./Middlewares/Third_Party/LwIP/slipif.o
LOAD ./Middlewares/Third_Party/LwIP/sockets.o
LOAD ./Middlewares/Third_Party/LwIP/stats.o
LOAD ./Middlewares/Third_Party/LwIP/sys.o
LOAD ./Middlewares/Third_Party/LwIP/sys_arch.o
LOAD ./Middlewares/Third_Party/LwIP/tcp.o
LOAD ./Middlewares/Third_Party/LwIP/tcp_in.o
LOAD ./Middlewares/Third_Party/LwIP/tcp_out.o
LOAD ./Middlewares/Third_Party/LwIP/tcpip.o
LOAD ./Middlewares/Third_Party/LwIP/timeouts.o
LOAD ./Middlewares/Third_Party/LwIP/udp.o
LOAD ./Middlewares/Third_Party/LwIP/upap.o
LOAD ./Middlewares/Third_Party/LwIP/utils.o
LOAD ./Middlewares/Third_Party/LwIP/vj.o
LOAD ./Middlewares/Third_Party/LwIP/zepif.o
START GROUP
LOAD C:/ST/STM32CubeIDE_1.15.0/STM32CubeIDE/plugins/com.st.stm32cube.ide.mcu.externaltools.gnu-tools-for-stm32.12.3.rel1.win32_1.0.200.202406191623/tools/bin/../lib/gcc/arm-none-eabi/12.3.1/../../../../arm-none-eabi/lib/thumb/v7e-m+dp/hard\libc_nano.a
LOAD C:/ST/STM32CubeIDE_1.15.0/STM32CubeIDE/plugins/com.st.stm32cube.ide.mcu.externaltools.gnu-tools-for-stm32.12.3.rel1.win32_1.0.200.202406191623/tools/bin/../lib/gcc/arm-none-eabi/12.3.1/../../../../arm-none-eabi/lib/thumb/v7e-m+dp/hard\libm.a
END GROUP
START GROUP
LOAD C:/ST/STM32CubeIDE_1.15.0/STM32CubeIDE/plugins/com.st.stm32cube.ide.mcu.externaltools.gnu-tools-for-stm32.12.3.rel1.win32_1.0.200.202406191623/tools/bin/../lib/gcc/arm-none-eabi/12.3.1/thumb/v7e-m+dp/hard\libgcc.a
LOAD C:/ST/STM32CubeIDE_1.15.0/STM32CubeIDE/plugins/com.st.stm32cube.ide.mcu.externaltools.gnu-tools-for-stm32.12.3.rel1.win32_1.0.200.202406191623/tools/bin/../lib/gcc/arm-none-eabi/12.3.1/../../../../arm-none-eabi/lib/thumb/v7e-m+dp/hard\libc_nano.a
END GROUP
START GROUP
LOAD C:/ST/STM32CubeIDE_1.15.0/STM32CubeIDE/plugins/com.st.stm32cube.ide.mcu.externaltools.gnu-tools-for-stm32.12.3.rel1.win32_1.0.200.202406191623/tools/bin/../lib/gcc/arm-none-eabi/12.3.1/thumb/v7e-m+dp/hard\libgcc.a
LOAD C:/ST/STM32CubeIDE_1.15.0/STM32CubeIDE/plugins/com.st.stm32cube.ide.mcu.externaltools.gnu-tools-for-stm32.12.3.rel1.win32_1.0.200.202406191623/tools/bin/../lib/gcc/arm-none-eabi/12.3.1/../../../../arm-none-eabi/lib/thumb/v7e-m+dp/hard\libc_nano.a
LOAD C:/ST/STM32CubeIDE_1.15.0/STM32CubeIDE/plugins/com.st.stm32cube.ide.mcu.externaltools.gnu-tools-for-stm32.12.3.rel1.win32_1.0.200.202406191623/tools/bin/../lib/gcc/arm-none-eabi/12.3.1/../../../../arm-none-eabi/lib/thumb/v7e-m+dp/hard\libnosys.a
END GROUP
START GROUP
LOAD C:/ST/STM32CubeIDE_1.15.0/STM32CubeIDE/plugins/com.st.stm32cube.ide.mcu.externaltools.gnu-tools-for-stm32.12.3.rel1.win32_1.0.200.202406191623/tools/bin/../lib/gcc/arm-none-eabi/12.3.1/thumb/v7e-m+dp/hard\libgcc.a
LOAD C:/ST/STM32CubeIDE_1.15.0/STM32CubeIDE/plugins/com.st.stm32cube.ide.mcu.externaltools.gnu-tools-for-stm32.12.3.rel1.win32_1.0.200.202406191623/tools/bin/../lib/gcc/arm-none-eabi/12.3.1/../../../../arm-none-eabi/lib/thumb/v7e-m+dp/hard\libc_nano.a
LOAD C:/ST/STM32CubeIDE_1.15.0/STM32CubeIDE/plugins/com.st.stm32cube.ide.mcu.externaltools.gnu-tools-for-stm32.12.3.rel1.win32_1.0.200.202406191623/tools/bin/../lib/gcc/arm-none-eabi/12.3.1/../../../../arm-none-eabi/lib/thumb/v7e-m+dp/hard\libnosys.a
END GROUP
LOAD C:/ST/STM32CubeIDE_1.15.0/STM32CubeIDE/plugins/com.st.stm32cube.ide.mcu.externaltools.gnu-tools-for-stm32.12.3.rel1.win32_1.0.200.202406191623/tools/bin/../lib/gcc/arm-none-eabi/12.3.1/thumb/v7e-m+dp/hard/crtend.o
LOAD C:/ST/STM32CubeIDE_1.15.0/STM32CubeIDE/plugins/com.st.stm32cube.ide.mcu.externaltools.gnu-tools-for-stm32.12.3.rel1.win32_1.0.200.202406191623/tools/bin/../lib/gcc/arm-none-eabi/12.3.1/thumb/v7e-m+dp/hard/crtn.o
                0x24080000                        _estack = (ORIGIN (RAM_D1) + LENGTH (RAM_D1))
                0x00000200                        _Min_Heap_Size = 0x200
                0x00000400                        _Min_Stack_Size = 0x400

.isr_vector     0x08000000      0x298
                0x08000000                        . = ALIGN (0x4)
 *(.isr_vector)
 .isr_vector    0x08000000      0x298 ./Core/Startup/startup_stm32h747aiix.o
                0x08000000                g_pfnVectors
                0x08000298                        . = ALIGN (0x4)

.text           0x080002a0    0x23ec0
                0x080002a0                        . = ALIGN (0x4)
 *(.text)
 .text          0x080002a0       0x40 C:/ST/STM32CubeIDE_1.15.0/STM32CubeIDE/plugins/com.st.stm32cube.ide.mcu.externaltools.gnu-tools-for-stm32.12.3.rel1.win32_1.0.200.202406191623/tools/bin/../lib/gcc/arm-none-eabi/12.3.1/thumb/v7e-m+dp/hard/crtbegin.o
 .text          0x080002e0       0x14 C:/ST/STM32CubeIDE_1.15.0/STM32CubeIDE/plugins/com.st.stm32cube.ide.mcu.externaltools.gnu-tools-for-stm32.12.3.rel1.win32_1.0.200.202406191623/tools/bin/../lib/gcc/arm-none-eabi/12.3.1/../../../../arm-none-eabi/lib/thumb/v7e-m+dp/hard\libc_nano.a(libc_a-strcmp.o)
                0x080002e0                strcmp
 *fill*         0x080002f4        0xc 
 .text          0x08000300       0xa0 C:/ST/STM32CubeIDE_1.15.0/STM32CubeIDE/plugins/com.st.stm32cube.ide.mcu.externaltools.gnu-tools-for-stm32.12.3.rel1.win32_1.0.200.202406191623/tools/bin/../lib/gcc/arm-none-eabi/12.3.1/../../../../arm-none-eabi/lib/thumb/v7e-m+dp/hard\libc_nano.a(libc_a-memchr.o)
                0x08000300                memchr
 .text          0x080003a0       0x10 C:/ST/STM32CubeIDE_1.15.0/STM32CubeIDE/plugins/com.st.stm32cube.ide.mcu.externaltools.gnu-tools-for-stm32.12.3.rel1.win32_1.0.200.202406191623/tools/bin/../lib/gcc/arm-none-eabi/12.3.1/../../../../arm-none-eabi/lib/thumb/v7e-m+dp/hard\libc_nano.a(libc_a-strlen.o)
                0x080003a0                strlen
 .text          0x080003b0       0x30 C:/ST/STM32CubeIDE_1.15.0/STM32CubeIDE/plugins/com.st.stm32cube.ide.mcu.externaltools.gnu-tools-for-stm32.12.3.rel1.win32_1.0.200.202406191623/tools/bin/../lib/gcc/arm-none-eabi/12.3.1/thumb/v7e-m+dp/hard\libgcc.a(_aeabi_uldivmod.o)
                0x080003b0                __aeabi_uldivmod
 .text          0x080003e0      0x2bc C:/ST/STM32CubeIDE_1.15.0/STM32CubeIDE/plugins/com.st.stm32cube.ide.mcu.externaltools.gnu-tools-for-stm32.12.3.rel1.win32_1.0.200.202406191623/tools/bin/../lib/gcc/arm-none-eabi/12.3.1/thumb/v7e-m+dp/hard\libgcc.a(_udivmoddi4.o)
                0x080003e0                __udivmoddi4
 .text          0x0800069c        0x4 C:/ST/STM32CubeIDE_1.15.0/STM32CubeIDE/plugins/com.st.stm32cube.ide.mcu.externaltools.gnu-tools-for-stm32.12.3.rel1.win32_1.0.200.202406191623/tools/bin/../lib/gcc/arm-none-eabi/12.3.1/thumb/v7e-m+dp/hard\libgcc.a(_dvmd_tls.o)
                0x0800069c                __aeabi_idiv0
                0x0800069c                __aeabi_ldiv0
 *(.text*)
 .text.SystemInit
                0x080006a0      0x12c ./Common/Src/system_stm32h7xx_dualcore_boot_cm4_cm7.o
                0x080006a0                SystemInit
 .text.mqtt_incoming_data_cb
                0x080007cc       0x44 ./Core/Src/MQTTClient.o
 .text.mqtt_incoming_publish_cb
                0x08000810       0x40 ./Core/Src/MQTTClient.o
 .text.mqtt_request_cb
                0x08000850       0x48 ./Core/Src/MQTTClient.o
                0x08000850                mqtt_request_cb
 .text.mqtt_connection_cb
                0x08000898       0xe4 ./Core/Src/MQTTClient.o
 .text.mqtt_example_init
                0x0800097c       0xa4 ./Core/Src/MQTTClient.o
                0x0800097c                mqtt_example_init
 .text.handle_trigger_state
                0x08000a20       0x24 ./Core/Src/MQTTTopic.o
                0x08000a20                handle_trigger_state
 .text.handle_serial_protocol
                0x08000a44       0x80 ./Core/Src/MQTTTopic.o
                0x08000a44                handle_serial_protocol
 .text.handle_serial_baudrate
                0x08000ac4       0xd4 ./Core/Src/MQTTTopic.o
                0x08000ac4                handle_serial_baudrate
 .text.handle_serial_flowcontrol
                0x08000b98       0x24 ./Core/Src/MQTTTopic.o
                0x08000b98                handle_serial_flowcontrol
 .text.handle_serial_databits
                0x08000bbc       0xb0 ./Core/Src/MQTTTopic.o
                0x08000bbc                handle_serial_databits
 .text.handle_serial_parity
                0x08000c6c       0xb0 ./Core/Src/MQTTTopic.o
                0x08000c6c                handle_serial_parity
 .text.handle_serial_stopbits
                0x08000d1c       0xd0 ./Core/Src/MQTTTopic.o
                0x08000d1c                handle_serial_stopbits
 .text.handle_ethernet_speed
                0x08000dec       0x24 ./Core/Src/MQTTTopic.o
                0x08000dec                handle_ethernet_speed
 .text.handle_enable_iap
                0x08000e10       0x74 ./Core/Src/MQTTTopic.o
                0x08000e10                handle_enable_iap
 .text.handle_status_ethernet_link
                0x08000e84       0x24 ./Core/Src/MQTTTopic.o
                0x08000e84                handle_status_ethernet_link
 .text.handle_status_ethernet_activity
                0x08000ea8       0x24 ./Core/Src/MQTTTopic.o
                0x08000ea8                handle_status_ethernet_activity
 .text.handle_incoming_topic_data
                0x08000ecc      0x234 ./Core/Src/MQTTTopic.o
                0x08000ecc                handle_incoming_topic_data
 .text.mqtt_subscribe_to_topics
                0x08001100       0xbc ./Core/Src/MQTTTopic.o
                0x08001100                mqtt_subscribe_to_topics
 .text.ITM_SendChar
                0x080011bc       0x4e ./Core/Src/main.o
 .text._write   0x0800120a       0x38 ./Core/Src/main.o
                0x0800120a                _write
 *fill*         0x08001242        0x2 
 .text.main     0x08001244      0x12c ./Core/Src/main.o
                0x08001244                main
 .text.SystemClock_Config
                0x08001370      0x15c ./Core/Src/main.o
                0x08001370                SystemClock_Config
 .text.MX_NVIC_Init
                0x080014cc       0x18 ./Core/Src/main.o
 .text.MX_ADC3_Init
                0x080014e4       0xe0 ./Core/Src/main.o
 .text.MX_TIM1_Init
                0x080015c4       0xa8 ./Core/Src/main.o
 .text.MX_USART2_UART_Init
                0x0800166c       0x98 ./Core/Src/main.o
 .text.MX_USART3_UART_Init
                0x08001704       0x98 ./Core/Src/main.o
 .text.MX_DMA_Init
                0x0800179c       0x50 ./Core/Src/main.o
 .text.MX_GPIO_Init
                0x080017ec      0x1dc ./Core/Src/main.o
 .text.HAL_GPIO_EXTI_Callback
                0x080019c8       0x48 ./Core/Src/main.o
                0x080019c8                HAL_GPIO_EXTI_Callback
 .text.StartDefaultTask
                0x08001a10      0x194 ./Core/Src/main.o
                0x08001a10                StartDefaultTask
 .text.MPU_Config
                0x08001ba4       0xa4 ./Core/Src/main.o
 .text.HAL_TIM_PeriodElapsedCallback
                0x08001c48       0x24 ./Core/Src/main.o
                0x08001c48                HAL_TIM_PeriodElapsedCallback
 .text.Error_Handler
                0x08001c6c        0xc ./Core/Src/main.o
                0x08001c6c                Error_Handler
 .text.HAL_UART_RxCpltCallback
                0x08001c78       0x48 ./Core/Src/serial_comm.o
                0x08001c78                HAL_UART_RxCpltCallback
 .text.HAL_UART_RxHalfCpltCallback
                0x08001cc0       0x48 ./Core/Src/serial_comm.o
                0x08001cc0                HAL_UART_RxHalfCpltCallback
 .text.Process_DMA_RxData
                0x08001d08       0x38 ./Core/Src/serial_comm.o
                0x08001d08                Process_DMA_RxData
 .text.Switch_RS_Mode
                0x08001d40       0x7c ./Core/Src/serial_comm.o
                0x08001d40                Switch_RS_Mode
 .text.HAL_MspInit
                0x08001dbc       0x3c ./Core/Src/stm32h7xx_hal_msp.o
                0x08001dbc                HAL_MspInit
 .text.HAL_ADC_MspInit
                0x08001df8       0x94 ./Core/Src/stm32h7xx_hal_msp.o
                0x08001df8                HAL_ADC_MspInit
 .text.HAL_TIM_Base_MspInit
                0x08001e8c       0x44 ./Core/Src/stm32h7xx_hal_msp.o
                0x08001e8c                HAL_TIM_Base_MspInit
 .text.HAL_UART_MspInit
                0x08001ed0      0x28c ./Core/Src/stm32h7xx_hal_msp.o
                0x08001ed0                HAL_UART_MspInit
 .text.HAL_InitTick
                0x0800215c       0xd8 ./Core/Src/stm32h7xx_hal_timebase_tim.o
                0x0800215c                HAL_InitTick
 .text.NMI_Handler
                0x08002234        0x8 ./Core/Src/stm32h7xx_it.o
                0x08002234                NMI_Handler
 .text.HardFault_Handler
                0x0800223c        0x8 ./Core/Src/stm32h7xx_it.o
                0x0800223c                HardFault_Handler
 .text.MemManage_Handler
                0x08002244        0x8 ./Core/Src/stm32h7xx_it.o
                0x08002244                MemManage_Handler
 .text.BusFault_Handler
                0x0800224c        0x8 ./Core/Src/stm32h7xx_it.o
                0x0800224c                BusFault_Handler
 .text.UsageFault_Handler
                0x08002254        0x8 ./Core/Src/stm32h7xx_it.o
                0x08002254                UsageFault_Handler
 .text.DebugMon_Handler
                0x0800225c        0xe ./Core/Src/stm32h7xx_it.o
                0x0800225c                DebugMon_Handler
 .text.EXTI0_IRQHandler
                0x0800226a        0xe ./Core/Src/stm32h7xx_it.o
                0x0800226a                EXTI0_IRQHandler
 .text.DMA1_Stream0_IRQHandler
                0x08002278       0x14 ./Core/Src/stm32h7xx_it.o
                0x08002278                DMA1_Stream0_IRQHandler
 .text.DMA1_Stream1_IRQHandler
                0x0800228c       0x14 ./Core/Src/stm32h7xx_it.o
                0x0800228c                DMA1_Stream1_IRQHandler
 .text.USART2_IRQHandler
                0x080022a0       0x14 ./Core/Src/stm32h7xx_it.o
                0x080022a0                USART2_IRQHandler
 .text.USART3_IRQHandler
                0x080022b4       0x14 ./Core/Src/stm32h7xx_it.o
                0x080022b4                USART3_IRQHandler
 .text.TIM7_IRQHandler
                0x080022c8       0x14 ./Core/Src/stm32h7xx_it.o
                0x080022c8                TIM7_IRQHandler
 .text.ETH_IRQHandler
                0x080022dc       0x14 ./Core/Src/stm32h7xx_it.o
                0x080022dc                ETH_IRQHandler
 .text._getpid  0x080022f0       0x10 ./Core/Src/syscalls.o
                0x080022f0                _getpid
 .text._kill    0x08002300       0x24 ./Core/Src/syscalls.o
                0x08002300                _kill
 .text._exit    0x08002324       0x16 ./Core/Src/syscalls.o
                0x08002324                _exit
 .text._read    0x0800233a       0x3a ./Core/Src/syscalls.o
                0x0800233a                _read
 .text._close   0x08002374       0x18 ./Core/Src/syscalls.o
                0x08002374                _close
 .text._fstat   0x0800238c       0x20 ./Core/Src/syscalls.o
                0x0800238c                _fstat
 .text._isatty  0x080023ac       0x16 ./Core/Src/syscalls.o
                0x080023ac                _isatty
 .text._lseek   0x080023c2       0x1a ./Core/Src/syscalls.o
                0x080023c2                _lseek
 .text._sbrk    0x080023dc       0x70 ./Core/Src/sysmem.o
                0x080023dc                _sbrk
 .text.udpsend_trigger
                0x0800244c       0x88 ./Core/Src/udpclient.o
                0x0800244c                udpsend_trigger
 .text.udpsend_serial
                0x080024d4       0xa4 ./Core/Src/udpclient.o
                0x080024d4                udpsend_serial
 .text.Reset_Handler
                0x08002578       0x50 ./Core/Startup/startup_stm32h747aiix.o
                0x08002578                Reset_Handler
 .text.Default_Handler
                0x080025c8        0x2 ./Core/Startup/startup_stm32h747aiix.o
                0x080025c8                RTC_Alarm_IRQHandler
                0x080025c8                EXTI2_IRQHandler
                0x080025c8                TIM8_CC_IRQHandler
                0x080025c8                HRTIM1_Master_IRQHandler
                0x080025c8                UART8_IRQHandler
                0x080025c8                SPI4_IRQHandler
                0x080025c8                TIM1_CC_IRQHandler
                0x080025c8                BDMA_Channel6_IRQHandler
                0x080025c8                DMA2_Stream5_IRQHandler
                0x080025c8                HRTIM1_FLT_IRQHandler
                0x080025c8                JPEG_IRQHandler
                0x080025c8                DMA1_Stream5_IRQHandler
                0x080025c8                BDMA_Channel1_IRQHandler
                0x080025c8                HRTIM1_TIMD_IRQHandler
                0x080025c8                TAMP_STAMP_IRQHandler
                0x080025c8                EXTI3_IRQHandler
                0x080025c8                LPTIM4_IRQHandler
                0x080025c8                TIM8_TRG_COM_TIM14_IRQHandler
                0x080025c8                LPTIM2_IRQHandler
                0x080025c8                DFSDM1_FLT1_IRQHandler
                0x080025c8                DMAMUX2_OVR_IRQHandler
                0x080025c8                TIM8_UP_TIM13_IRQHandler
                0x080025c8                I2C3_ER_IRQHandler
                0x080025c8                DFSDM1_FLT2_IRQHandler
                0x080025c8                MDMA_IRQHandler
                0x080025c8                LPTIM3_IRQHandler
                0x080025c8                HSEM1_IRQHandler
                0x080025c8                I2C2_EV_IRQHandler
                0x080025c8                DMA1_Stream2_IRQHandler
                0x080025c8                FPU_IRQHandler
                0x080025c8                OTG_HS_WKUP_IRQHandler
                0x080025c8                FDCAN1_IT1_IRQHandler
                0x080025c8                LTDC_ER_IRQHandler
                0x080025c8                DMA2_Stream2_IRQHandler
                0x080025c8                HRTIM1_TIME_IRQHandler
                0x080025c8                SPI1_IRQHandler
                0x080025c8                TIM6_DAC_IRQHandler
                0x080025c8                DCMI_IRQHandler
                0x080025c8                HRTIM1_TIMC_IRQHandler
                0x080025c8                DMA2_Stream3_IRQHandler
                0x080025c8                SAI2_IRQHandler
                0x080025c8                DFSDM1_FLT3_IRQHandler
                0x080025c8                USART6_IRQHandler
                0x080025c8                TIM17_IRQHandler
                0x080025c8                BDMA_Channel7_IRQHandler
                0x080025c8                LPTIM5_IRQHandler
                0x080025c8                UART5_IRQHandler
                0x080025c8                ADC3_IRQHandler
                0x080025c8                DMA2_Stream0_IRQHandler
                0x080025c8                TIM4_IRQHandler
                0x080025c8                BDMA_Channel2_IRQHandler
                0x080025c8                QUADSPI_IRQHandler
                0x080025c8                I2C1_EV_IRQHandler
                0x080025c8                DMA1_Stream6_IRQHandler
                0x080025c8                DMAMUX1_OVR_IRQHandler
                0x080025c8                TIM16_IRQHandler
                0x080025c8                UART4_IRQHandler
                0x080025c8                BDMA_Channel5_IRQHandler
                0x080025c8                TIM3_IRQHandler
                0x080025c8                RCC_IRQHandler
                0x080025c8                TIM8_BRK_TIM12_IRQHandler
                0x080025c8                TIM1_TRG_COM_IRQHandler
                0x080025c8                Default_Handler
                0x080025c8                ECC_IRQHandler
                0x080025c8                CEC_IRQHandler
                0x080025c8                EXTI15_10_IRQHandler
                0x080025c8                BDMA_Channel0_IRQHandler
                0x080025c8                ADC_IRQHandler
                0x080025c8                DMA1_Stream7_IRQHandler
                0x080025c8                HRTIM1_TIMA_IRQHandler
                0x080025c8                SPI5_IRQHandler
                0x080025c8                SDMMC1_IRQHandler
                0x080025c8                TIM5_IRQHandler
                0x080025c8                DMA2_Stream7_IRQHandler
                0x080025c8                TIM15_IRQHandler
                0x080025c8                PVD_AVD_IRQHandler
                0x080025c8                I2C3_EV_IRQHandler
                0x080025c8                EXTI9_5_IRQHandler
                0x080025c8                RTC_WKUP_IRQHandler
                0x080025c8                LTDC_IRQHandler
                0x080025c8                SAI3_IRQHandler
                0x080025c8                ETH_WKUP_IRQHandler
                0x080025c8                SPDIF_RX_IRQHandler
                0x080025c8                SPI2_IRQHandler
                0x080025c8                OTG_HS_EP1_IN_IRQHandler
                0x080025c8                CRS_IRQHandler
                0x080025c8                CM7_SEV_IRQHandler
                0x080025c8                EXTI4_IRQHandler
                0x080025c8                RNG_IRQHandler
                0x080025c8                CM4_SEV_IRQHandler
                0x080025c8                HRTIM1_TIMB_IRQHandler
                0x080025c8                FDCAN2_IT1_IRQHandler
                0x080025c8                DSI_IRQHandler
                0x080025c8                TIM1_UP_IRQHandler
                0x080025c8                WWDG_RST_IRQHandler
                0x080025c8                BDMA_Channel4_IRQHandler
                0x080025c8                OTG_HS_EP1_OUT_IRQHandler
                0x080025c8                WWDG_IRQHandler
                0x080025c8                SPI6_IRQHandler
                0x080025c8                MDIOS_IRQHandler
                0x080025c8                I2C4_EV_IRQHandler
                0x080025c8                FDCAN2_IT0_IRQHandler
                0x080025c8                LPUART1_IRQHandler
                0x080025c8                FDCAN1_IT0_IRQHandler
                0x080025c8                TIM2_IRQHandler
                0x080025c8                OTG_FS_WKUP_IRQHandler
                0x080025c8                OTG_HS_IRQHandler
                0x080025c8                HSEM2_IRQHandler
                0x080025c8                DMA2D_IRQHandler
                0x080025c8                TIM1_BRK_IRQHandler
                0x080025c8                EXTI1_IRQHandler
                0x080025c8                SDMMC2_IRQHandler
                0x080025c8                OTG_FS_EP1_OUT_IRQHandler
                0x080025c8                BDMA_Channel3_IRQHandler
                0x080025c8                HOLD_CORE_IRQHandler
                0x080025c8                UART7_IRQHandler
                0x080025c8                MDIOS_WKUP_IRQHandler
                0x080025c8                DFSDM1_FLT0_IRQHandler
                0x080025c8                SAI4_IRQHandler
                0x080025c8                I2C2_ER_IRQHandler
                0x080025c8                DMA2_Stream1_IRQHandler
                0x080025c8                FLASH_IRQHandler
                0x080025c8                DMA2_Stream4_IRQHandler
                0x080025c8                USART1_IRQHandler
                0x080025c8                OTG_FS_IRQHandler
                0x080025c8                SPI3_IRQHandler
                0x080025c8                WAKEUP_PIN_IRQHandler
                0x080025c8                DMA1_Stream4_IRQHandler
                0x080025c8                OTG_FS_EP1_IN_IRQHandler
                0x080025c8                I2C1_ER_IRQHandler
                0x080025c8                FMC_IRQHandler
                0x080025c8                FDCAN_CAL_IRQHandler
                0x080025c8                SWPMI1_IRQHandler
                0x080025c8                COMP1_IRQHandler
                0x080025c8                LPTIM1_IRQHandler
                0x080025c8                I2C4_ER_IRQHandler
                0x080025c8                DMA2_Stream6_IRQHandler
                0x080025c8                SAI1_IRQHandler
                0x080025c8                DMA1_Stream3_IRQHandler
 .text.LAN8742_RegisterBusIO
                0x080025ca       0x64 ./Drivers/BSP/Components/lan8742.o
                0x080025ca                LAN8742_RegisterBusIO
 .text.LAN8742_Init
                0x0800262e       0x9a ./Drivers/BSP/Components/lan8742.o
                0x0800262e                LAN8742_Init
 .text.LAN8742_GetLinkState
                0x080026c8      0x10e ./Drivers/BSP/Components/lan8742.o
                0x080026c8                LAN8742_GetLinkState
 *fill*         0x080027d6        0x2 
 .text.HAL_Init
                0x080027d8       0x78 ./Drivers/STM32H7xx_HAL_Driver/stm32h7xx_hal.o
                0x080027d8                HAL_Init
 .text.HAL_IncTick
                0x08002850       0x28 ./Drivers/STM32H7xx_HAL_Driver/stm32h7xx_hal.o
                0x08002850                HAL_IncTick
 .text.HAL_GetTick
                0x08002878       0x18 ./Drivers/STM32H7xx_HAL_Driver/stm32h7xx_hal.o
                0x08002878                HAL_GetTick
 .text.HAL_Delay
                0x08002890       0x48 ./Drivers/STM32H7xx_HAL_Driver/stm32h7xx_hal.o
                0x08002890                HAL_Delay
 .text.HAL_GetREVID
                0x080028d8       0x18 ./Drivers/STM32H7xx_HAL_Driver/stm32h7xx_hal.o
                0x080028d8                HAL_GetREVID
 .text.HAL_SYSCFG_ETHInterfaceSelect
                0x080028f0       0x28 ./Drivers/STM32H7xx_HAL_Driver/stm32h7xx_hal.o
                0x080028f0                HAL_SYSCFG_ETHInterfaceSelect
 .text.LL_ADC_SetCommonClock
                0x08002918       0x26 ./Drivers/STM32H7xx_HAL_Driver/stm32h7xx_hal_adc.o
 .text.LL_ADC_SetCommonPathInternalCh
                0x0800293e       0x26 ./Drivers/STM32H7xx_HAL_Driver/stm32h7xx_hal_adc.o
 .text.LL_ADC_GetCommonPathInternalCh
                0x08002964       0x1c ./Drivers/STM32H7xx_HAL_Driver/stm32h7xx_hal_adc.o
 .text.LL_ADC_SetOffset
                0x08002980       0x40 ./Drivers/STM32H7xx_HAL_Driver/stm32h7xx_hal_adc.o
 .text.LL_ADC_SetDataRightShift
                0x080029c0       0x32 ./Drivers/STM32H7xx_HAL_Driver/stm32h7xx_hal_adc.o
 .text.LL_ADC_SetOffsetSignedSaturation
                0x080029f2       0x36 ./Drivers/STM32H7xx_HAL_Driver/stm32h7xx_hal_adc.o
 .text.LL_ADC_REG_IsTriggerSourceSWStart
                0x08002a28       0x26 ./Drivers/STM32H7xx_HAL_Driver/stm32h7xx_hal_adc.o
 .text.LL_ADC_REG_SetSequencerRanks
                0x08002a4e       0x58 ./Drivers/STM32H7xx_HAL_Driver/stm32h7xx_hal_adc.o
 .text.LL_ADC_SetChannelSamplingTime
                0x08002aa6       0x56 ./Drivers/STM32H7xx_HAL_Driver/stm32h7xx_hal_adc.o
 .text.LL_ADC_SetChannelSingleDiff
                0x08002afc       0x48 ./Drivers/STM32H7xx_HAL_Driver/stm32h7xx_hal_adc.o
 .text.LL_ADC_GetMultimode
                0x08002b44       0x1c ./Drivers/STM32H7xx_HAL_Driver/stm32h7xx_hal_adc.o
 .text.LL_ADC_GetMultiDMATransfer
                0x08002b60       0x1c ./Drivers/STM32H7xx_HAL_Driver/stm32h7xx_hal_adc.o
 .text.LL_ADC_DisableDeepPowerDown
                0x08002b7c       0x24 ./Drivers/STM32H7xx_HAL_Driver/stm32h7xx_hal_adc.o
 .text.LL_ADC_IsDeepPowerDownEnabled
                0x08002ba0       0x28 ./Drivers/STM32H7xx_HAL_Driver/stm32h7xx_hal_adc.o
 .text.LL_ADC_EnableInternalRegulator
                0x08002bc8       0x28 ./Drivers/STM32H7xx_HAL_Driver/stm32h7xx_hal_adc.o
 .text.LL_ADC_IsInternalRegulatorEnabled
                0x08002bf0       0x28 ./Drivers/STM32H7xx_HAL_Driver/stm32h7xx_hal_adc.o
 .text.LL_ADC_Enable
                0x08002c18       0x28 ./Drivers/STM32H7xx_HAL_Driver/stm32h7xx_hal_adc.o
 .text.LL_ADC_IsEnabled
                0x08002c40       0x26 ./Drivers/STM32H7xx_HAL_Driver/stm32h7xx_hal_adc.o
 *fill*         0x08002c66        0x2 
 .text.LL_ADC_REG_StartConversion
                0x08002c68       0x28 ./Drivers/STM32H7xx_HAL_Driver/stm32h7xx_hal_adc.o
 .text.LL_ADC_REG_IsConversionOngoing
                0x08002c90       0x26 ./Drivers/STM32H7xx_HAL_Driver/stm32h7xx_hal_adc.o
 .text.LL_ADC_INJ_IsConversionOngoing
                0x08002cb6       0x26 ./Drivers/STM32H7xx_HAL_Driver/stm32h7xx_hal_adc.o
 .text.HAL_ADC_Init
                0x08002cdc      0x344 ./Drivers/STM32H7xx_HAL_Driver/stm32h7xx_hal_adc.o
                0x08002cdc                HAL_ADC_Init
 .text.HAL_ADC_Start
                0x08003020      0x194 ./Drivers/STM32H7xx_HAL_Driver/stm32h7xx_hal_adc.o
                0x08003020                HAL_ADC_Start
 .text.HAL_ADC_PollForConversion
                0x080031b4      0x1e8 ./Drivers/STM32H7xx_HAL_Driver/stm32h7xx_hal_adc.o
                0x080031b4                HAL_ADC_PollForConversion
 .text.HAL_ADC_GetValue
                0x0800339c       0x1a ./Drivers/STM32H7xx_HAL_Driver/stm32h7xx_hal_adc.o
                0x0800339c                HAL_ADC_GetValue
 *fill*         0x080033b6        0x2 
 .text.HAL_ADC_ConfigChannel
                0x080033b8      0x6b8 ./Drivers/STM32H7xx_HAL_Driver/stm32h7xx_hal_adc.o
                0x080033b8                HAL_ADC_ConfigChannel
 .text.ADC_Enable
                0x08003a70      0x114 ./Drivers/STM32H7xx_HAL_Driver/stm32h7xx_hal_adc.o
                0x08003a70                ADC_Enable
 .text.ADC_ConfigureBoostMode
                0x08003b84      0x218 ./Drivers/STM32H7xx_HAL_Driver/stm32h7xx_hal_adc.o
                0x08003b84                ADC_ConfigureBoostMode
 .text.__NVIC_SetPriorityGrouping
                0x08003d9c       0x48 ./Drivers/STM32H7xx_HAL_Driver/stm32h7xx_hal_cortex.o
 .text.__NVIC_GetPriorityGrouping
                0x08003de4       0x1c ./Drivers/STM32H7xx_HAL_Driver/stm32h7xx_hal_cortex.o
 .text.__NVIC_EnableIRQ
                0x08003e00       0x3c ./Drivers/STM32H7xx_HAL_Driver/stm32h7xx_hal_cortex.o
 .text.__NVIC_SetPriority
                0x08003e3c       0x54 ./Drivers/STM32H7xx_HAL_Driver/stm32h7xx_hal_cortex.o
 .text.NVIC_EncodePriority
                0x08003e90       0x66 ./Drivers/STM32H7xx_HAL_Driver/stm32h7xx_hal_cortex.o
 *fill*         0x08003ef6        0x2 
 .text.__NVIC_SystemReset
                0x08003ef8       0x2c ./Drivers/STM32H7xx_HAL_Driver/stm32h7xx_hal_cortex.o
 .text.HAL_NVIC_SetPriorityGrouping
                0x08003f24       0x16 ./Drivers/STM32H7xx_HAL_Driver/stm32h7xx_hal_cortex.o
                0x08003f24                HAL_NVIC_SetPriorityGrouping
 .text.HAL_NVIC_SetPriority
                0x08003f3a       0x34 ./Drivers/STM32H7xx_HAL_Driver/stm32h7xx_hal_cortex.o
                0x08003f3a                HAL_NVIC_SetPriority
 .text.HAL_NVIC_EnableIRQ
                0x08003f6e       0x1c ./Drivers/STM32H7xx_HAL_Driver/stm32h7xx_hal_cortex.o
                0x08003f6e                HAL_NVIC_EnableIRQ
 .text.HAL_NVIC_SystemReset
                0x08003f8a        0x8 ./Drivers/STM32H7xx_HAL_Driver/stm32h7xx_hal_cortex.o
                0x08003f8a                HAL_NVIC_SystemReset
 *fill*         0x08003f92        0x2 
 .text.HAL_MPU_Disable
                0x08003f94       0x30 ./Drivers/STM32H7xx_HAL_Driver/stm32h7xx_hal_cortex.o
                0x08003f94                HAL_MPU_Disable
 .text.HAL_MPU_Enable
                0x08003fc4       0x40 ./Drivers/STM32H7xx_HAL_Driver/stm32h7xx_hal_cortex.o
                0x08003fc4                HAL_MPU_Enable
 .text.HAL_MPU_ConfigRegion
                0x08004004       0x80 ./Drivers/STM32H7xx_HAL_Driver/stm32h7xx_hal_cortex.o
                0x08004004                HAL_MPU_ConfigRegion
 .text.HAL_GetCurrentCPUID
                0x08004084       0x28 ./Drivers/STM32H7xx_HAL_Driver/stm32h7xx_hal_cortex.o
                0x08004084                HAL_GetCurrentCPUID
 .text.HAL_DMA_Init
                0x080040ac      0x6b8 ./Drivers/STM32H7xx_HAL_Driver/stm32h7xx_hal_dma.o
                0x080040ac                HAL_DMA_Init
 .text.HAL_DMA_Start_IT
                0x08004764      0x4d4 ./Drivers/STM32H7xx_HAL_Driver/stm32h7xx_hal_dma.o
                0x08004764                HAL_DMA_Start_IT
 .text.HAL_DMA_Abort
                0x08004c38      0x63c ./Drivers/STM32H7xx_HAL_Driver/stm32h7xx_hal_dma.o
                0x08004c38                HAL_DMA_Abort
 .text.HAL_DMA_Abort_IT
                0x08005274      0x48c ./Drivers/STM32H7xx_HAL_Driver/stm32h7xx_hal_dma.o
                0x08005274                HAL_DMA_Abort_IT
 .text.HAL_DMA_IRQHandler
                0x08005700      0xe54 ./Drivers/STM32H7xx_HAL_Driver/stm32h7xx_hal_dma.o
                0x08005700                HAL_DMA_IRQHandler
 .text.DMA_SetConfig
                0x08006554      0x358 ./Drivers/STM32H7xx_HAL_Driver/stm32h7xx_hal_dma.o
 .text.DMA_CalcBaseAndBitshift
                0x080068ac      0x164 ./Drivers/STM32H7xx_HAL_Driver/stm32h7xx_hal_dma.o
 .text.DMA_CheckFifoParam
                0x08006a10       0xf8 ./Drivers/STM32H7xx_HAL_Driver/stm32h7xx_hal_dma.o
 .text.DMA_CalcDMAMUXChannelBaseAndMask
                0x08006b08      0x134 ./Drivers/STM32H7xx_HAL_Driver/stm32h7xx_hal_dma.o
 .text.DMA_CalcDMAMUXRequestGenBaseAndMask
                0x08006c3c       0xe8 ./Drivers/STM32H7xx_HAL_Driver/stm32h7xx_hal_dma.o
 .text.HAL_ETH_Init
                0x08006d24      0x1fc ./Drivers/STM32H7xx_HAL_Driver/stm32h7xx_hal_eth.o
                0x08006d24                HAL_ETH_Init
 .text.HAL_ETH_Start_IT
                0x08006f20       0xe8 ./Drivers/STM32H7xx_HAL_Driver/stm32h7xx_hal_eth.o
                0x08006f20                HAL_ETH_Start_IT
 .text.HAL_ETH_Stop_IT
                0x08007008       0xf0 ./Drivers/STM32H7xx_HAL_Driver/stm32h7xx_hal_eth.o
                0x08007008                HAL_ETH_Stop_IT
 .text.HAL_ETH_Transmit_IT
                0x080070f8       0xa2 ./Drivers/STM32H7xx_HAL_Driver/stm32h7xx_hal_eth.o
                0x080070f8                HAL_ETH_Transmit_IT
 .text.HAL_ETH_ReadData
                0x0800719a      0x17a ./Drivers/STM32H7xx_HAL_Driver/stm32h7xx_hal_eth.o
                0x0800719a                HAL_ETH_ReadData
 .text.ETH_UpdateDescriptor
                0x08007314       0xf2 ./Drivers/STM32H7xx_HAL_Driver/stm32h7xx_hal_eth.o
 .text.HAL_ETH_ReleaseTxPacket
                0x08007406       0xc6 ./Drivers/STM32H7xx_HAL_Driver/stm32h7xx_hal_eth.o
                0x08007406                HAL_ETH_ReleaseTxPacket
 .text.HAL_ETH_IRQHandler
                0x080074cc      0x214 ./Drivers/STM32H7xx_HAL_Driver/stm32h7xx_hal_eth.o
                0x080074cc                HAL_ETH_IRQHandler
 .text.HAL_ETH_PMTCallback
                0x080076e0       0x14 ./Drivers/STM32H7xx_HAL_Driver/stm32h7xx_hal_eth.o
                0x080076e0                HAL_ETH_PMTCallback
 .text.HAL_ETH_EEECallback
                0x080076f4       0x14 ./Drivers/STM32H7xx_HAL_Driver/stm32h7xx_hal_eth.o
                0x080076f4                HAL_ETH_EEECallback
 .text.HAL_ETH_WakeUpCallback
                0x08007708       0x14 ./Drivers/STM32H7xx_HAL_Driver/stm32h7xx_hal_eth.o
                0x08007708                HAL_ETH_WakeUpCallback
 .text.HAL_ETH_ReadPHYRegister
                0x0800771c       0xa8 ./Drivers/STM32H7xx_HAL_Driver/stm32h7xx_hal_eth.o
                0x0800771c                HAL_ETH_ReadPHYRegister
 .text.HAL_ETH_WritePHYRegister
                0x080077c4       0xa8 ./Drivers/STM32H7xx_HAL_Driver/stm32h7xx_hal_eth.o
                0x080077c4                HAL_ETH_WritePHYRegister
 .text.HAL_ETH_GetMACConfig
                0x0800786c      0x3a8 ./Drivers/STM32H7xx_HAL_Driver/stm32h7xx_hal_eth.o
                0x0800786c                HAL_ETH_GetMACConfig
 .text.HAL_ETH_SetMACConfig
                0x08007c14       0x34 ./Drivers/STM32H7xx_HAL_Driver/stm32h7xx_hal_eth.o
                0x08007c14                HAL_ETH_SetMACConfig
 .text.HAL_ETH_SetMDIOClockRange
                0x08007c48       0xa0 ./Drivers/STM32H7xx_HAL_Driver/stm32h7xx_hal_eth.o
                0x08007c48                HAL_ETH_SetMDIOClockRange
 .text.HAL_ETH_GetError
                0x08007ce8       0x1a ./Drivers/STM32H7xx_HAL_Driver/stm32h7xx_hal_eth.o
                0x08007ce8                HAL_ETH_GetError
 .text.HAL_ETH_GetDMAError
                0x08007d02       0x1a ./Drivers/STM32H7xx_HAL_Driver/stm32h7xx_hal_eth.o
                0x08007d02                HAL_ETH_GetDMAError
 .text.ETH_SetMACConfig
                0x08007d1c      0x238 ./Drivers/STM32H7xx_HAL_Driver/stm32h7xx_hal_eth.o
 .text.ETH_SetDMAConfig
                0x08007f54      0x10c ./Drivers/STM32H7xx_HAL_Driver/stm32h7xx_hal_eth.o
 .text.ETH_MACDMAConfig
                0x08008060      0x13a ./Drivers/STM32H7xx_HAL_Driver/stm32h7xx_hal_eth.o
 .text.ETH_DMATxDescListInit
                0x0800819a       0x92 ./Drivers/STM32H7xx_HAL_Driver/stm32h7xx_hal_eth.o
 .text.ETH_DMARxDescListInit
                0x0800822c       0xba ./Drivers/STM32H7xx_HAL_Driver/stm32h7xx_hal_eth.o
 *fill*         0x080082e6        0x2 
 .text.ETH_Prepare_Tx_Descriptors
                0x080082e8      0x538 ./Drivers/STM32H7xx_HAL_Driver/stm32h7xx_hal_eth.o
 .text.HAL_GPIO_Init
                0x08008820      0x360 ./Drivers/STM32H7xx_HAL_Driver/stm32h7xx_hal_gpio.o
                0x08008820                HAL_GPIO_Init
 .text.HAL_GPIO_ReadPin
                0x08008b80       0x30 ./Drivers/STM32H7xx_HAL_Driver/stm32h7xx_hal_gpio.o
                0x08008b80                HAL_GPIO_ReadPin
 .text.HAL_GPIO_WritePin
                0x08008bb0       0x32 ./Drivers/STM32H7xx_HAL_Driver/stm32h7xx_hal_gpio.o
                0x08008bb0                HAL_GPIO_WritePin
 .text.HAL_GPIO_EXTI_IRQHandler
                0x08008be2       0x34 ./Drivers/STM32H7xx_HAL_Driver/stm32h7xx_hal_gpio.o
                0x08008be2                HAL_GPIO_EXTI_IRQHandler
 *fill*         0x08008c16        0x2 
 .text.HAL_PWREx_ConfigSupply
                0x08008c18       0xb4 ./Drivers/STM32H7xx_HAL_Driver/stm32h7xx_hal_pwr_ex.o
                0x08008c18                HAL_PWREx_ConfigSupply
 .text.HAL_RCC_OscConfig
                0x08008ccc      0x8b4 ./Drivers/STM32H7xx_HAL_Driver/stm32h7xx_hal_rcc.o
                0x08008ccc                HAL_RCC_OscConfig
 .text.HAL_RCC_ClockConfig
                0x08009580      0x36c ./Drivers/STM32H7xx_HAL_Driver/stm32h7xx_hal_rcc.o
                0x08009580                HAL_RCC_ClockConfig
 .text.HAL_RCC_GetSysClockFreq
                0x080098ec      0x2f4 ./Drivers/STM32H7xx_HAL_Driver/stm32h7xx_hal_rcc.o
                0x080098ec                HAL_RCC_GetSysClockFreq
 .text.HAL_RCC_GetHCLKFreq
                0x08009be0       0x60 ./Drivers/STM32H7xx_HAL_Driver/stm32h7xx_hal_rcc.o
                0x08009be0                HAL_RCC_GetHCLKFreq
 .text.HAL_RCC_GetPCLK1Freq
                0x08009c40       0x2c ./Drivers/STM32H7xx_HAL_Driver/stm32h7xx_hal_rcc.o
                0x08009c40                HAL_RCC_GetPCLK1Freq
 .text.HAL_RCC_GetPCLK2Freq
                0x08009c6c       0x2c ./Drivers/STM32H7xx_HAL_Driver/stm32h7xx_hal_rcc.o
                0x08009c6c                HAL_RCC_GetPCLK2Freq
 .text.HAL_RCC_GetClockConfig
                0x08009c98       0x84 ./Drivers/STM32H7xx_HAL_Driver/stm32h7xx_hal_rcc.o
                0x08009c98                HAL_RCC_GetClockConfig
 .text.HAL_RCCEx_PeriphCLKConfig
                0x08009d1c     0x1494 ./Drivers/STM32H7xx_HAL_Driver/stm32h7xx_hal_rcc_ex.o
                0x08009d1c                HAL_RCCEx_PeriphCLKConfig
 .text.HAL_RCCEx_GetPeriphCLKFreq
                0x0800b1b0      0xb00 ./Drivers/STM32H7xx_HAL_Driver/stm32h7xx_hal_rcc_ex.o
                0x0800b1b0                HAL_RCCEx_GetPeriphCLKFreq
 .text.HAL_RCCEx_GetD3PCLK1Freq
                0x0800bcb0       0x2c ./Drivers/STM32H7xx_HAL_Driver/stm32h7xx_hal_rcc_ex.o
                0x0800bcb0                HAL_RCCEx_GetD3PCLK1Freq
 .text.HAL_RCCEx_GetPLL2ClockFreq
                0x0800bcdc      0x2a8 ./Drivers/STM32H7xx_HAL_Driver/stm32h7xx_hal_rcc_ex.o
                0x0800bcdc                HAL_RCCEx_GetPLL2ClockFreq
 .text.HAL_RCCEx_GetPLL3ClockFreq
                0x0800bf84      0x2a8 ./Drivers/STM32H7xx_HAL_Driver/stm32h7xx_hal_rcc_ex.o
                0x0800bf84                HAL_RCCEx_GetPLL3ClockFreq
 .text.HAL_RCCEx_GetPLL1ClockFreq
                0x0800c22c      0x2a4 ./Drivers/STM32H7xx_HAL_Driver/stm32h7xx_hal_rcc_ex.o
                0x0800c22c                HAL_RCCEx_GetPLL1ClockFreq
 .text.RCCEx_PLL2_Config
                0x0800c4d0      0x164 ./Drivers/STM32H7xx_HAL_Driver/stm32h7xx_hal_rcc_ex.o
 .text.RCCEx_PLL3_Config
                0x0800c634      0x164 ./Drivers/STM32H7xx_HAL_Driver/stm32h7xx_hal_rcc_ex.o
 .text.HAL_TIM_Base_Init
                0x0800c798       0xae ./Drivers/STM32H7xx_HAL_Driver/stm32h7xx_hal_tim.o
                0x0800c798                HAL_TIM_Base_Init
 *fill*         0x0800c846        0x2 
 .text.HAL_TIM_Base_Start_IT
                0x0800c848       0xf0 ./Drivers/STM32H7xx_HAL_Driver/stm32h7xx_hal_tim.o
                0x0800c848                HAL_TIM_Base_Start_IT
 .text.HAL_TIM_IRQHandler
                0x0800c938      0x20e ./Drivers/STM32H7xx_HAL_Driver/stm32h7xx_hal_tim.o
                0x0800c938                HAL_TIM_IRQHandler
 *fill*         0x0800cb46        0x2 
 .text.HAL_TIM_ConfigClockSource
                0x0800cb48      0x1f0 ./Drivers/STM32H7xx_HAL_Driver/stm32h7xx_hal_tim.o
                0x0800cb48                HAL_TIM_ConfigClockSource
 .text.HAL_TIM_OC_DelayElapsedCallback
                0x0800cd38       0x14 ./Drivers/STM32H7xx_HAL_Driver/stm32h7xx_hal_tim.o
                0x0800cd38                HAL_TIM_OC_DelayElapsedCallback
 .text.HAL_TIM_IC_CaptureCallback
                0x0800cd4c       0x14 ./Drivers/STM32H7xx_HAL_Driver/stm32h7xx_hal_tim.o
                0x0800cd4c                HAL_TIM_IC_CaptureCallback
 .text.HAL_TIM_PWM_PulseFinishedCallback
                0x0800cd60       0x14 ./Drivers/STM32H7xx_HAL_Driver/stm32h7xx_hal_tim.o
                0x0800cd60                HAL_TIM_PWM_PulseFinishedCallback
 .text.HAL_TIM_TriggerCallback
                0x0800cd74       0x14 ./Drivers/STM32H7xx_HAL_Driver/stm32h7xx_hal_tim.o
                0x0800cd74                HAL_TIM_TriggerCallback
 .text.TIM_Base_SetConfig
                0x0800cd88      0x14c ./Drivers/STM32H7xx_HAL_Driver/stm32h7xx_hal_tim.o
                0x0800cd88                TIM_Base_SetConfig
 .text.TIM_TI1_ConfigInputStage
                0x0800ced4       0x5e ./Drivers/STM32H7xx_HAL_Driver/stm32h7xx_hal_tim.o
 .text.TIM_TI2_ConfigInputStage
                0x0800cf32       0x60 ./Drivers/STM32H7xx_HAL_Driver/stm32h7xx_hal_tim.o
 *fill*         0x0800cf92        0x2 
 .text.TIM_ITRx_SetConfig
                0x0800cf94       0x3c ./Drivers/STM32H7xx_HAL_Driver/stm32h7xx_hal_tim.o
 .text.TIM_ETR_SetConfig
                0x0800cfd0       0x40 ./Drivers/STM32H7xx_HAL_Driver/stm32h7xx_hal_tim.o
                0x0800cfd0                TIM_ETR_SetConfig
 .text.HAL_TIMEx_MasterConfigSynchronization
                0x0800d010      0x11c ./Drivers/STM32H7xx_HAL_Driver/stm32h7xx_hal_tim_ex.o
                0x0800d010                HAL_TIMEx_MasterConfigSynchronization
 .text.HAL_TIMEx_CommutCallback
                0x0800d12c       0x14 ./Drivers/STM32H7xx_HAL_Driver/stm32h7xx_hal_tim_ex.o
                0x0800d12c                HAL_TIMEx_CommutCallback
 .text.HAL_TIMEx_BreakCallback
                0x0800d140       0x14 ./Drivers/STM32H7xx_HAL_Driver/stm32h7xx_hal_tim_ex.o
                0x0800d140                HAL_TIMEx_BreakCallback
 .text.HAL_TIMEx_Break2Callback
                0x0800d154       0x14 ./Drivers/STM32H7xx_HAL_Driver/stm32h7xx_hal_tim_ex.o
                0x0800d154                HAL_TIMEx_Break2Callback
 .text.HAL_UART_Init
                0x0800d168       0xa0 ./Drivers/STM32H7xx_HAL_Driver/stm32h7xx_hal_uart.o
                0x0800d168                HAL_UART_Init
 .text.HAL_UART_Receive_DMA
                0x0800d208       0x98 ./Drivers/STM32H7xx_HAL_Driver/stm32h7xx_hal_uart.o
                0x0800d208                HAL_UART_Receive_DMA
 .text.HAL_UART_IRQHandler
                0x0800d2a0      0x774 ./Drivers/STM32H7xx_HAL_Driver/stm32h7xx_hal_uart.o
                0x0800d2a0                HAL_UART_IRQHandler
 .text.HAL_UART_TxCpltCallback
                0x0800da14       0x14 ./Drivers/STM32H7xx_HAL_Driver/stm32h7xx_hal_uart.o
                0x0800da14                HAL_UART_TxCpltCallback
 .text.HAL_UART_ErrorCallback
                0x0800da28       0x14 ./Drivers/STM32H7xx_HAL_Driver/stm32h7xx_hal_uart.o
                0x0800da28                HAL_UART_ErrorCallback
 .text.HAL_UARTEx_RxEventCallback
                0x0800da3c       0x18 ./Drivers/STM32H7xx_HAL_Driver/stm32h7xx_hal_uart.o
                0x0800da3c                HAL_UARTEx_RxEventCallback
 .text.UART_SetConfig
                0x0800da54      0xad0 ./Drivers/STM32H7xx_HAL_Driver/stm32h7xx_hal_uart.o
                0x0800da54                UART_SetConfig
 .text.UART_AdvFeatureConfig
                0x0800e524      0x144 ./Drivers/STM32H7xx_HAL_Driver/stm32h7xx_hal_uart.o
                0x0800e524                UART_AdvFeatureConfig
 .text.UART_CheckIdleState
                0x0800e668      0x154 ./Drivers/STM32H7xx_HAL_Driver/stm32h7xx_hal_uart.o
                0x0800e668                UART_CheckIdleState
 .text.UART_WaitOnFlagUntilTimeout
                0x0800e7bc       0xda ./Drivers/STM32H7xx_HAL_Driver/stm32h7xx_hal_uart.o
                0x0800e7bc                UART_WaitOnFlagUntilTimeout
 *fill*         0x0800e896        0x2 
 .text.UART_Start_Receive_DMA
                0x0800e898      0x14c ./Drivers/STM32H7xx_HAL_Driver/stm32h7xx_hal_uart.o
                0x0800e898                UART_Start_Receive_DMA
 .text.UART_EndTxTransfer
                0x0800e9e4       0x82 ./Drivers/STM32H7xx_HAL_Driver/stm32h7xx_hal_uart.o
 *fill*         0x0800ea66        0x2 
 .text.UART_EndRxTransfer
                0x0800ea68       0xcc ./Drivers/STM32H7xx_HAL_Driver/stm32h7xx_hal_uart.o
 .text.UART_DMAReceiveCplt
                0x0800eb34      0x128 ./Drivers/STM32H7xx_HAL_Driver/stm32h7xx_hal_uart.o
 .text.UART_DMARxHalfCplt
                0x0800ec5c       0x3e ./Drivers/STM32H7xx_HAL_Driver/stm32h7xx_hal_uart.o
 .text.UART_DMAError
                0x0800ec9a       0x80 ./Drivers/STM32H7xx_HAL_Driver/stm32h7xx_hal_uart.o
 .text.UART_DMAAbortOnError
                0x0800ed1a       0x2c ./Drivers/STM32H7xx_HAL_Driver/stm32h7xx_hal_uart.o
 .text.UART_EndTransmit_IT
                0x0800ed46       0x56 ./Drivers/STM32H7xx_HAL_Driver/stm32h7xx_hal_uart.o
 .text.HAL_UARTEx_WakeupCallback
                0x0800ed9c       0x14 ./Drivers/STM32H7xx_HAL_Driver/stm32h7xx_hal_uart_ex.o
                0x0800ed9c                HAL_UARTEx_WakeupCallback
 .text.HAL_UARTEx_RxFifoFullCallback
                0x0800edb0       0x14 ./Drivers/STM32H7xx_HAL_Driver/stm32h7xx_hal_uart_ex.o
                0x0800edb0                HAL_UARTEx_RxFifoFullCallback
 .text.HAL_UARTEx_TxFifoEmptyCallback
                0x0800edc4       0x14 ./Drivers/STM32H7xx_HAL_Driver/stm32h7xx_hal_uart_ex.o
                0x0800edc4                HAL_UARTEx_TxFifoEmptyCallback
 .text.HAL_UARTEx_DisableFifoMode
                0x0800edd8       0x72 ./Drivers/STM32H7xx_HAL_Driver/stm32h7xx_hal_uart_ex.o
                0x0800edd8                HAL_UARTEx_DisableFifoMode
 .text.HAL_UARTEx_SetTxFifoThreshold
                0x0800ee4a       0x7c ./Drivers/STM32H7xx_HAL_Driver/stm32h7xx_hal_uart_ex.o
                0x0800ee4a                HAL_UARTEx_SetTxFifoThreshold
 .text.HAL_UARTEx_SetRxFifoThreshold
                0x0800eec6       0x7c ./Drivers/STM32H7xx_HAL_Driver/stm32h7xx_hal_uart_ex.o
                0x0800eec6                HAL_UARTEx_SetRxFifoThreshold
 *fill*         0x0800ef42        0x2 
 .text.UARTEx_SetNbDataToProcess
                0x0800ef44       0x9c ./Drivers/STM32H7xx_HAL_Driver/stm32h7xx_hal_uart_ex.o
 .text.MX_LWIP_Init
                0x0800efe0      0x42c ./LWIP/App/lwip.o
                0x0800efe0                MX_LWIP_Init
 .text.ethernet_link_status_updated
                0x0800f40c       0x14 ./LWIP/App/lwip.o
 .text.HAL_ETH_RxCpltCallback
                0x0800f420       0x20 ./LWIP/Target/ethernetif.o
                0x0800f420                HAL_ETH_RxCpltCallback
 .text.HAL_ETH_TxCpltCallback
                0x0800f440       0x20 ./LWIP/Target/ethernetif.o
                0x0800f440                HAL_ETH_TxCpltCallback
 .text.HAL_ETH_ErrorCallback
                0x0800f460       0x30 ./LWIP/Target/ethernetif.o
                0x0800f460                HAL_ETH_ErrorCallback
 .text.low_level_init
                0x0800f490      0x2d0 ./LWIP/Target/ethernetif.o
 .text.low_level_output
                0x0800f760      0x15c ./LWIP/Target/ethernetif.o
 .text.low_level_input
                0x0800f8bc       0x34 ./LWIP/Target/ethernetif.o
 .text.ethernetif_input
                0x0800f8f0       0x54 ./LWIP/Target/ethernetif.o
                0x0800f8f0                ethernetif_input
 .text.ethernetif_init
                0x0800f944       0x5c ./LWIP/Target/ethernetif.o
                0x0800f944                ethernetif_init
 .text.pbuf_free_custom
                0x0800f9a0       0x40 ./LWIP/Target/ethernetif.o
                0x0800f9a0                pbuf_free_custom
 .text.sys_now  0x0800f9e0        0xe ./LWIP/Target/ethernetif.o
                0x0800f9e0                sys_now
 *fill*         0x0800f9ee        0x2 
 .text.HAL_ETH_MspInit
                0x0800f9f0      0x168 ./LWIP/Target/ethernetif.o
                0x0800f9f0                HAL_ETH_MspInit
 .text.ETH_PHY_IO_Init
                0x0800fb58       0x14 ./LWIP/Target/ethernetif.o
                0x0800fb58                ETH_PHY_IO_Init
 .text.ETH_PHY_IO_DeInit
                0x0800fb6c       0x10 ./LWIP/Target/ethernetif.o
                0x0800fb6c                ETH_PHY_IO_DeInit
 .text.ETH_PHY_IO_ReadReg
                0x0800fb7c       0x34 ./LWIP/Target/ethernetif.o
                0x0800fb7c                ETH_PHY_IO_ReadReg
 .text.ETH_PHY_IO_WriteReg
                0x0800fbb0       0x34 ./LWIP/Target/ethernetif.o
                0x0800fbb0                ETH_PHY_IO_WriteReg
 .text.ETH_PHY_IO_GetTick
                0x0800fbe4        0xe ./LWIP/Target/ethernetif.o
                0x0800fbe4                ETH_PHY_IO_GetTick
 *fill*         0x0800fbf2        0x2 
 .text.ethernet_link_thread
                0x0800fbf4      0x128 ./LWIP/Target/ethernetif.o
                0x0800fbf4                ethernet_link_thread
 .text.HAL_ETH_RxAllocateCallback
                0x0800fd1c       0x60 ./LWIP/Target/ethernetif.o
                0x0800fd1c                HAL_ETH_RxAllocateCallback
 .text.HAL_ETH_RxLinkCallback
                0x0800fd7c       0xd0 ./LWIP/Target/ethernetif.o
                0x0800fd7c                HAL_ETH_RxLinkCallback
 .text.HAL_ETH_TxFreeCallback
                0x0800fe4c       0x16 ./LWIP/Target/ethernetif.o
                0x0800fe4c                HAL_ETH_TxFreeCallback
 *fill*         0x0800fe62        0x2 
 .text.sys_lock_tcpip_core
                0x0800fe64       0x20 ./LWIP/Target/ethernetif.o
                0x0800fe64                sys_lock_tcpip_core
 .text.sys_unlock_tcpip_core
                0x0800fe84       0x1c ./LWIP/Target/ethernetif.o
                0x0800fe84                sys_unlock_tcpip_core
 .text.sys_check_core_locking
                0x0800fea0       0x6c ./LWIP/Target/ethernetif.o
                0x0800fea0                sys_check_core_locking
 .text.sys_mark_tcpip_thread
                0x0800ff0c       0x18 ./LWIP/Target/ethernetif.o
                0x0800ff0c                sys_mark_tcpip_thread
 .text.__NVIC_SetPriority
                0x0800ff24       0x54 ./Middlewares/Third_Party/FreeRTOS/cmsis_os2.o
 .text.SysTick_Handler
                0x0800ff78       0x20 ./Middlewares/Third_Party/FreeRTOS/cmsis_os2.o
                0x0800ff78                SysTick_Handler
 .text.SVC_Setup
                0x0800ff98       0x12 ./Middlewares/Third_Party/FreeRTOS/cmsis_os2.o
 *fill*         0x0800ffaa        0x2 
 .text.osKernelInitialize
                0x0800ffac       0x48 ./Middlewares/Third_Party/FreeRTOS/cmsis_os2.o
                0x0800ffac                osKernelInitialize
 .text.osKernelStart
                0x0800fff4       0x4c ./Middlewares/Third_Party/FreeRTOS/cmsis_os2.o
                0x0800fff4                osKernelStart
 .text.osKernelGetTickCount
                0x08010040       0x2a ./Middlewares/Third_Party/FreeRTOS/cmsis_os2.o
                0x08010040                osKernelGetTickCount
 .text.osThreadNew
                0x0801006a      0x126 ./Middlewares/Third_Party/FreeRTOS/cmsis_os2.o
                0x0801006a                osThreadNew
 .text.osThreadGetId
                0x08010190       0x16 ./Middlewares/Third_Party/FreeRTOS/cmsis_os2.o
                0x08010190                osThreadGetId
 .text.osDelay  0x080101a6       0x36 ./Middlewares/Third_Party/FreeRTOS/cmsis_os2.o
                0x080101a6                osDelay
 .text.osMutexNew
                0x080101dc      0x10c ./Middlewares/Third_Party/FreeRTOS/cmsis_os2.o
                0x080101dc                osMutexNew
 .text.osMutexAcquire
                0x080102e8       0x96 ./Middlewares/Third_Party/FreeRTOS/cmsis_os2.o
                0x080102e8                osMutexAcquire
 .text.osMutexRelease
                0x0801037e       0x7a ./Middlewares/Third_Party/FreeRTOS/cmsis_os2.o
                0x0801037e                osMutexRelease
 .text.osSemaphoreNew
                0x080103f8      0x112 ./Middlewares/Third_Party/FreeRTOS/cmsis_os2.o
                0x080103f8                osSemaphoreNew
 *fill*         0x0801050a        0x2 
 .text.osSemaphoreAcquire
                0x0801050c       0xa4 ./Middlewares/Third_Party/FreeRTOS/cmsis_os2.o
                0x0801050c                osSemaphoreAcquire
 .text.osSemaphoreRelease
                0x080105b0       0x88 ./Middlewares/Third_Party/FreeRTOS/cmsis_os2.o
                0x080105b0                osSemaphoreRelease
 .text.osMessageQueueNew
                0x08010638       0xe6 ./Middlewares/Third_Party/FreeRTOS/cmsis_os2.o
                0x08010638                osMessageQueueNew
 *fill*         0x0801071e        0x2 
 .text.osMessageQueuePut
                0x08010720       0xc0 ./Middlewares/Third_Party/FreeRTOS/cmsis_os2.o
                0x08010720                osMessageQueuePut
 .text.osMessageQueueGet
                0x080107e0       0xbc ./Middlewares/Third_Party/FreeRTOS/cmsis_os2.o
                0x080107e0                osMessageQueueGet
 .text.vApplicationGetIdleTaskMemory
                0x0801089c       0x34 ./Middlewares/Third_Party/FreeRTOS/cmsis_os2.o
                0x0801089c                vApplicationGetIdleTaskMemory
 .text.vApplicationGetTimerTaskMemory
                0x080108d0       0x34 ./Middlewares/Third_Party/FreeRTOS/cmsis_os2.o
                0x080108d0                vApplicationGetTimerTaskMemory
 .text.pvPortMalloc
                0x08010904      0x19c ./Middlewares/Third_Party/FreeRTOS/heap_4.o
                0x08010904                pvPortMalloc
 .text.vPortFree
                0x08010aa0       0xc8 ./Middlewares/Third_Party/FreeRTOS/heap_4.o
                0x08010aa0                vPortFree
 .text.prvHeapInit
                0x08010b68       0xc4 ./Middlewares/Third_Party/FreeRTOS/heap_4.o
 .text.prvInsertBlockIntoFreeList
                0x08010c2c       0xb4 ./Middlewares/Third_Party/FreeRTOS/heap_4.o
 .text.vListInitialise
                0x08010ce0       0x40 ./Middlewares/Third_Party/FreeRTOS/list.o
                0x08010ce0                vListInitialise
 .text.vListInitialiseItem
                0x08010d20       0x1a ./Middlewares/Third_Party/FreeRTOS/list.o
                0x08010d20                vListInitialiseItem
 .text.vListInsertEnd
                0x08010d3a       0x48 ./Middlewares/Third_Party/FreeRTOS/list.o
                0x08010d3a                vListInsertEnd
 .text.vListInsert
                0x08010d82       0x72 ./Middlewares/Third_Party/FreeRTOS/list.o
                0x08010d82                vListInsert
 .text.uxListRemove
                0x08010df4       0x54 ./Middlewares/Third_Party/FreeRTOS/list.o
                0x08010df4                uxListRemove
 .text.pxPortInitialiseStack
                0x08010e48       0x68 ./Middlewares/Third_Party/FreeRTOS/port.o
                0x08010e48                pxPortInitialiseStack
 .text.prvTaskExitError
                0x08010eb0       0x5c ./Middlewares/Third_Party/FreeRTOS/port.o
 *fill*         0x08010f0c        0x4 
 .text.SVC_Handler
                0x08010f10       0x28 ./Middlewares/Third_Party/FreeRTOS/port.o
                0x08010f10                SVC_Handler
 .text.prvPortStartFirstTask
                0x08010f38       0x28 ./Middlewares/Third_Party/FreeRTOS/port.o
 .text.xPortStartScheduler
                0x08010f60      0x148 ./Middlewares/Third_Party/FreeRTOS/port.o
                0x08010f60                xPortStartScheduler
 .text.vPortEnterCritical
                0x080110a8       0x64 ./Middlewares/Third_Party/FreeRTOS/port.o
                0x080110a8                vPortEnterCritical
 .text.vPortExitCritical
                0x0801110c       0x54 ./Middlewares/Third_Party/FreeRTOS/port.o
                0x0801110c                vPortExitCritical
 .text.PendSV_Handler
                0x08011160       0x68 ./Middlewares/Third_Party/FreeRTOS/port.o
                0x08011160                PendSV_Handler
 .text.xPortSysTickHandler
                0x080111c8       0x44 ./Middlewares/Third_Party/FreeRTOS/port.o
                0x080111c8                xPortSysTickHandler
 .text.vPortSetupTimerInterrupt
                0x0801120c       0x48 ./Middlewares/Third_Party/FreeRTOS/port.o
                0x0801120c                vPortSetupTimerInterrupt
 .text.vPortEnableVFP
                0x08011254       0x14 ./Middlewares/Third_Party/FreeRTOS/port.o
 .text.vPortValidateInterruptPriority
                0x08011268       0x84 ./Middlewares/Third_Party/FreeRTOS/port.o
                0x08011268                vPortValidateInterruptPriority
 .text.xQueueGenericReset
                0x080112ec       0xd4 ./Middlewares/Third_Party/FreeRTOS/queue.o
                0x080112ec                xQueueGenericReset
 .text.xQueueGenericCreateStatic
                0x080113c0       0xfa ./Middlewares/Third_Party/FreeRTOS/queue.o
                0x080113c0                xQueueGenericCreateStatic
 .text.xQueueGenericCreate
                0x080114ba       0x76 ./Middlewares/Third_Party/FreeRTOS/queue.o
                0x080114ba                xQueueGenericCreate
 .text.prvInitialiseNewQueue
                0x08011530       0x46 ./Middlewares/Third_Party/FreeRTOS/queue.o
 .text.prvInitialiseMutex
                0x08011576       0x34 ./Middlewares/Third_Party/FreeRTOS/queue.o
 .text.xQueueCreateMutex
                0x080115aa       0x30 ./Middlewares/Third_Party/FreeRTOS/queue.o
                0x080115aa                xQueueCreateMutex
 .text.xQueueCreateMutexStatic
                0x080115da       0x36 ./Middlewares/Third_Party/FreeRTOS/queue.o
                0x080115da                xQueueCreateMutexStatic
 .text.xQueueGiveMutexRecursive
                0x08011610       0x6a ./Middlewares/Third_Party/FreeRTOS/queue.o
                0x08011610                xQueueGiveMutexRecursive
 .text.xQueueTakeMutexRecursive
                0x0801167a       0x6e ./Middlewares/Third_Party/FreeRTOS/queue.o
                0x0801167a                xQueueTakeMutexRecursive
 .text.xQueueCreateCountingSemaphoreStatic
                0x080116e8       0x72 ./Middlewares/Third_Party/FreeRTOS/queue.o
                0x080116e8                xQueueCreateCountingSemaphoreStatic
 .text.xQueueCreateCountingSemaphore
                0x0801175a       0x6a ./Middlewares/Third_Party/FreeRTOS/queue.o
                0x0801175a                xQueueCreateCountingSemaphore
 .text.xQueueGenericSend
                0x080117c4      0x204 ./Middlewares/Third_Party/FreeRTOS/queue.o
                0x080117c4                xQueueGenericSend
 .text.xQueueGenericSendFromISR
                0x080119c8      0x13c ./Middlewares/Third_Party/FreeRTOS/queue.o
                0x080119c8                xQueueGenericSendFromISR
 .text.xQueueGiveFromISR
                0x08011b04      0x120 ./Middlewares/Third_Party/FreeRTOS/queue.o
                0x08011b04                xQueueGiveFromISR
 .text.xQueueReceive
                0x08011c24      0x1c4 ./Middlewares/Third_Party/FreeRTOS/queue.o
                0x08011c24                xQueueReceive
 .text.xQueueSemaphoreTake
                0x08011de8      0x220 ./Middlewares/Third_Party/FreeRTOS/queue.o
                0x08011de8                xQueueSemaphoreTake
 .text.xQueueReceiveFromISR
                0x08012008      0x104 ./Middlewares/Third_Party/FreeRTOS/queue.o
                0x08012008                xQueueReceiveFromISR
 .text.vQueueDelete
                0x0801210c       0x48 ./Middlewares/Third_Party/FreeRTOS/queue.o
                0x0801210c                vQueueDelete
 .text.prvGetDisinheritPriorityAfterTimeout
                0x08012154       0x30 ./Middlewares/Third_Party/FreeRTOS/queue.o
 .text.prvCopyDataToQueue
                0x08012184       0xd4 ./Middlewares/Third_Party/FreeRTOS/queue.o
 .text.prvCopyDataFromQueue
                0x08012258       0x4c ./Middlewares/Third_Party/FreeRTOS/queue.o
 .text.prvUnlockQueue
                0x080122a4       0xa4 ./Middlewares/Third_Party/FreeRTOS/queue.o
 .text.prvIsQueueEmpty
                0x08012348       0x2c ./Middlewares/Third_Party/FreeRTOS/queue.o
 .text.prvIsQueueFull
                0x08012374       0x30 ./Middlewares/Third_Party/FreeRTOS/queue.o
 .text.vQueueAddToRegistry
                0x080123a4       0x54 ./Middlewares/Third_Party/FreeRTOS/queue.o
                0x080123a4                vQueueAddToRegistry
 .text.vQueueUnregisterQueue
                0x080123f8       0x54 ./Middlewares/Third_Party/FreeRTOS/queue.o
                0x080123f8                vQueueUnregisterQueue
 .text.vQueueWaitForMessageRestricted
                0x0801244c       0x68 ./Middlewares/Third_Party/FreeRTOS/queue.o
                0x0801244c                vQueueWaitForMessageRestricted
 .text.xTaskCreateStatic
                0x080124b4       0xc0 ./Middlewares/Third_Party/FreeRTOS/tasks.o
                0x080124b4                xTaskCreateStatic
 .text.xTaskCreate
                0x08012574       0x8a ./Middlewares/Third_Party/FreeRTOS/tasks.o
                0x08012574                xTaskCreate
 *fill*         0x080125fe        0x2 
 .text.prvInitialiseNewTask
                0x08012600      0x150 ./Middlewares/Third_Party/FreeRTOS/tasks.o
 .text.prvAddNewTaskToReadyList
                0x08012750       0xe0 ./Middlewares/Third_Party/FreeRTOS/tasks.o
 .text.vTaskDelay
                0x08012830       0x6c ./Middlewares/Third_Party/FreeRTOS/tasks.o
                0x08012830                vTaskDelay
 .text.vTaskStartScheduler
                0x0801289c       0xe0 ./Middlewares/Third_Party/FreeRTOS/tasks.o
                0x0801289c                vTaskStartScheduler
 .text.vTaskSuspendAll
                0x0801297c       0x1c ./Middlewares/Third_Party/FreeRTOS/tasks.o
                0x0801297c                vTaskSuspendAll
 .text.xTaskResumeAll
                0x08012998      0x13c ./Middlewares/Third_Party/FreeRTOS/tasks.o
                0x08012998                xTaskResumeAll
 .text.xTaskGetTickCount
                0x08012ad4       0x20 ./Middlewares/Third_Party/FreeRTOS/tasks.o
                0x08012ad4                xTaskGetTickCount
 .text.xTaskGetTickCountFromISR
                0x08012af4       0x24 ./Middlewares/Third_Party/FreeRTOS/tasks.o
                0x08012af4                xTaskGetTickCountFromISR
 .text.xTaskIncrementTick
                0x08012b18      0x174 ./Middlewares/Third_Party/FreeRTOS/tasks.o
                0x08012b18                xTaskIncrementTick
 .text.vTaskSwitchContext
                0x08012c8c       0xcc ./Middlewares/Third_Party/FreeRTOS/tasks.o
                0x08012c8c                vTaskSwitchContext
 .text.vTaskPlaceOnEventList
                0x08012d58       0x4c ./Middlewares/Third_Party/FreeRTOS/tasks.o
                0x08012d58                vTaskPlaceOnEventList
 .text.vTaskPlaceOnEventListRestricted
                0x08012da4       0x58 ./Middlewares/Third_Party/FreeRTOS/tasks.o
                0x08012da4                vTaskPlaceOnEventListRestricted
 .text.xTaskRemoveFromEventList
                0x08012dfc       0xc8 ./Middlewares/Third_Party/FreeRTOS/tasks.o
                0x08012dfc                xTaskRemoveFromEventList
 .text.vTaskInternalSetTimeOutState
                0x08012ec4       0x2c ./Middlewares/Third_Party/FreeRTOS/tasks.o
                0x08012ec4                vTaskInternalSetTimeOutState
 .text.xTaskCheckForTimeOut
                0x08012ef0       0xc8 ./Middlewares/Third_Party/FreeRTOS/tasks.o
                0x08012ef0                xTaskCheckForTimeOut
 .text.vTaskMissedYield
                0x08012fb8       0x18 ./Middlewares/Third_Party/FreeRTOS/tasks.o
                0x08012fb8                vTaskMissedYield
 .text.prvIdleTask
                0x08012fd0       0x30 ./Middlewares/Third_Party/FreeRTOS/tasks.o
 .text.prvInitialiseTaskLists
                0x08013000       0x80 ./Middlewares/Third_Party/FreeRTOS/tasks.o
 .text.prvCheckTasksWaitingTermination
                0x08013080       0x5c ./Middlewares/Third_Party/FreeRTOS/tasks.o
 .text.prvDeleteTCB
                0x080130dc       0x6a ./Middlewares/Third_Party/FreeRTOS/tasks.o
 *fill*         0x08013146        0x2 
 .text.prvResetNextTaskUnblockTime
                0x08013148       0x40 ./Middlewares/Third_Party/FreeRTOS/tasks.o
 .text.xTaskGetCurrentTaskHandle
                0x08013188       0x20 ./Middlewares/Third_Party/FreeRTOS/tasks.o
                0x08013188                xTaskGetCurrentTaskHandle
 .text.xTaskGetSchedulerState
                0x080131a8       0x3c ./Middlewares/Third_Party/FreeRTOS/tasks.o
                0x080131a8                xTaskGetSchedulerState
 .text.xTaskPriorityInherit
                0x080131e4       0xd0 ./Middlewares/Third_Party/FreeRTOS/tasks.o
                0x080131e4                xTaskPriorityInherit
 .text.xTaskPriorityDisinherit
                0x080132b4       0xe0 ./Middlewares/Third_Party/FreeRTOS/tasks.o
                0x080132b4                xTaskPriorityDisinherit
 .text.vTaskPriorityDisinheritAfterTimeout
                0x08013394      0x108 ./Middlewares/Third_Party/FreeRTOS/tasks.o
                0x08013394                vTaskPriorityDisinheritAfterTimeout
 .text.pvTaskIncrementMutexHeldCount
                0x0801349c       0x28 ./Middlewares/Third_Party/FreeRTOS/tasks.o
                0x0801349c                pvTaskIncrementMutexHeldCount
 .text.prvAddCurrentTaskToDelayedList
                0x080134c4       0xa8 ./Middlewares/Third_Party/FreeRTOS/tasks.o
 .text.xTimerCreateTimerTask
                0x0801356c       0x94 ./Middlewares/Third_Party/FreeRTOS/timers.o
                0x0801356c                xTimerCreateTimerTask
 .text.xTimerGenericCommand
                0x08013600       0x9c ./Middlewares/Third_Party/FreeRTOS/timers.o
                0x08013600                xTimerGenericCommand
 .text.prvProcessExpiredTimer
                0x0801369c       0x9c ./Middlewares/Third_Party/FreeRTOS/timers.o
 .text.prvTimerTask
                0x08013738       0x26 ./Middlewares/Third_Party/FreeRTOS/timers.o
 *fill*         0x0801375e        0x2 
 .text.prvProcessTimerOrBlockTask
                0x08013760       0x9c ./Middlewares/Third_Party/FreeRTOS/timers.o
 .text.prvGetNextExpireTime
                0x080137fc       0x48 ./Middlewares/Third_Party/FreeRTOS/timers.o
 .text.prvSampleTimeNow
                0x08013844       0x40 ./Middlewares/Third_Party/FreeRTOS/timers.o
 .text.prvInsertTimerInActiveList
                0x08013884       0x84 ./Middlewares/Third_Party/FreeRTOS/timers.o
 .text.prvProcessReceivedCommands
                0x08013908      0x1cc ./Middlewares/Third_Party/FreeRTOS/timers.o
 .text.prvSwitchTimerLists
                0x08013ad4       0xcc ./Middlewares/Third_Party/FreeRTOS/timers.o
 .text.prvCheckForValidListAndQueue
                0x08013ba0       0x80 ./Middlewares/Third_Party/FreeRTOS/timers.o
 .text.netconn_apimsg
                0x08013c20       0x3a ./Middlewares/Third_Party/LwIP/api_lib.o
 .text.netconn_sendto
                0x08013c5a       0x44 ./Middlewares/Third_Party/LwIP/api_lib.o
                0x08013c5a                netconn_sendto
 *fill*         0x08013c9e        0x2 
 .text.netconn_send
                0x08013ca0       0x5c ./Middlewares/Third_Party/LwIP/api_lib.o
                0x08013ca0                netconn_send
 .text.netconn_err
                0x08013cfc       0x36 ./Middlewares/Third_Party/LwIP/api_lib.o
                0x08013cfc                netconn_err
 .text.lwip_netconn_do_send
                0x08013d32       0x9a ./Middlewares/Third_Party/LwIP/api_msg.o
                0x08013d32                lwip_netconn_do_send
 .text.lwip_htons
                0x08013dcc       0x2a ./Middlewares/Third_Party/LwIP/def.o
                0x08013dcc                lwip_htons
 .text.lwip_htonl
                0x08013df6       0x32 ./Middlewares/Third_Party/LwIP/def.o
                0x08013df6                lwip_htonl
 .text.etharp_free_entry
                0x08013e28       0x64 ./Middlewares/Third_Party/LwIP/etharp.o
 .text.etharp_tmr
                0x08013e8c      0x150 ./Middlewares/Third_Party/LwIP/etharp.o
                0x08013e8c                etharp_tmr
 .text.etharp_find_entry
                0x08013fdc      0x2f0 ./Middlewares/Third_Party/LwIP/etharp.o
 .text.etharp_update_arp_entry
                0x080142cc      0x14c ./Middlewares/Third_Party/LwIP/etharp.o
 .text.etharp_cleanup_netif
                0x08014418       0x60 ./Middlewares/Third_Party/LwIP/etharp.o
                0x08014418                etharp_cleanup_netif
 .text.etharp_input
                0x08014478      0x118 ./Middlewares/Third_Party/LwIP/etharp.o
                0x08014478                etharp_input
 .text.etharp_output_to_arp_index
                0x08014590      0x134 ./Middlewares/Third_Party/LwIP/etharp.o
 .text.etharp_output
                0x080146c4      0x208 ./Middlewares/Third_Party/LwIP/etharp.o
                0x080146c4                etharp_output
 .text.etharp_query
                0x080148cc      0x27c ./Middlewares/Third_Party/LwIP/etharp.o
                0x080148cc                etharp_query
 .text.etharp_raw
                0x08014b48      0x118 ./Middlewares/Third_Party/LwIP/etharp.o
 .text.etharp_request_dst
                0x08014c60       0x44 ./Middlewares/Third_Party/LwIP/etharp.o
 .text.etharp_request
                0x08014ca4       0x24 ./Middlewares/Third_Party/LwIP/etharp.o
                0x08014ca4                etharp_request
 .text.ethernet_input
                0x08014cc8      0x120 ./Middlewares/Third_Party/LwIP/ethernet.o
                0x08014cc8                ethernet_input
 .text.ethernet_output
                0x08014de8       0x94 ./Middlewares/Third_Party/LwIP/ethernet.o
                0x08014de8                ethernet_output
 .text.icmp_input
                0x08014e7c      0x23c ./Middlewares/Third_Party/LwIP/icmp.o
                0x08014e7c                icmp_input
 .text.icmp_dest_unreach
                0x080150b8       0x20 ./Middlewares/Third_Party/LwIP/icmp.o
                0x080150b8                icmp_dest_unreach
 .text.icmp_time_exceeded
                0x080150d8       0x20 ./Middlewares/Third_Party/LwIP/icmp.o
                0x080150d8                icmp_time_exceeded
 .text.icmp_send_response
                0x080150f8       0xe8 ./Middlewares/Third_Party/LwIP/icmp.o
 .text.lwip_standard_chksum
                0x080151e0       0xba ./Middlewares/Third_Party/LwIP/inet_chksum.o
                0x080151e0                lwip_standard_chksum
 .text.inet_chksum
                0x0801529a       0x24 ./Middlewares/Third_Party/LwIP/inet_chksum.o
                0x0801529a                inet_chksum
 .text.inet_chksum_pbuf
                0x080152be       0x9a ./Middlewares/Third_Party/LwIP/inet_chksum.o
                0x080152be                inet_chksum_pbuf
 .text.lwip_init
                0x08015358       0x2e ./Middlewares/Third_Party/LwIP/init.o
                0x08015358                lwip_init
 *fill*         0x08015386        0x2 
 .text.ip4_route
                0x08015388       0xe0 ./Middlewares/Third_Party/LwIP/ip4.o
                0x08015388                ip4_route
 .text.ip4_input_accept
                0x08015468       0x54 ./Middlewares/Third_Party/LwIP/ip4.o
 .text.ip4_input
                0x080154bc      0x24c ./Middlewares/Third_Party/LwIP/ip4.o
                0x080154bc                ip4_input
 .text.ip4_output_if
                0x08015708       0x54 ./Middlewares/Third_Party/LwIP/ip4.o
                0x08015708                ip4_output_if
 .text.ip4_output_if_src
                0x0801575c      0x160 ./Middlewares/Third_Party/LwIP/ip4.o
                0x0801575c                ip4_output_if_src
 .text.ip4_addr_isbroadcast_u32
                0x080158bc       0x82 ./Middlewares/Third_Party/LwIP/ip4_addr.o
                0x080158bc                ip4_addr_isbroadcast_u32
 *fill*         0x0801593e        0x2 
 .text.ip_reass_tmr
                0x08015940       0x58 ./Middlewares/Third_Party/LwIP/ip4_frag.o
                0x08015940                ip_reass_tmr
 .text.ip_reass_free_complete_datagram
                0x08015998      0x148 ./Middlewares/Third_Party/LwIP/ip4_frag.o
 .text.ip_reass_remove_oldest_datagram
                0x08015ae0       0xc4 ./Middlewares/Third_Party/LwIP/ip4_frag.o
 .text.ip_reass_enqueue_new_datagram
                0x08015ba4       0x74 ./Middlewares/Third_Party/LwIP/ip4_frag.o
 .text.ip_reass_dequeue_datagram
                0x08015c18       0x5c ./Middlewares/Third_Party/LwIP/ip4_frag.o
 .text.ip_reass_chain_frag_into_datagram_and_validate
                0x08015c74      0x2d4 ./Middlewares/Third_Party/LwIP/ip4_frag.o
 .text.ip4_reass
                0x08015f48      0x338 ./Middlewares/Third_Party/LwIP/ip4_frag.o
                0x08015f48                ip4_reass
 .text.ip_frag_alloc_pbuf_custom_ref
                0x08016280       0x10 ./Middlewares/Third_Party/LwIP/ip4_frag.o
 .text.ip_frag_free_pbuf_custom_ref
                0x08016290       0x38 ./Middlewares/Third_Party/LwIP/ip4_frag.o
 .text.ipfrag_free_pbuf_custom
                0x080162c8       0x68 ./Middlewares/Third_Party/LwIP/ip4_frag.o
 .text.ip4_frag
                0x08016330      0x28c ./Middlewares/Third_Party/LwIP/ip4_frag.o
                0x08016330                ip4_frag
 .text.ptr_to_mem
                0x080165bc       0x20 ./Middlewares/Third_Party/LwIP/mem.o
 .text.mem_to_ptr
                0x080165dc       0x20 ./Middlewares/Third_Party/LwIP/mem.o
 .text.plug_holes
                0x080165fc      0x148 ./Middlewares/Third_Party/LwIP/mem.o
 .text.mem_init
                0x08016744       0x98 ./Middlewares/Third_Party/LwIP/mem.o
                0x08016744                mem_init
 .text.mem_link_valid
                0x080167dc       0x7c ./Middlewares/Third_Party/LwIP/mem.o
 .text.mem_free
                0x08016858      0x120 ./Middlewares/Third_Party/LwIP/mem.o
                0x08016858                mem_free
 .text.mem_trim
                0x08016978      0x204 ./Middlewares/Third_Party/LwIP/mem.o
                0x08016978                mem_trim
 .text.mem_malloc
                0x08016b7c      0x1fc ./Middlewares/Third_Party/LwIP/mem.o
                0x08016b7c                mem_malloc
 .text.mem_calloc
                0x08016d78       0x36 ./Middlewares/Third_Party/LwIP/mem.o
                0x08016d78                mem_calloc
 .text.memp_init_pool
                0x08016dae       0x60 ./Middlewares/Third_Party/LwIP/memp.o
                0x08016dae                memp_init_pool
 *fill*         0x08016e0e        0x2 
 .text.memp_init
                0x08016e10       0x34 ./Middlewares/Third_Party/LwIP/memp.o
                0x08016e10                memp_init
 .text.do_memp_malloc_pool
                0x08016e44       0x64 ./Middlewares/Third_Party/LwIP/memp.o
 .text.memp_malloc_pool
                0x08016ea8       0x44 ./Middlewares/Third_Party/LwIP/memp.o
                0x08016ea8                memp_malloc_pool
 .text.memp_malloc
                0x08016eec       0x4c ./Middlewares/Third_Party/LwIP/memp.o
                0x08016eec                memp_malloc
 .text.do_memp_free_pool
                0x08016f38       0x58 ./Middlewares/Third_Party/LwIP/memp.o
 .text.memp_free_pool
                0x08016f90       0x48 ./Middlewares/Third_Party/LwIP/memp.o
                0x08016f90                memp_free_pool
 .text.memp_free
                0x08016fd8       0x54 ./Middlewares/Third_Party/LwIP/memp.o
                0x08016fd8                memp_free
 .text.msg_generate_packet_id
                0x0801702c       0x38 ./Middlewares/Third_Party/LwIP/mqtt.o
 .text.mqtt_ringbuf_put
                0x08017064       0x42 ./Middlewares/Third_Party/LwIP/mqtt.o
 .text.mqtt_ringbuf_get_ptr
                0x080170a6       0x20 ./Middlewares/Third_Party/LwIP/mqtt.o
 *fill*         0x080170c6        0x2 
 .text.mqtt_ringbuf_advance_get_idx
                0x080170c8       0x5c ./Middlewares/Third_Party/LwIP/mqtt.o
 .text.mqtt_ringbuf_len
                0x08017124       0x36 ./Middlewares/Third_Party/LwIP/mqtt.o
 *fill*         0x0801715a        0x2 
 .text.mqtt_output_send
                0x0801715c      0x168 ./Middlewares/Third_Party/LwIP/mqtt.o
 .text.mqtt_create_request
                0x080172c4       0x8c ./Middlewares/Third_Party/LwIP/mqtt.o
 .text.mqtt_append_request
                0x08017350       0x98 ./Middlewares/Third_Party/LwIP/mqtt.o
 .text.mqtt_delete_request
                0x080173e8       0x20 ./Middlewares/Third_Party/LwIP/mqtt.o
 .text.mqtt_take_request
                0x08017408       0xa4 ./Middlewares/Third_Party/LwIP/mqtt.o
 .text.mqtt_request_time_elapsed
                0x080174ac       0xa4 ./Middlewares/Third_Party/LwIP/mqtt.o
 .text.mqtt_clear_requests
                0x08017550       0x54 ./Middlewares/Third_Party/LwIP/mqtt.o
 .text.mqtt_init_requests
                0x080175a4       0x5c ./Middlewares/Third_Party/LwIP/mqtt.o
 .text.mqtt_output_append_u8
                0x08017600       0x1e ./Middlewares/Third_Party/LwIP/mqtt.o
 .text.mqtt_output_append_u16
                0x0801761e       0x30 ./Middlewares/Third_Party/LwIP/mqtt.o
 .text.mqtt_output_append_buf
                0x0801764e       0x3c ./Middlewares/Third_Party/LwIP/mqtt.o
 .text.mqtt_output_append_string
                0x0801768a       0x58 ./Middlewares/Third_Party/LwIP/mqtt.o
 .text.mqtt_output_append_fixed_header
                0x080176e2       0x94 ./Middlewares/Third_Party/LwIP/mqtt.o
 *fill*         0x08017776        0x2 
 .text.mqtt_output_check_space
                0x08017778       0x64 ./Middlewares/Third_Party/LwIP/mqtt.o
 .text.mqtt_close
                0x080177dc       0xc0 ./Middlewares/Third_Party/LwIP/mqtt.o
 .text.mqtt_cyclic_timer
                0x0801789c      0x120 ./Middlewares/Third_Party/LwIP/mqtt.o
 .text.pub_ack_rec_rel_response
                0x080179bc       0x7e ./Middlewares/Third_Party/LwIP/mqtt.o
 .text.mqtt_incomming_suback
                0x08017a3a       0x36 ./Middlewares/Third_Party/LwIP/mqtt.o
 .text.mqtt_message_received
                0x08017a70      0x37c ./Middlewares/Third_Party/LwIP/mqtt.o
 .text.mqtt_parse_incoming
                0x08017dec      0x1c4 ./Middlewares/Third_Party/LwIP/mqtt.o
 .text.mqtt_tcp_recv_cb
                0x08017fb0       0xbc ./Middlewares/Third_Party/LwIP/mqtt.o
 .text.mqtt_tcp_sent_cb
                0x0801806c       0x74 ./Middlewares/Third_Party/LwIP/mqtt.o
 .text.mqtt_tcp_err_cb
                0x080180e0       0x48 ./Middlewares/Third_Party/LwIP/mqtt.o
 .text.mqtt_tcp_poll_cb
                0x08018128       0x2e ./Middlewares/Third_Party/LwIP/mqtt.o
 *fill*         0x08018156        0x2 
 .text.mqtt_tcp_connect_cb
                0x08018158       0x88 ./Middlewares/Third_Party/LwIP/mqtt.o
 .text.mqtt_publish
                0x080181e0      0x1b4 ./Middlewares/Third_Party/LwIP/mqtt.o
                0x080181e0                mqtt_publish
 .text.mqtt_sub_unsub
                0x08018394      0x1b4 ./Middlewares/Third_Party/LwIP/mqtt.o
                0x08018394                mqtt_sub_unsub
 .text.mqtt_set_inpub_callback
                0x08018548       0x54 ./Middlewares/Third_Party/LwIP/mqtt.o
                0x08018548                mqtt_set_inpub_callback
 .text.mqtt_client_new
                0x0801859c       0x18 ./Middlewares/Third_Party/LwIP/mqtt.o
                0x0801859c                mqtt_client_new
 .text.mqtt_client_connect
                0x080185b4      0x504 ./Middlewares/Third_Party/LwIP/mqtt.o
                0x080185b4                mqtt_client_connect
 .text.mqtt_client_is_connected
                0x08018ab8       0x44 ./Middlewares/Third_Party/LwIP/mqtt.o
                0x08018ab8                mqtt_client_is_connected
 .text.netbuf_new
                0x08018afc       0x28 ./Middlewares/Third_Party/LwIP/netbuf.o
                0x08018afc                netbuf_new
 .text.netbuf_delete
                0x08018b24       0x3e ./Middlewares/Third_Party/LwIP/netbuf.o
                0x08018b24                netbuf_delete
 *fill*         0x08018b62        0x2 
 .text.netbuf_alloc
                0x08018b64       0x94 ./Middlewares/Third_Party/LwIP/netbuf.o
                0x08018b64                netbuf_alloc
 .text.netbuf_ref
                0x08018bf8       0x94 ./Middlewares/Third_Party/LwIP/netbuf.o
                0x08018bf8                netbuf_ref
 .text.netif_init
                0x08018c8c        0xe ./Middlewares/Third_Party/LwIP/netif.o
                0x08018c8c                netif_init
 *fill*         0x08018c9a        0x2 
 .text.netif_add
                0x08018c9c      0x1a0 ./Middlewares/Third_Party/LwIP/netif.o
                0x08018c9c                netif_add
 .text.netif_do_ip_addr_changed
                0x08018e3c       0x22 ./Middlewares/Third_Party/LwIP/netif.o
 *fill*         0x08018e5e        0x2 
 .text.netif_do_set_ipaddr
                0x08018e60       0x94 ./Middlewares/Third_Party/LwIP/netif.o
 .text.netif_do_set_netmask
                0x08018ef4       0x3e ./Middlewares/Third_Party/LwIP/netif.o
 .text.netif_do_set_gw
                0x08018f32       0x3e ./Middlewares/Third_Party/LwIP/netif.o
 .text.netif_set_addr
                0x08018f70       0x98 ./Middlewares/Third_Party/LwIP/netif.o
                0x08018f70                netif_set_addr
 .text.netif_set_default
                0x08019008       0x20 ./Middlewares/Third_Party/LwIP/netif.o
                0x08019008                netif_set_default
 .text.netif_set_up
                0x08019028       0x5c ./Middlewares/Third_Party/LwIP/netif.o
                0x08019028                netif_set_up
 .text.netif_issue_reports
                0x08019084       0x80 ./Middlewares/Third_Party/LwIP/netif.o
 .text.netif_set_down
                0x08019104       0x68 ./Middlewares/Third_Party/LwIP/netif.o
                0x08019104                netif_set_down
 .text.netif_set_link_up
                0x0801916c       0x6c ./Middlewares/Third_Party/LwIP/netif.o
                0x0801916c                netif_set_link_up
 .text.netif_set_link_down
                0x080191d8       0x64 ./Middlewares/Third_Party/LwIP/netif.o
                0x080191d8                netif_set_link_down
 .text.netif_set_link_callback
                0x0801923c       0x22 ./Middlewares/Third_Party/LwIP/netif.o
                0x0801923c                netif_set_link_callback
 .text.netif_null_output_ip4
                0x0801925e       0x1c ./Middlewares/Third_Party/LwIP/netif.o
 *fill*         0x0801927a        0x2 
 .text.netif_get_by_index
                0x0801927c       0x4c ./Middlewares/Third_Party/LwIP/netif.o
                0x0801927c                netif_get_by_index
 .text.pbuf_free_ooseq
                0x080192c8       0x4c ./Middlewares/Third_Party/LwIP/pbuf.o
 .text.pbuf_free_ooseq_callback
                0x08019314       0x14 ./Middlewares/Third_Party/LwIP/pbuf.o
 .text.pbuf_pool_is_empty
                0x08019328       0x54 ./Middlewares/Third_Party/LwIP/pbuf.o
 .text.pbuf_init_alloced_pbuf
                0x0801937c       0x54 ./Middlewares/Third_Party/LwIP/pbuf.o
 .text.pbuf_alloc
                0x080193d0      0x1ec ./Middlewares/Third_Party/LwIP/pbuf.o
                0x080193d0                pbuf_alloc
 .text.pbuf_alloc_reference
                0x080195bc       0x68 ./Middlewares/Third_Party/LwIP/pbuf.o
                0x080195bc                pbuf_alloc_reference
 .text.pbuf_alloced_custom
                0x08019624       0x68 ./Middlewares/Third_Party/LwIP/pbuf.o
                0x08019624                pbuf_alloced_custom
 .text.pbuf_realloc
                0x0801968c      0x10c ./Middlewares/Third_Party/LwIP/pbuf.o
                0x0801968c                pbuf_realloc
 .text.pbuf_add_header_impl
                0x08019798       0xd0 ./Middlewares/Third_Party/LwIP/pbuf.o
 .text.pbuf_add_header
                0x08019868       0x1e ./Middlewares/Third_Party/LwIP/pbuf.o
                0x08019868                pbuf_add_header
 *fill*         0x08019886        0x2 
 .text.pbuf_remove_header
                0x08019888       0xa4 ./Middlewares/Third_Party/LwIP/pbuf.o
                0x08019888                pbuf_remove_header
 .text.pbuf_header_impl
                0x0801992c       0x42 ./Middlewares/Third_Party/LwIP/pbuf.o
 .text.pbuf_header_force
                0x0801996e       0x24 ./Middlewares/Third_Party/LwIP/pbuf.o
                0x0801996e                pbuf_header_force
 *fill*         0x08019992        0x2 
 .text.pbuf_free
                0x08019994      0x11c ./Middlewares/Third_Party/LwIP/pbuf.o
                0x08019994                pbuf_free
 .text.pbuf_clen
                0x08019ab0       0x2e ./Middlewares/Third_Party/LwIP/pbuf.o
                0x08019ab0                pbuf_clen
 *fill*         0x08019ade        0x2 
 .text.pbuf_ref
                0x08019ae0       0x50 ./Middlewares/Third_Party/LwIP/pbuf.o
                0x08019ae0                pbuf_ref
 .text.pbuf_cat
                0x08019b30       0xac ./Middlewares/Third_Party/LwIP/pbuf.o
                0x08019b30                pbuf_cat
 .text.pbuf_chain
                0x08019bdc       0x20 ./Middlewares/Third_Party/LwIP/pbuf.o
                0x08019bdc                pbuf_chain
 .text.pbuf_copy
                0x08019bfc      0x1a4 ./Middlewares/Third_Party/LwIP/pbuf.o
                0x08019bfc                pbuf_copy
 .text.pbuf_copy_partial
                0x08019da0       0xe4 ./Middlewares/Third_Party/LwIP/pbuf.o
                0x08019da0                pbuf_copy_partial
 .text.pbuf_skip_const
                0x08019e84       0x52 ./Middlewares/Third_Party/LwIP/pbuf.o
 *fill*         0x08019ed6        0x2 
 .text.pbuf_clone
                0x08019ed8       0x64 ./Middlewares/Third_Party/LwIP/pbuf.o