../LWIP/Target/ethernetif.c:758:9:ETH_PHY_IO_DeInit	0	static
../LWIP/Target/ethernetif.c:401:14:low_level_output	72	static
../LWIP/Target/ethernetif.c:801:9:ETH_PHY_IO_GetTick	0	static
../LWIP/Target/ethernetif.c:741:9:ETH_PHY_IO_Init	8	static
../LWIP/Target/ethernetif.c:770:9:ETH_PHY_IO_ReadReg	8	static
../LWIP/Target/ethernetif.c:787:9:ETH_PHY_IO_WriteReg	8	static
../LWIP/Target/ethernetif.c:602:6:pbuf_free_custom	8	static
../LWIP/Target/ethernetif.c:494:6:ethernetif_input	40	static
../LWIP/Target/ethernetif.c:171:6:HAL_ETH_RxCpltCallback	0	static
../LWIP/Target/ethernetif.c:180:6:HAL_ETH_TxCpltCallback	0	static
../LWIP/Target/ethernetif.c:189:6:HAL_ETH_ErrorCallback	8	static
../LWIP/Target/ethernetif.c:551:7:ethernetif_init	168	static
../LWIP/Target/ethernetif.c:625:7:sys_now	0	static
../LWIP/Target/ethernetif.c:638:6:HAL_ETH_MspInit	72	static
../LWIP/Target/ethernetif.c:695:6:HAL_ETH_MspDeInit	8	static
../LWIP/Target/ethernetif.c:887:6:HAL_ETH_RxAllocateCallback	16	static
../LWIP/Target/ethernetif.c:909:6:HAL_ETH_RxLinkCallback	12	static,ignoring_inline_asm
../LWIP/Target/ethernetif.c:949:6:HAL_ETH_TxFreeCallback	0	static
../LWIP/Target/ethernetif.c:964:6:sys_lock_tcpip_core	8	static
../LWIP/Target/ethernetif.c:969:6:sys_unlock_tcpip_core	0	static
../LWIP/Target/ethernetif.c:810:6:ethernet_link_thread	136	static
../LWIP/Target/ethernetif.c:974:6:sys_check_core_locking	8	static
../LWIP/Target/ethernetif.c:995:6:sys_mark_tcpip_thread	8	static
